Component: ARM Compiler 5.06 update 1 (build 61) Tool: armlink [4d35a8]

==============================================================================

Section Cross References

    startup_stm32f37x.o(RESET) refers to startup_stm32f37x.o(STACK) for __initial_sp
    startup_stm32f37x.o(RESET) refers to startup_stm32f37x.o(.text) for Reset_Handler
    startup_stm32f37x.o(RESET) refers to stm32f37x_it.o(i.NMI_Handler) for NMI_Handler
    startup_stm32f37x.o(RESET) refers to stm32f37x_it.o(i.HardFault_Handler) for HardFault_Handler
    startup_stm32f37x.o(RESET) refers to stm32f37x_it.o(i.MemManage_Handler) for MemManage_Handler
    startup_stm32f37x.o(RESET) refers to stm32f37x_it.o(i.BusFault_Handler) for BusFault_Handler
    startup_stm32f37x.o(RESET) refers to stm32f37x_it.o(i.UsageFault_Handler) for UsageFault_Handler
    startup_stm32f37x.o(RESET) refers to stm32f37x_it.o(i.SVC_Handler) for SVC_Handler
    startup_stm32f37x.o(RESET) refers to stm32f37x_it.o(i.DebugMon_Handler) for DebugMon_Handler
    startup_stm32f37x.o(RESET) refers to stm32f37x_it.o(i.PendSV_Handler) for PendSV_Handler
    startup_stm32f37x.o(RESET) refers to stm32f37x_it.o(i.SysTick_Handler) for SysTick_Handler
    startup_stm32f37x.o(RESET) refers to stm32f37x_it.o(i.EXTI4_IRQHandler) for EXTI4_IRQHandler
    startup_stm32f37x.o(RESET) refers to time.o(i.TIM3_IRQHandler) for TIM3_IRQHandler
    startup_stm32f37x.o(RESET) refers to stm32f37x_it.o(i.SDADC1_IRQHandler) for SDADC1_IRQHandler
    startup_stm32f37x.o(.text) refers to system_stm32f37x.o(i.SystemInit) for SystemInit
    startup_stm32f37x.o(.text) refers to entry.o(.ARM.Collect$$$$00000000) for __main
    stm32f37x_it.o(i.EXTI4_IRQHandler) refers to stm32f37x_exti.o(i.EXTI_GetITStatus) for EXTI_GetITStatus
    stm32f37x_it.o(i.EXTI4_IRQHandler) refers to stm32f37x_tim.o(i.TIM_Cmd) for TIM_Cmd
    stm32f37x_it.o(i.EXTI4_IRQHandler) refers to stm32f37x_exti.o(i.EXTI_ClearITPendingBit) for EXTI_ClearITPendingBit
    stm32f37x_it.o(i.EXTI4_IRQHandler) refers to stm32f37x_it.o(.data) for first
    stm32f37x_it.o(i.EXTI4_IRQHandler) refers to time.o(.data) for osc_count
    stm32f37x_it.o(i.EXTI4_IRQHandler) refers to stm32f37x_it.o(.bss) for H_timestamp
    stm32f37x_it.o(i.SDADC1_IRQHandler) refers to stm32f37x_sdadc.o(i.SDADC_GetFlagStatus) for SDADC_GetFlagStatus
    stm32f37x_it.o(i.SDADC1_IRQHandler) refers to stm32f37x_sdadc.o(i.SDADC_GetInjectedConversionValue) for SDADC_GetInjectedConversionValue
    stm32f37x_it.o(i.SDADC1_IRQHandler) refers to memcpya.o(.text) for __aeabi_memcpy
    stm32f37x_it.o(i.SDADC1_IRQHandler) refers to stm32f37x_it.o(.data) for package_count
    stm32f37x_it.o(i.SDADC1_IRQHandler) refers to stm32f37x_it.o(.bss) for A
    stm32f37x_it.o(i.SysTick_Handler) refers to systick.o(i.TimingDelay_Decrement) for TimingDelay_Decrement
    system_stm32f37x.o(i.SystemCoreClockUpdate) refers to system_stm32f37x.o(.data) for SystemCoreClock
    system_stm32f37x.o(i.SystemInit) refers to system_stm32f37x.o(i.SetSysClock) for SetSysClock
    uart.o(i.USART_Configuration) refers to stm32f37x_rcc.o(i.RCC_AHBPeriphClockCmd) for RCC_AHBPeriphClockCmd
    uart.o(i.USART_Configuration) refers to stm32f37x_rcc.o(i.RCC_APB2PeriphClockCmd) for RCC_APB2PeriphClockCmd
    uart.o(i.USART_Configuration) refers to stm32f37x_gpio.o(i.GPIO_PinAFConfig) for GPIO_PinAFConfig
    uart.o(i.USART_Configuration) refers to stm32f37x_gpio.o(i.GPIO_Init) for GPIO_Init
    uart.o(i.USART_Configuration) refers to stm32f37x_usart.o(i.USART_Init) for USART_Init
    uart.o(i.USART_Configuration) refers to stm32f37x_usart.o(i.USART_Cmd) for USART_Cmd
    uart.o(i.fputc) refers to stm32f37x_usart.o(i.USART_SendData) for USART_SendData
    uart.o(i.fputc) refers to stm32f37x_usart.o(i.USART_GetFlagStatus) for USART_GetFlagStatus
    sdadc.o(i.SDADC1_Config) refers to stm32f37x_rcc.o(i.RCC_APB2PeriphClockCmd) for RCC_APB2PeriphClockCmd
    sdadc.o(i.SDADC1_Config) refers to stm32f37x_rcc.o(i.RCC_APB1PeriphClockCmd) for RCC_APB1PeriphClockCmd
    sdadc.o(i.SDADC1_Config) refers to stm32f37x_pwr.o(i.PWR_SDADCAnalogCmd) for PWR_SDADCAnalogCmd
    sdadc.o(i.SDADC1_Config) refers to stm32f37x_rcc.o(i.RCC_SDADCCLKConfig) for RCC_SDADCCLKConfig
    sdadc.o(i.SDADC1_Config) refers to stm32f37x_rcc.o(i.RCC_AHBPeriphClockCmd) for RCC_AHBPeriphClockCmd
    sdadc.o(i.SDADC1_Config) refers to stm32f37x_gpio.o(i.GPIO_Init) for GPIO_Init
    sdadc.o(i.SDADC1_Config) refers to stm32f37x_sdadc.o(i.SDADC_VREFSelect) for SDADC_VREFSelect
    sdadc.o(i.SDADC1_Config) refers to sdadc.o(i.delay) for delay
    sdadc.o(i.SDADC1_Config) refers to stm32f37x_sdadc.o(i.SDADC_Cmd) for SDADC_Cmd
    sdadc.o(i.SDADC1_Config) refers to stm32f37x_sdadc.o(i.SDADC_InitModeCmd) for SDADC_InitModeCmd
    sdadc.o(i.SDADC1_Config) refers to stm32f37x_sdadc.o(i.SDADC_GetFlagStatus) for SDADC_GetFlagStatus
    sdadc.o(i.SDADC1_Config) refers to stm32f37x_sdadc.o(i.SDADC_AINInit) for SDADC_AINInit
    sdadc.o(i.SDADC1_Config) refers to stm32f37x_sdadc.o(i.SDADC_ChannelConfig) for SDADC_ChannelConfig
    sdadc.o(i.SDADC1_Config) refers to stm32f37x_sdadc.o(i.SDADC_InjectedChannelSelect) for SDADC_InjectedChannelSelect
    sdadc.o(i.SDADC1_Config) refers to stm32f37x_sdadc.o(i.SDADC_InjectedContinuousModeCmd) for SDADC_InjectedContinuousModeCmd
    sdadc.o(i.SDADC1_Config) refers to stm32f37x_misc.o(i.NVIC_Init) for NVIC_Init
    sdadc.o(i.SDADC1_Config) refers to stm32f37x_sdadc.o(i.SDADC_CalibrationSequenceConfig) for SDADC_CalibrationSequenceConfig
    sdadc.o(i.SDADC1_Config) refers to stm32f37x_sdadc.o(i.SDADC_StartCalibration) for SDADC_StartCalibration
    sdadc.o(i.SDADC1_Config) refers to stm32f37x_sdadc.o(i.SDADC_ITConfig) for SDADC_ITConfig
    systick.o(i.Delay_ms) refers to systick.o(.data) for TimingDelay
    systick.o(i.Systick_Init) refers to system_stm32f37x.o(.data) for SystemCoreClock
    systick.o(i.TimingDelay_Decrement) refers to systick.o(.data) for TimingDelay
    time.o(i.TIM3_IRQHandler) refers to stm32f37x_tim.o(i.TIM_GetITStatus) for TIM_GetITStatus
    time.o(i.TIM3_IRQHandler) refers to stm32f37x_sdadc.o(i.SDADC_SoftwareStartInjectedConv) for SDADC_SoftwareStartInjectedConv
    time.o(i.TIM3_IRQHandler) refers to stm32f37x_tim.o(i.TIM_ClearITPendingBit) for TIM_ClearITPendingBit
    time.o(i.TIM3_IRQHandler) refers to time.o(.data) for osc_count
    time.o(i.TIM3_Int_Init) refers to stm32f37x_rcc.o(i.RCC_APB1PeriphClockCmd) for RCC_APB1PeriphClockCmd
    time.o(i.TIM3_Int_Init) refers to stm32f37x_tim.o(i.TIM_TimeBaseInit) for TIM_TimeBaseInit
    time.o(i.TIM3_Int_Init) refers to stm32f37x_tim.o(i.TIM_ITConfig) for TIM_ITConfig
    time.o(i.TIM3_Int_Init) refers to stm32f37x_misc.o(i.NVIC_PriorityGroupConfig) for NVIC_PriorityGroupConfig
    time.o(i.TIM3_Int_Init) refers to stm32f37x_misc.o(i.NVIC_Init) for NVIC_Init
    exit.o(i.EXIT_IO_Init) refers to stm32f37x_rcc.o(i.RCC_APB2PeriphClockCmd) for RCC_APB2PeriphClockCmd
    exit.o(i.EXIT_IO_Init) refers to stm32f37x_rcc.o(i.RCC_AHBPeriphClockCmd) for RCC_AHBPeriphClockCmd
    exit.o(i.EXIT_IO_Init) refers to stm32f37x_misc.o(i.NVIC_Init) for NVIC_Init
    exit.o(i.EXIT_IO_Init) refers to stm32f37x_gpio.o(i.GPIO_Init) for GPIO_Init
    exit.o(i.EXIT_IO_Init) refers to stm32f37x_syscfg.o(i.SYSCFG_EXTILineConfig) for SYSCFG_EXTILineConfig
    exit.o(i.EXIT_IO_Init) refers to stm32f37x_exti.o(i.EXTI_Init) for EXTI_Init
    main.o(i.main) refers to stm32f37x_rcc.o(i.RCC_GetClocksFreq) for RCC_GetClocksFreq
    main.o(i.main) refers to system_stm32f37x.o(i.SystemInit) for SystemInit
    main.o(i.main) refers to systick.o(i.Systick_Init) for Systick_Init
    main.o(i.main) refers to uart.o(i.USART_Configuration) for USART_Configuration
    main.o(i.main) refers to stm32f37x_rcc.o(i.RCC_AHBPeriphClockCmd) for RCC_AHBPeriphClockCmd
    main.o(i.main) refers to stm32f37x_gpio.o(i.GPIO_Init) for GPIO_Init
    main.o(i.main) refers to stm32f37x_gpio.o(i.GPIO_ResetBits) for GPIO_ResetBits
    stm32f37x_usart.o(i.USART_DeInit) refers to stm32f37x_rcc.o(i.RCC_APB2PeriphResetCmd) for RCC_APB2PeriphResetCmd
    stm32f37x_usart.o(i.USART_DeInit) refers to stm32f37x_rcc.o(i.RCC_APB1PeriphResetCmd) for RCC_APB1PeriphResetCmd
    stm32f37x_usart.o(i.USART_Init) refers to stm32f37x_rcc.o(i.RCC_GetClocksFreq) for RCC_GetClocksFreq
    stm32f37x_gpio.o(i.GPIO_DeInit) refers to stm32f37x_rcc.o(i.RCC_AHBPeriphResetCmd) for RCC_AHBPeriphResetCmd
    stm32f37x_sdadc.o(i.SDADC_DeInit) refers to stm32f37x_rcc.o(i.RCC_APB2PeriphResetCmd) for RCC_APB2PeriphResetCmd
    stm32f37x_rcc.o(i.RCC_GetClocksFreq) refers to stm32f37x_rcc.o(.data) for APBAHBPrescTable
    stm32f37x_rcc.o(i.RCC_WaitForHSEStartUp) refers to stm32f37x_rcc.o(i.RCC_GetFlagStatus) for RCC_GetFlagStatus
    stm32f37x_pwr.o(i.PWR_DeInit) refers to stm32f37x_rcc.o(i.RCC_APB1PeriphResetCmd) for RCC_APB1PeriphResetCmd
    stm32f37x_tim.o(i.TIM_DeInit) refers to stm32f37x_rcc.o(i.RCC_APB1PeriphResetCmd) for RCC_APB1PeriphResetCmd
    stm32f37x_tim.o(i.TIM_DeInit) refers to stm32f37x_rcc.o(i.RCC_APB2PeriphResetCmd) for RCC_APB2PeriphResetCmd
    stm32f37x_tim.o(i.TIM_ETRClockMode1Config) refers to stm32f37x_tim.o(i.TIM_ETRConfig) for TIM_ETRConfig
    stm32f37x_tim.o(i.TIM_ETRClockMode2Config) refers to stm32f37x_tim.o(i.TIM_ETRConfig) for TIM_ETRConfig
    stm32f37x_tim.o(i.TIM_ICInit) refers to stm32f37x_tim.o(i.TI1_Config) for TI1_Config
    stm32f37x_tim.o(i.TIM_ICInit) refers to stm32f37x_tim.o(i.TIM_SetIC1Prescaler) for TIM_SetIC1Prescaler
    stm32f37x_tim.o(i.TIM_ICInit) refers to stm32f37x_tim.o(i.TI2_Config) for TI2_Config
    stm32f37x_tim.o(i.TIM_ICInit) refers to stm32f37x_tim.o(i.TIM_SetIC2Prescaler) for TIM_SetIC2Prescaler
    stm32f37x_tim.o(i.TIM_ICInit) refers to stm32f37x_tim.o(i.TI3_Config) for TI3_Config
    stm32f37x_tim.o(i.TIM_ICInit) refers to stm32f37x_tim.o(i.TIM_SetIC3Prescaler) for TIM_SetIC3Prescaler
    stm32f37x_tim.o(i.TIM_ICInit) refers to stm32f37x_tim.o(i.TI4_Config) for TI4_Config
    stm32f37x_tim.o(i.TIM_ICInit) refers to stm32f37x_tim.o(i.TIM_SetIC4Prescaler) for TIM_SetIC4Prescaler
    stm32f37x_tim.o(i.TIM_ITRxExternalClockConfig) refers to stm32f37x_tim.o(i.TIM_SelectInputTrigger) for TIM_SelectInputTrigger
    stm32f37x_tim.o(i.TIM_PWMIConfig) refers to stm32f37x_tim.o(i.TI1_Config) for TI1_Config
    stm32f37x_tim.o(i.TIM_PWMIConfig) refers to stm32f37x_tim.o(i.TIM_SetIC1Prescaler) for TIM_SetIC1Prescaler
    stm32f37x_tim.o(i.TIM_PWMIConfig) refers to stm32f37x_tim.o(i.TI2_Config) for TI2_Config
    stm32f37x_tim.o(i.TIM_PWMIConfig) refers to stm32f37x_tim.o(i.TIM_SetIC2Prescaler) for TIM_SetIC2Prescaler
    stm32f37x_tim.o(i.TIM_TIxExternalClockConfig) refers to stm32f37x_tim.o(i.TI2_Config) for TI2_Config
    stm32f37x_tim.o(i.TIM_TIxExternalClockConfig) refers to stm32f37x_tim.o(i.TI1_Config) for TI1_Config
    stm32f37x_tim.o(i.TIM_TIxExternalClockConfig) refers to stm32f37x_tim.o(i.TIM_SelectInputTrigger) for TIM_SelectInputTrigger
    stm32f37x_spi.o(i.I2S_Init) refers to stm32f37x_rcc.o(i.RCC_GetClocksFreq) for RCC_GetClocksFreq
    stm32f37x_spi.o(i.SPI_I2S_DeInit) refers to stm32f37x_rcc.o(i.RCC_APB2PeriphResetCmd) for RCC_APB2PeriphResetCmd
    stm32f37x_spi.o(i.SPI_I2S_DeInit) refers to stm32f37x_rcc.o(i.RCC_APB1PeriphResetCmd) for RCC_APB1PeriphResetCmd
    stm32f37x_adc.o(i.ADC_DeInit) refers to stm32f37x_rcc.o(i.RCC_APB2PeriphResetCmd) for RCC_APB2PeriphResetCmd
    stm32f37x_i2c.o(i.I2C_DeInit) refers to stm32f37x_rcc.o(i.RCC_APB1PeriphResetCmd) for RCC_APB1PeriphResetCmd
    entry.o(.ARM.Collect$$$$00000000) refers (Special) to entry10a.o(.ARM.Collect$$$$0000000D) for __rt_final_cpp
    entry.o(.ARM.Collect$$$$00000000) refers (Special) to entry11a.o(.ARM.Collect$$$$0000000F) for __rt_final_exit
    entry.o(.ARM.Collect$$$$00000000) refers (Special) to entry7b.o(.ARM.Collect$$$$00000008) for _main_clock
    entry.o(.ARM.Collect$$$$00000000) refers (Special) to entry8b.o(.ARM.Collect$$$$0000000A) for _main_cpp_init
    entry.o(.ARM.Collect$$$$00000000) refers (Special) to entry9a.o(.ARM.Collect$$$$0000000B) for _main_init
    entry.o(.ARM.Collect$$$$00000000) refers (Special) to entry5.o(.ARM.Collect$$$$00000004) for _main_scatterload
    entry.o(.ARM.Collect$$$$00000000) refers (Special) to entry2.o(.ARM.Collect$$$$00000001) for _main_stk
    entry2.o(.ARM.Collect$$$$00000001) refers to entry2.o(.ARM.Collect$$$$00002712) for __lit__00000000
    entry2.o(.ARM.Collect$$$$00002712) refers to startup_stm32f37x.o(STACK) for __initial_sp
    entry2.o(__vectab_stack_and_reset_area) refers to startup_stm32f37x.o(STACK) for __initial_sp
    entry2.o(__vectab_stack_and_reset_area) refers to entry.o(.ARM.Collect$$$$00000000) for __main
    entry5.o(.ARM.Collect$$$$00000004) refers to init.o(.text) for __scatterload
    entry9a.o(.ARM.Collect$$$$0000000B) refers to main.o(i.main) for main
    entry9b.o(.ARM.Collect$$$$0000000C) refers to main.o(i.main) for main
    init.o(.text) refers to entry5.o(.ARM.Collect$$$$00000004) for __main_after_scatterload


==============================================================================

Removing Unused input sections from the image.

    Removing startup_stm32f37x.o(HEAP), (512 bytes).
    Removing stm32f37x_it.o(.rev16_text), (4 bytes).
    Removing stm32f37x_it.o(.revsh_text), (4 bytes).
    Removing system_stm32f37x.o(.rev16_text), (4 bytes).
    Removing system_stm32f37x.o(.revsh_text), (4 bytes).
    Removing system_stm32f37x.o(i.SystemCoreClockUpdate), (160 bytes).
    Removing uart.o(.rev16_text), (4 bytes).
    Removing uart.o(.revsh_text), (4 bytes).
    Removing uart.o(i.UART_Recive), (28 bytes).
    Removing uart.o(i.UART_Send), (40 bytes).
    Removing uart.o(i.UART_send_byte), (28 bytes).
    Removing uart.o(i.fputc), (36 bytes).
    Removing sdadc.o(.rev16_text), (4 bytes).
    Removing sdadc.o(.revsh_text), (4 bytes).
    Removing sdadc.o(i.SDADC1_Config), (288 bytes).
    Removing sdadc.o(i.delay), (12 bytes).
    Removing systick.o(.rev16_text), (4 bytes).
    Removing systick.o(.revsh_text), (4 bytes).
    Removing systick.o(i.Delay_ms), (24 bytes).
    Removing time.o(.rev16_text), (4 bytes).
    Removing time.o(.revsh_text), (4 bytes).
    Removing time.o(i.TIM3_Int_Init), (88 bytes).
    Removing exit.o(.rev16_text), (4 bytes).
    Removing exit.o(.revsh_text), (4 bytes).
    Removing exit.o(i.EXIT_IO_Init), (124 bytes).
    Removing main.o(.rev16_text), (4 bytes).
    Removing main.o(.revsh_text), (4 bytes).
    Removing stm32f37x_usart.o(.rev16_text), (4 bytes).
    Removing stm32f37x_usart.o(.revsh_text), (4 bytes).
    Removing stm32f37x_usart.o(i.USART_AddressDetectionConfig), (16 bytes).
    Removing stm32f37x_usart.o(i.USART_AutoBaudRateCmd), (22 bytes).
    Removing stm32f37x_usart.o(i.USART_AutoBaudRateConfig), (16 bytes).
    Removing stm32f37x_usart.o(i.USART_ClearFlag), (4 bytes).
    Removing stm32f37x_usart.o(i.USART_ClearITPendingBit), (18 bytes).
    Removing stm32f37x_usart.o(i.USART_ClockInit), (30 bytes).
    Removing stm32f37x_usart.o(i.USART_ClockStructInit), (12 bytes).
    Removing stm32f37x_usart.o(i.USART_DECmd), (22 bytes).
    Removing stm32f37x_usart.o(i.USART_DEPolarityConfig), (16 bytes).
    Removing stm32f37x_usart.o(i.USART_DMACmd), (18 bytes).
    Removing stm32f37x_usart.o(i.USART_DMAReceptionErrorConfig), (16 bytes).
    Removing stm32f37x_usart.o(i.USART_DataInvCmd), (22 bytes).
    Removing stm32f37x_usart.o(i.USART_DeInit), (96 bytes).
    Removing stm32f37x_usart.o(i.USART_DirectionModeCmd), (18 bytes).
    Removing stm32f37x_usart.o(i.USART_GetFlagStatus), (18 bytes).
    Removing stm32f37x_usart.o(i.USART_GetITStatus), (74 bytes).
    Removing stm32f37x_usart.o(i.USART_HalfDuplexCmd), (22 bytes).
    Removing stm32f37x_usart.o(i.USART_ITConfig), (58 bytes).
    Removing stm32f37x_usart.o(i.USART_InvPinCmd), (18 bytes).
    Removing stm32f37x_usart.o(i.USART_IrDACmd), (22 bytes).
    Removing stm32f37x_usart.o(i.USART_IrDAConfig), (16 bytes).
    Removing stm32f37x_usart.o(i.USART_LINBreakDetectLengthConfig), (16 bytes).
    Removing stm32f37x_usart.o(i.USART_LINCmd), (22 bytes).
    Removing stm32f37x_usart.o(i.USART_MSBFirstCmd), (22 bytes).
    Removing stm32f37x_usart.o(i.USART_MuteModeCmd), (22 bytes).
    Removing stm32f37x_usart.o(i.USART_MuteModeWakeUpConfig), (16 bytes).
    Removing stm32f37x_usart.o(i.USART_OneBitMethodCmd), (22 bytes).
    Removing stm32f37x_usart.o(i.USART_OverSampling8Cmd), (22 bytes).
    Removing stm32f37x_usart.o(i.USART_OverrunDetectionConfig), (16 bytes).
    Removing stm32f37x_usart.o(i.USART_ReceiveData), (10 bytes).
    Removing stm32f37x_usart.o(i.USART_ReceiverTimeOutCmd), (22 bytes).
    Removing stm32f37x_usart.o(i.USART_RequestCmd), (18 bytes).
    Removing stm32f37x_usart.o(i.USART_STOPModeCmd), (22 bytes).
    Removing stm32f37x_usart.o(i.USART_SWAPPinCmd), (22 bytes).
    Removing stm32f37x_usart.o(i.USART_SendData), (8 bytes).
    Removing stm32f37x_usart.o(i.USART_SetAddress), (18 bytes).
    Removing stm32f37x_usart.o(i.USART_SetAutoRetryCount), (18 bytes).
    Removing stm32f37x_usart.o(i.USART_SetBlockLength), (18 bytes).
    Removing stm32f37x_usart.o(i.USART_SetDEAssertionTime), (18 bytes).
    Removing stm32f37x_usart.o(i.USART_SetDEDeassertionTime), (18 bytes).
    Removing stm32f37x_usart.o(i.USART_SetGuardTime), (16 bytes).
    Removing stm32f37x_usart.o(i.USART_SetPrescaler), (16 bytes).
    Removing stm32f37x_usart.o(i.USART_SetReceiverTimeOut), (16 bytes).
    Removing stm32f37x_usart.o(i.USART_SmartCardCmd), (22 bytes).
    Removing stm32f37x_usart.o(i.USART_SmartCardNACKCmd), (22 bytes).
    Removing stm32f37x_usart.o(i.USART_StopModeWakeUpSourceConfig), (16 bytes).
    Removing stm32f37x_usart.o(i.USART_StructInit), (24 bytes).
    Removing stm32f37x_gpio.o(.rev16_text), (4 bytes).
    Removing stm32f37x_gpio.o(.revsh_text), (4 bytes).
    Removing stm32f37x_gpio.o(i.GPIO_DeInit), (176 bytes).
    Removing stm32f37x_gpio.o(i.GPIO_PinLockConfig), (34 bytes).
    Removing stm32f37x_gpio.o(i.GPIO_ReadInputData), (6 bytes).
    Removing stm32f37x_gpio.o(i.GPIO_ReadInputDataBit), (18 bytes).
    Removing stm32f37x_gpio.o(i.GPIO_ReadOutputData), (6 bytes).
    Removing stm32f37x_gpio.o(i.GPIO_ReadOutputDataBit), (18 bytes).
    Removing stm32f37x_gpio.o(i.GPIO_SetBits), (4 bytes).
    Removing stm32f37x_gpio.o(i.GPIO_StructInit), (22 bytes).
    Removing stm32f37x_gpio.o(i.GPIO_Write), (4 bytes).
    Removing stm32f37x_gpio.o(i.GPIO_WriteBit), (10 bytes).
    Removing stm32f37x_sdadc.o(.rev16_text), (4 bytes).
    Removing stm32f37x_sdadc.o(.revsh_text), (4 bytes).
    Removing stm32f37x_sdadc.o(i.SDADC_AINInit), (30 bytes).
    Removing stm32f37x_sdadc.o(i.SDADC_AINStructInit), (12 bytes).
    Removing stm32f37x_sdadc.o(i.SDADC_CalibrationSequenceConfig), (14 bytes).
    Removing stm32f37x_sdadc.o(i.SDADC_ChannelConfig), (36 bytes).
    Removing stm32f37x_sdadc.o(i.SDADC_ChannelSelect), (18 bytes).
    Removing stm32f37x_sdadc.o(i.SDADC_ClearFlag), (8 bytes).
    Removing stm32f37x_sdadc.o(i.SDADC_ClearITPendingBit), (8 bytes).
    Removing stm32f37x_sdadc.o(i.SDADC_Cmd), (22 bytes).
    Removing stm32f37x_sdadc.o(i.SDADC_ContinuousModeCmd), (22 bytes).
    Removing stm32f37x_sdadc.o(i.SDADC_DMAConfig), (18 bytes).
    Removing stm32f37x_sdadc.o(i.SDADC_DeInit), (84 bytes).
    Removing stm32f37x_sdadc.o(i.SDADC_DelayStartInjectedConvCmd), (22 bytes).
    Removing stm32f37x_sdadc.o(i.SDADC_ExternalTrigInjectedConvConfig), (16 bytes).
    Removing stm32f37x_sdadc.o(i.SDADC_ExternalTrigInjectedConvEdgeConfig), (16 bytes).
    Removing stm32f37x_sdadc.o(i.SDADC_FastConversionCmd), (22 bytes).
    Removing stm32f37x_sdadc.o(i.SDADC_GetConversionSDADC12Value), (12 bytes).
    Removing stm32f37x_sdadc.o(i.SDADC_GetConversionSDADC13Value), (12 bytes).
    Removing stm32f37x_sdadc.o(i.SDADC_GetConversionValue), (8 bytes).
    Removing stm32f37x_sdadc.o(i.SDADC_GetITStatus), (34 bytes).
    Removing stm32f37x_sdadc.o(i.SDADC_GetInjectedChannel), (18 bytes).
    Removing stm32f37x_sdadc.o(i.SDADC_GetInjectedConversionSDADC12Value), (12 bytes).
    Removing stm32f37x_sdadc.o(i.SDADC_GetInjectedConversionSDADC13Value), (12 bytes).
    Removing stm32f37x_sdadc.o(i.SDADC_ITConfig), (18 bytes).
    Removing stm32f37x_sdadc.o(i.SDADC_Init), (40 bytes).
    Removing stm32f37x_sdadc.o(i.SDADC_InitModeCmd), (22 bytes).
    Removing stm32f37x_sdadc.o(i.SDADC_InjectedChannelSelect), (6 bytes).
    Removing stm32f37x_sdadc.o(i.SDADC_InjectedContinuousModeCmd), (22 bytes).
    Removing stm32f37x_sdadc.o(i.SDADC_InjectedSynchroSDADC1), (22 bytes).
    Removing stm32f37x_sdadc.o(i.SDADC_PowerDownCmd), (22 bytes).
    Removing stm32f37x_sdadc.o(i.SDADC_RegularSynchroSDADC1), (22 bytes).
    Removing stm32f37x_sdadc.o(i.SDADC_SlowClockCmd), (22 bytes).
    Removing stm32f37x_sdadc.o(i.SDADC_SoftwareStartConv), (10 bytes).
    Removing stm32f37x_sdadc.o(i.SDADC_StandbyCmd), (22 bytes).
    Removing stm32f37x_sdadc.o(i.SDADC_StartCalibration), (10 bytes).
    Removing stm32f37x_sdadc.o(i.SDADC_StructInit), (12 bytes).
    Removing stm32f37x_sdadc.o(i.SDADC_VREFSelect), (20 bytes).
    Removing stm32f37x_exti.o(.rev16_text), (4 bytes).
    Removing stm32f37x_exti.o(.revsh_text), (4 bytes).
    Removing stm32f37x_exti.o(i.EXTI_ClearFlag), (12 bytes).
    Removing stm32f37x_exti.o(i.EXTI_DeInit), (40 bytes).
    Removing stm32f37x_exti.o(i.EXTI_GenerateSWInterrupt), (16 bytes).
    Removing stm32f37x_exti.o(i.EXTI_GetFlagStatus), (24 bytes).
    Removing stm32f37x_exti.o(i.EXTI_Init), (148 bytes).
    Removing stm32f37x_exti.o(i.EXTI_StructInit), (16 bytes).
    Removing stm32f37x_misc.o(.rev16_text), (4 bytes).
    Removing stm32f37x_misc.o(.revsh_text), (4 bytes).
    Removing stm32f37x_misc.o(i.NVIC_Init), (112 bytes).
    Removing stm32f37x_misc.o(i.NVIC_PriorityGroupConfig), (20 bytes).
    Removing stm32f37x_misc.o(i.NVIC_SetVectorTable), (20 bytes).
    Removing stm32f37x_misc.o(i.NVIC_SystemLPConfig), (32 bytes).
    Removing stm32f37x_misc.o(i.SysTick_CLKSourceConfig), (40 bytes).
    Removing stm32f37x_rcc.o(.rev16_text), (4 bytes).
    Removing stm32f37x_rcc.o(.revsh_text), (4 bytes).
    Removing stm32f37x_rcc.o(i.RCC_ADCCLKConfig), (28 bytes).
    Removing stm32f37x_rcc.o(i.RCC_AHBPeriphResetCmd), (32 bytes).
    Removing stm32f37x_rcc.o(i.RCC_APB1PeriphClockCmd), (32 bytes).
    Removing stm32f37x_rcc.o(i.RCC_APB1PeriphResetCmd), (32 bytes).
    Removing stm32f37x_rcc.o(i.RCC_APB2PeriphResetCmd), (32 bytes).
    Removing stm32f37x_rcc.o(i.RCC_AdjustHSICalibrationValue), (24 bytes).
    Removing stm32f37x_rcc.o(i.RCC_BackupResetCmd), (12 bytes).
    Removing stm32f37x_rcc.o(i.RCC_CECCLKConfig), (28 bytes).
    Removing stm32f37x_rcc.o(i.RCC_ClearFlag), (20 bytes).
    Removing stm32f37x_rcc.o(i.RCC_ClearITPendingBit), (12 bytes).
    Removing stm32f37x_rcc.o(i.RCC_ClockSecuritySystemCmd), (12 bytes).
    Removing stm32f37x_rcc.o(i.RCC_DeInit), (96 bytes).
    Removing stm32f37x_rcc.o(i.RCC_GetFlagStatus), (60 bytes).
    Removing stm32f37x_rcc.o(i.RCC_GetITStatus), (24 bytes).
    Removing stm32f37x_rcc.o(i.RCC_GetSYSCLKSource), (16 bytes).
    Removing stm32f37x_rcc.o(i.RCC_HCLKConfig), (24 bytes).
    Removing stm32f37x_rcc.o(i.RCC_HSEConfig), (16 bytes).
    Removing stm32f37x_rcc.o(i.RCC_HSICmd), (12 bytes).
    Removing stm32f37x_rcc.o(i.RCC_I2CCLKConfig), (48 bytes).
    Removing stm32f37x_rcc.o(i.RCC_ITConfig), (32 bytes).
    Removing stm32f37x_rcc.o(i.RCC_LSEConfig), (36 bytes).
    Removing stm32f37x_rcc.o(i.RCC_LSEDriveConfig), (28 bytes).
    Removing stm32f37x_rcc.o(i.RCC_LSICmd), (12 bytes).
    Removing stm32f37x_rcc.o(i.RCC_MCOConfig), (12 bytes).
    Removing stm32f37x_rcc.o(i.RCC_PCLK1Config), (24 bytes).
    Removing stm32f37x_rcc.o(i.RCC_PCLK2Config), (24 bytes).
    Removing stm32f37x_rcc.o(i.RCC_PLLCmd), (12 bytes).
    Removing stm32f37x_rcc.o(i.RCC_PLLConfig), (32 bytes).
    Removing stm32f37x_rcc.o(i.RCC_PREDIV1Config), (24 bytes).
    Removing stm32f37x_rcc.o(i.RCC_RTCCLKCmd), (12 bytes).
    Removing stm32f37x_rcc.o(i.RCC_RTCCLKConfig), (16 bytes).
    Removing stm32f37x_rcc.o(i.RCC_SDADCCLKConfig), (28 bytes).
    Removing stm32f37x_rcc.o(i.RCC_SYSCLKConfig), (24 bytes).
    Removing stm32f37x_rcc.o(i.RCC_USARTCLKConfig), (80 bytes).
    Removing stm32f37x_rcc.o(i.RCC_USBCLKConfig), (12 bytes).
    Removing stm32f37x_rcc.o(i.RCC_WaitForHSEStartUp), (56 bytes).
    Removing stm32f37x_syscfg.o(.rev16_text), (4 bytes).
    Removing stm32f37x_syscfg.o(.revsh_text), (4 bytes).
    Removing stm32f37x_syscfg.o(i.SYSCFG_BreakConfig), (16 bytes).
    Removing stm32f37x_syscfg.o(i.SYSCFG_ClearFlag), (16 bytes).
    Removing stm32f37x_syscfg.o(i.SYSCFG_DMAChannelRemapConfig), (32 bytes).
    Removing stm32f37x_syscfg.o(i.SYSCFG_DeInit), (48 bytes).
    Removing stm32f37x_syscfg.o(i.SYSCFG_EXTILineConfig), (64 bytes).
    Removing stm32f37x_syscfg.o(i.SYSCFG_GetFlagStatus), (28 bytes).
    Removing stm32f37x_syscfg.o(i.SYSCFG_I2CFastModePlusConfig), (32 bytes).
    Removing stm32f37x_syscfg.o(i.SYSCFG_ITConfig), (32 bytes).
    Removing stm32f37x_syscfg.o(i.SYSCFG_MemoryRemapConfig), (24 bytes).
    Removing stm32f37x_syscfg.o(i.SYSCFG_VBATMonitoringCmd), (36 bytes).
    Removing stm32f37x_pwr.o(.rev16_text), (4 bytes).
    Removing stm32f37x_pwr.o(.revsh_text), (4 bytes).
    Removing stm32f37x_pwr.o(i.PWR_BackupAccessCmd), (12 bytes).
    Removing stm32f37x_pwr.o(i.PWR_ClearFlag), (20 bytes).
    Removing stm32f37x_pwr.o(i.PWR_DeInit), (22 bytes).
    Removing stm32f37x_pwr.o(i.PWR_EnterSTANDBYMode), (52 bytes).
    Removing stm32f37x_pwr.o(i.PWR_EnterSTOPMode), (64 bytes).
    Removing stm32f37x_pwr.o(i.PWR_EnterSleepMode), (28 bytes).
    Removing stm32f37x_pwr.o(i.PWR_GetFlagStatus), (24 bytes).
    Removing stm32f37x_pwr.o(i.PWR_PVDCmd), (12 bytes).
    Removing stm32f37x_pwr.o(i.PWR_PVDLevelConfig), (24 bytes).
    Removing stm32f37x_pwr.o(i.PWR_SDADCAnalogCmd), (32 bytes).
    Removing stm32f37x_pwr.o(i.PWR_WakeUpPinCmd), (32 bytes).
    Removing stm32f37x_tim.o(.rev16_text), (4 bytes).
    Removing stm32f37x_tim.o(.revsh_text), (4 bytes).
    Removing stm32f37x_tim.o(i.TI1_Config), (58 bytes).
    Removing stm32f37x_tim.o(i.TI2_Config), (80 bytes).
    Removing stm32f37x_tim.o(i.TI3_Config), (72 bytes).
    Removing stm32f37x_tim.o(i.TI4_Config), (80 bytes).
    Removing stm32f37x_tim.o(i.TIM_ARRPreloadConfig), (24 bytes).
    Removing stm32f37x_tim.o(i.TIM_BDTRConfig), (38 bytes).
    Removing stm32f37x_tim.o(i.TIM_BDTRStructInit), (18 bytes).
    Removing stm32f37x_tim.o(i.TIM_CCPreloadControl), (24 bytes).
    Removing stm32f37x_tim.o(i.TIM_CCxCmd), (30 bytes).
    Removing stm32f37x_tim.o(i.TIM_CCxNCmd), (30 bytes).
    Removing stm32f37x_tim.o(i.TIM_ClearFlag), (6 bytes).
    Removing stm32f37x_tim.o(i.TIM_ClearOC1Ref), (18 bytes).
    Removing stm32f37x_tim.o(i.TIM_ClearOC2Ref), (24 bytes).
    Removing stm32f37x_tim.o(i.TIM_ClearOC3Ref), (18 bytes).
    Removing stm32f37x_tim.o(i.TIM_ClearOC4Ref), (24 bytes).
    Removing stm32f37x_tim.o(i.TIM_CounterModeConfig), (18 bytes).
    Removing stm32f37x_tim.o(i.TIM_CtrlPWMOutputs), (30 bytes).
    Removing stm32f37x_tim.o(i.TIM_DMACmd), (18 bytes).
    Removing stm32f37x_tim.o(i.TIM_DMAConfig), (10 bytes).
    Removing stm32f37x_tim.o(i.TIM_DeInit), (400 bytes).
    Removing stm32f37x_tim.o(i.TIM_ETRClockMode1Config), (54 bytes).
    Removing stm32f37x_tim.o(i.TIM_ETRClockMode2Config), (32 bytes).
    Removing stm32f37x_tim.o(i.TIM_ETRConfig), (28 bytes).
    Removing stm32f37x_tim.o(i.TIM_EncoderInterfaceConfig), (66 bytes).
    Removing stm32f37x_tim.o(i.TIM_ForcedOC1Config), (18 bytes).
    Removing stm32f37x_tim.o(i.TIM_ForcedOC2Config), (26 bytes).
    Removing stm32f37x_tim.o(i.TIM_ForcedOC3Config), (18 bytes).
    Removing stm32f37x_tim.o(i.TIM_ForcedOC4Config), (26 bytes).
    Removing stm32f37x_tim.o(i.TIM_GenerateEvent), (4 bytes).
    Removing stm32f37x_tim.o(i.TIM_GetCapture1), (6 bytes).
    Removing stm32f37x_tim.o(i.TIM_GetCapture2), (6 bytes).
    Removing stm32f37x_tim.o(i.TIM_GetCapture3), (6 bytes).
    Removing stm32f37x_tim.o(i.TIM_GetCapture4), (6 bytes).
    Removing stm32f37x_tim.o(i.TIM_GetCounter), (6 bytes).
    Removing stm32f37x_tim.o(i.TIM_GetFlagStatus), (18 bytes).
    Removing stm32f37x_tim.o(i.TIM_GetPrescaler), (6 bytes).
    Removing stm32f37x_tim.o(i.TIM_ICInit), (110 bytes).
    Removing stm32f37x_tim.o(i.TIM_ICStructInit), (18 bytes).
    Removing stm32f37x_tim.o(i.TIM_ITConfig), (18 bytes).
    Removing stm32f37x_tim.o(i.TIM_ITRxExternalClockConfig), (24 bytes).
    Removing stm32f37x_tim.o(i.TIM_InternalClockConfig), (12 bytes).
    Removing stm32f37x_tim.o(i.TIM_OC1FastConfig), (18 bytes).
    Removing stm32f37x_tim.o(i.TIM_OC1Init), (132 bytes).
    Removing stm32f37x_tim.o(i.TIM_OC1NPolarityConfig), (18 bytes).
    Removing stm32f37x_tim.o(i.TIM_OC1PolarityConfig), (18 bytes).
    Removing stm32f37x_tim.o(i.TIM_OC1PreloadConfig), (18 bytes).
    Removing stm32f37x_tim.o(i.TIM_OC2FastConfig), (26 bytes).
    Removing stm32f37x_tim.o(i.TIM_OC2Init), (82 bytes).
    Removing stm32f37x_tim.o(i.TIM_OC2PolarityConfig), (26 bytes).
    Removing stm32f37x_tim.o(i.TIM_OC2PreloadConfig), (26 bytes).
    Removing stm32f37x_tim.o(i.TIM_OC3FastConfig), (18 bytes).
    Removing stm32f37x_tim.o(i.TIM_OC3Init), (78 bytes).
    Removing stm32f37x_tim.o(i.TIM_OC3PolarityConfig), (26 bytes).
    Removing stm32f37x_tim.o(i.TIM_OC3PreloadConfig), (18 bytes).
    Removing stm32f37x_tim.o(i.TIM_OC4FastConfig), (26 bytes).
    Removing stm32f37x_tim.o(i.TIM_OC4Init), (82 bytes).
    Removing stm32f37x_tim.o(i.TIM_OC4PolarityConfig), (26 bytes).
    Removing stm32f37x_tim.o(i.TIM_OC4PreloadConfig), (26 bytes).
    Removing stm32f37x_tim.o(i.TIM_OCStructInit), (20 bytes).
    Removing stm32f37x_tim.o(i.TIM_PWMIConfig), (124 bytes).
    Removing stm32f37x_tim.o(i.TIM_PrescalerConfig), (6 bytes).
    Removing stm32f37x_tim.o(i.TIM_RemapConfig), (6 bytes).
    Removing stm32f37x_tim.o(i.TIM_SelectCCDMA), (24 bytes).
    Removing stm32f37x_tim.o(i.TIM_SelectCOM), (24 bytes).
    Removing stm32f37x_tim.o(i.TIM_SelectHallSensor), (24 bytes).
    Removing stm32f37x_tim.o(i.TIM_SelectInputTrigger), (18 bytes).
    Removing stm32f37x_tim.o(i.TIM_SelectMasterSlaveMode), (18 bytes).
    Removing stm32f37x_tim.o(i.TIM_SelectOCREFClear), (18 bytes).
    Removing stm32f37x_tim.o(i.TIM_SelectOCxM), (82 bytes).
    Removing stm32f37x_tim.o(i.TIM_SelectOnePulseMode), (18 bytes).
    Removing stm32f37x_tim.o(i.TIM_SelectOutputTrigger), (18 bytes).
    Removing stm32f37x_tim.o(i.TIM_SelectSlaveMode), (18 bytes).
    Removing stm32f37x_tim.o(i.TIM_SetAutoreload), (4 bytes).
    Removing stm32f37x_tim.o(i.TIM_SetClockDivision), (18 bytes).
    Removing stm32f37x_tim.o(i.TIM_SetCompare1), (4 bytes).
    Removing stm32f37x_tim.o(i.TIM_SetCompare2), (4 bytes).
    Removing stm32f37x_tim.o(i.TIM_SetCompare3), (4 bytes).
    Removing stm32f37x_tim.o(i.TIM_SetCompare4), (4 bytes).
    Removing stm32f37x_tim.o(i.TIM_SetCounter), (4 bytes).
    Removing stm32f37x_tim.o(i.TIM_SetIC1Prescaler), (18 bytes).
    Removing stm32f37x_tim.o(i.TIM_SetIC2Prescaler), (26 bytes).
    Removing stm32f37x_tim.o(i.TIM_SetIC3Prescaler), (18 bytes).
    Removing stm32f37x_tim.o(i.TIM_SetIC4Prescaler), (26 bytes).
    Removing stm32f37x_tim.o(i.TIM_TIxExternalClockConfig), (62 bytes).
    Removing stm32f37x_tim.o(i.TIM_TimeBaseInit), (152 bytes).
    Removing stm32f37x_tim.o(i.TIM_TimeBaseStructInit), (18 bytes).
    Removing stm32f37x_tim.o(i.TIM_UpdateDisableConfig), (24 bytes).
    Removing stm32f37x_tim.o(i.TIM_UpdateRequestConfig), (24 bytes).
    Removing stm32f37x_spi.o(.rev16_text), (4 bytes).
    Removing stm32f37x_spi.o(.revsh_text), (4 bytes).
    Removing stm32f37x_spi.o(i.I2S_Cmd), (24 bytes).
    Removing stm32f37x_spi.o(i.I2S_Init), (216 bytes).
    Removing stm32f37x_spi.o(i.I2S_StructInit), (20 bytes).
    Removing stm32f37x_spi.o(i.SPI_BiDirectionalLineConfig), (28 bytes).
    Removing stm32f37x_spi.o(i.SPI_CRCLengthConfig), (18 bytes).
    Removing stm32f37x_spi.o(i.SPI_CalculateCRC), (24 bytes).
    Removing stm32f37x_spi.o(i.SPI_Cmd), (24 bytes).
    Removing stm32f37x_spi.o(i.SPI_DataSizeConfig), (18 bytes).
    Removing stm32f37x_spi.o(i.SPI_GetCRC), (16 bytes).
    Removing stm32f37x_spi.o(i.SPI_GetCRCPolynomial), (6 bytes).
    Removing stm32f37x_spi.o(i.SPI_GetReceptionFIFOStatus), (10 bytes).
    Removing stm32f37x_spi.o(i.SPI_GetTransmissionFIFOStatus), (10 bytes).
    Removing stm32f37x_spi.o(i.SPI_I2S_ClearFlag), (6 bytes).
    Removing stm32f37x_spi.o(i.SPI_I2S_DMACmd), (18 bytes).
    Removing stm32f37x_spi.o(i.SPI_I2S_DeInit), (88 bytes).
    Removing stm32f37x_spi.o(i.SPI_I2S_GetFlagStatus), (18 bytes).
    Removing stm32f37x_spi.o(i.SPI_I2S_GetITStatus), (52 bytes).
    Removing stm32f37x_spi.o(i.SPI_I2S_ITConfig), (32 bytes).
    Removing stm32f37x_spi.o(i.SPI_I2S_ReceiveData16), (6 bytes).
    Removing stm32f37x_spi.o(i.SPI_I2S_SendData16), (4 bytes).
    Removing stm32f37x_spi.o(i.SPI_Init), (80 bytes).
    Removing stm32f37x_spi.o(i.SPI_LastDMATransferCmd), (18 bytes).
    Removing stm32f37x_spi.o(i.SPI_NSSInternalSoftwareConfig), (30 bytes).
    Removing stm32f37x_spi.o(i.SPI_NSSPulseModeCmd), (24 bytes).
    Removing stm32f37x_spi.o(i.SPI_ReceiveData8), (12 bytes).
    Removing stm32f37x_spi.o(i.SPI_RxFIFOThresholdConfig), (18 bytes).
    Removing stm32f37x_spi.o(i.SPI_SSOutputCmd), (24 bytes).
    Removing stm32f37x_spi.o(i.SPI_SendData8), (10 bytes).
    Removing stm32f37x_spi.o(i.SPI_StructInit), (30 bytes).
    Removing stm32f37x_spi.o(i.SPI_TIModeCmd), (24 bytes).
    Removing stm32f37x_spi.o(i.SPI_TransmitCRC), (10 bytes).
    Removing stm32f37x_adc.o(.rev16_text), (4 bytes).
    Removing stm32f37x_adc.o(.revsh_text), (4 bytes).
    Removing stm32f37x_adc.o(i.ADC_AnalogWatchdogCmd), (20 bytes).
    Removing stm32f37x_adc.o(i.ADC_AnalogWatchdogSingleChannelConfig), (16 bytes).
    Removing stm32f37x_adc.o(i.ADC_AnalogWatchdogThresholdsConfig), (6 bytes).
    Removing stm32f37x_adc.o(i.ADC_AutoInjectedConvCmd), (22 bytes).
    Removing stm32f37x_adc.o(i.ADC_ClearFlag), (6 bytes).
    Removing stm32f37x_adc.o(i.ADC_ClearITPendingBit), (10 bytes).
    Removing stm32f37x_adc.o(i.ADC_Cmd), (22 bytes).
    Removing stm32f37x_adc.o(i.ADC_ContinuousModeCmd), (22 bytes).
    Removing stm32f37x_adc.o(i.ADC_DMACmd), (22 bytes).
    Removing stm32f37x_adc.o(i.ADC_DeInit), (24 bytes).
    Removing stm32f37x_adc.o(i.ADC_DiscModeChannelCountConfig), (24 bytes).
    Removing stm32f37x_adc.o(i.ADC_DiscModeCmd), (22 bytes).
    Removing stm32f37x_adc.o(i.ADC_ExternalTrigConvCmd), (22 bytes).
    Removing stm32f37x_adc.o(i.ADC_ExternalTrigInjectedConvCmd), (22 bytes).
    Removing stm32f37x_adc.o(i.ADC_ExternalTrigInjectedConvConfig), (16 bytes).
    Removing stm32f37x_adc.o(i.ADC_GetCalibrationStatus), (20 bytes).
    Removing stm32f37x_adc.o(i.ADC_GetConversionValue), (8 bytes).
    Removing stm32f37x_adc.o(i.ADC_GetFlagStatus), (18 bytes).
    Removing stm32f37x_adc.o(i.ADC_GetITStatus), (36 bytes).
    Removing stm32f37x_adc.o(i.ADC_GetInjectedConversionValue), (28 bytes).
    Removing stm32f37x_adc.o(i.ADC_GetResetCalibrationStatus), (20 bytes).
    Removing stm32f37x_adc.o(i.ADC_GetSoftwareStartConvStatus), (20 bytes).
    Removing stm32f37x_adc.o(i.ADC_GetSoftwareStartInjectedConvCmdStatus), (20 bytes).
    Removing stm32f37x_adc.o(i.ADC_ITConfig), (24 bytes).
    Removing stm32f37x_adc.o(i.ADC_Init), (72 bytes).
    Removing stm32f37x_adc.o(i.ADC_InjectedChannelConfig), (130 bytes).
    Removing stm32f37x_adc.o(i.ADC_InjectedDiscModeCmd), (22 bytes).
    Removing stm32f37x_adc.o(i.ADC_InjectedSequencerLengthConfig), (24 bytes).
    Removing stm32f37x_adc.o(i.ADC_RegularChannelConfig), (184 bytes).
    Removing stm32f37x_adc.o(i.ADC_ResetCalibration), (10 bytes).
    Removing stm32f37x_adc.o(i.ADC_SetInjectedOffset), (20 bytes).
    Removing stm32f37x_adc.o(i.ADC_SoftwareStartConv), (10 bytes).
    Removing stm32f37x_adc.o(i.ADC_SoftwareStartInjectedConvCmd), (22 bytes).
    Removing stm32f37x_adc.o(i.ADC_StartCalibration), (10 bytes).
    Removing stm32f37x_adc.o(i.ADC_StructInit), (16 bytes).
    Removing stm32f37x_adc.o(i.ADC_TempSensorVrefintCmd), (36 bytes).
    Removing stm32f37x_i2c.o(.rev16_text), (4 bytes).
    Removing stm32f37x_i2c.o(.revsh_text), (4 bytes).
    Removing stm32f37x_i2c.o(i.I2C_10BitAddressHeaderCmd), (22 bytes).
    Removing stm32f37x_i2c.o(i.I2C_10BitAddressingModeCmd), (22 bytes).
    Removing stm32f37x_i2c.o(i.I2C_AcknowledgeConfig), (22 bytes).
    Removing stm32f37x_i2c.o(i.I2C_AutoEndCmd), (22 bytes).
    Removing stm32f37x_i2c.o(i.I2C_CalculatePEC), (22 bytes).
    Removing stm32f37x_i2c.o(i.I2C_ClearFlag), (4 bytes).
    Removing stm32f37x_i2c.o(i.I2C_ClearITPendingBit), (4 bytes).
    Removing stm32f37x_i2c.o(i.I2C_ClockTimeoutCmd), (22 bytes).
    Removing stm32f37x_i2c.o(i.I2C_Cmd), (22 bytes).
    Removing stm32f37x_i2c.o(i.I2C_DMACmd), (18 bytes).
    Removing stm32f37x_i2c.o(i.I2C_DeInit), (56 bytes).
    Removing stm32f37x_i2c.o(i.I2C_DualAddressCmd), (22 bytes).
    Removing stm32f37x_i2c.o(i.I2C_ExtendedClockTimeoutCmd), (22 bytes).
    Removing stm32f37x_i2c.o(i.I2C_GeneralCallCmd), (22 bytes).
    Removing stm32f37x_i2c.o(i.I2C_GenerateSTART), (22 bytes).
    Removing stm32f37x_i2c.o(i.I2C_GenerateSTOP), (22 bytes).
    Removing stm32f37x_i2c.o(i.I2C_GetAddressMatched), (12 bytes).
    Removing stm32f37x_i2c.o(i.I2C_GetFlagStatus), (22 bytes).
    Removing stm32f37x_i2c.o(i.I2C_GetITStatus), (60 bytes).
    Removing stm32f37x_i2c.o(i.I2C_GetPEC), (8 bytes).
    Removing stm32f37x_i2c.o(i.I2C_GetTransferDirection), (22 bytes).
    Removing stm32f37x_i2c.o(i.I2C_ITConfig), (18 bytes).
    Removing stm32f37x_i2c.o(i.I2C_IdleClockTimeoutCmd), (22 bytes).
    Removing stm32f37x_i2c.o(i.I2C_Init), (104 bytes).
    Removing stm32f37x_i2c.o(i.I2C_MasterRequestConfig), (22 bytes).
    Removing stm32f37x_i2c.o(i.I2C_NumberOfBytesConfig), (24 bytes).
    Removing stm32f37x_i2c.o(i.I2C_OwnAddress2Config), (34 bytes).
    Removing stm32f37x_i2c.o(i.I2C_PECRequestCmd), (22 bytes).
    Removing stm32f37x_i2c.o(i.I2C_ReadRegister), (22 bytes).
    Removing stm32f37x_i2c.o(i.I2C_ReceiveData), (8 bytes).
    Removing stm32f37x_i2c.o(i.I2C_ReloadCmd), (22 bytes).
    Removing stm32f37x_i2c.o(i.I2C_SMBusAlertCmd), (22 bytes).
    Removing stm32f37x_i2c.o(i.I2C_SendData), (4 bytes).
    Removing stm32f37x_i2c.o(i.I2C_SlaveAddressConfig), (20 bytes).
    Removing stm32f37x_i2c.o(i.I2C_SlaveByteControlCmd), (22 bytes).
    Removing stm32f37x_i2c.o(i.I2C_SoftwareResetCmd), (20 bytes).
    Removing stm32f37x_i2c.o(i.I2C_StopModeCmd), (22 bytes).
    Removing stm32f37x_i2c.o(i.I2C_StretchClockCmd), (22 bytes).
    Removing stm32f37x_i2c.o(i.I2C_StructInit), (24 bytes).
    Removing stm32f37x_i2c.o(i.I2C_TimeoutAConfig), (20 bytes).
    Removing stm32f37x_i2c.o(i.I2C_TimeoutBConfig), (28 bytes).
    Removing stm32f37x_i2c.o(i.I2C_TransferHandling), (44 bytes).

409 unused section(s) (total 11694 bytes) removed from the image.

==============================================================================

Image Symbol Table

    Local Symbols

    Symbol Name                              Value     Ov Type        Size  Object(Section)

    ../clib/microlib/init/entry.s            0x00000000   Number         0  entry8b.o ABSOLUTE
    ../clib/microlib/init/entry.s            0x00000000   Number         0  entry.o ABSOLUTE
    ../clib/microlib/init/entry.s            0x00000000   Number         0  entry11b.o ABSOLUTE
    ../clib/microlib/init/entry.s            0x00000000   Number         0  entry11a.o ABSOLUTE
    ../clib/microlib/init/entry.s            0x00000000   Number         0  entry10b.o ABSOLUTE
    ../clib/microlib/init/entry.s            0x00000000   Number         0  entry10a.o ABSOLUTE
    ../clib/microlib/init/entry.s            0x00000000   Number         0  entry9b.o ABSOLUTE
    ../clib/microlib/init/entry.s            0x00000000   Number         0  entry9a.o ABSOLUTE
    ../clib/microlib/init/entry.s            0x00000000   Number         0  entry8a.o ABSOLUTE
    ../clib/microlib/init/entry.s            0x00000000   Number         0  entry7b.o ABSOLUTE
    ../clib/microlib/init/entry.s            0x00000000   Number         0  entry7a.o ABSOLUTE
    ../clib/microlib/init/entry.s            0x00000000   Number         0  entry5.o ABSOLUTE
    ../clib/microlib/init/entry.s            0x00000000   Number         0  entry2.o ABSOLUTE
    ../clib/microlib/string/memcpy.c         0x00000000   Number         0  memcpyb.o ABSOLUTE
    ../clib/microlib/string/memcpy.c         0x00000000   Number         0  memcpya.o ABSOLUTE
    ..\\drive\\exit.c                        0x00000000   Number         0  exit.o ABSOLUTE
    ..\\drive\\sdadc.c                       0x00000000   Number         0  sdadc.o ABSOLUTE
    ..\\drive\\systick.c                     0x00000000   Number         0  systick.o ABSOLUTE
    ..\\drive\\time.c                        0x00000000   Number         0  time.o ABSOLUTE
    ..\\drive\\uart.c                        0x00000000   Number         0  uart.o ABSOLUTE
    ..\\lib\\src\\stm32f37x_adc.c            0x00000000   Number         0  stm32f37x_adc.o ABSOLUTE
    ..\\lib\\src\\stm32f37x_exti.c           0x00000000   Number         0  stm32f37x_exti.o ABSOLUTE
    ..\\lib\\src\\stm32f37x_gpio.c           0x00000000   Number         0  stm32f37x_gpio.o ABSOLUTE
    ..\\lib\\src\\stm32f37x_i2c.c            0x00000000   Number         0  stm32f37x_i2c.o ABSOLUTE
    ..\\lib\\src\\stm32f37x_misc.c           0x00000000   Number         0  stm32f37x_misc.o ABSOLUTE
    ..\\lib\\src\\stm32f37x_pwr.c            0x00000000   Number         0  stm32f37x_pwr.o ABSOLUTE
    ..\\lib\\src\\stm32f37x_rcc.c            0x00000000   Number         0  stm32f37x_rcc.o ABSOLUTE
    ..\\lib\\src\\stm32f37x_sdadc.c          0x00000000   Number         0  stm32f37x_sdadc.o ABSOLUTE
    ..\\lib\\src\\stm32f37x_spi.c            0x00000000   Number         0  stm32f37x_spi.o ABSOLUTE
    ..\\lib\\src\\stm32f37x_syscfg.c         0x00000000   Number         0  stm32f37x_syscfg.o ABSOLUTE
    ..\\lib\\src\\stm32f37x_tim.c            0x00000000   Number         0  stm32f37x_tim.o ABSOLUTE
    ..\\lib\\src\\stm32f37x_usart.c          0x00000000   Number         0  stm32f37x_usart.o ABSOLUTE
    ..\\stm32f3\\stm32f37x_it.c              0x00000000   Number         0  stm32f37x_it.o ABSOLUTE
    ..\\stm32f3\\system_stm32f37x.c          0x00000000   Number         0  system_stm32f37x.o ABSOLUTE
    ..\drive\exit.c                          0x00000000   Number         0  exit.o ABSOLUTE
    ..\drive\sdadc.c                         0x00000000   Number         0  sdadc.o ABSOLUTE
    ..\drive\systick.c                       0x00000000   Number         0  systick.o ABSOLUTE
    ..\drive\time.c                          0x00000000   Number         0  time.o ABSOLUTE
    ..\drive\uart.c                          0x00000000   Number         0  uart.o ABSOLUTE
    ..\lib\src\stm32f37x_adc.c               0x00000000   Number         0  stm32f37x_adc.o ABSOLUTE
    ..\lib\src\stm32f37x_exti.c              0x00000000   Number         0  stm32f37x_exti.o ABSOLUTE
    ..\lib\src\stm32f37x_gpio.c              0x00000000   Number         0  stm32f37x_gpio.o ABSOLUTE
    ..\lib\src\stm32f37x_i2c.c               0x00000000   Number         0  stm32f37x_i2c.o ABSOLUTE
    ..\lib\src\stm32f37x_misc.c              0x00000000   Number         0  stm32f37x_misc.o ABSOLUTE
    ..\lib\src\stm32f37x_pwr.c               0x00000000   Number         0  stm32f37x_pwr.o ABSOLUTE
    ..\lib\src\stm32f37x_rcc.c               0x00000000   Number         0  stm32f37x_rcc.o ABSOLUTE
    ..\lib\src\stm32f37x_sdadc.c             0x00000000   Number         0  stm32f37x_sdadc.o ABSOLUTE
    ..\lib\src\stm32f37x_spi.c               0x00000000   Number         0  stm32f37x_spi.o ABSOLUTE
    ..\lib\src\stm32f37x_syscfg.c            0x00000000   Number         0  stm32f37x_syscfg.o ABSOLUTE
    ..\lib\src\stm32f37x_tim.c               0x00000000   Number         0  stm32f37x_tim.o ABSOLUTE
    ..\lib\src\stm32f37x_usart.c             0x00000000   Number         0  stm32f37x_usart.o ABSOLUTE
    ..\stm32f3\stm32f37x_it.c                0x00000000   Number         0  stm32f37x_it.o ABSOLUTE
    ..\stm32f3\system_stm32f37x.c            0x00000000   Number         0  system_stm32f37x.o ABSOLUTE
    dc.s                                     0x00000000   Number         0  dc.o ABSOLUTE
    handlers.s                               0x00000000   Number         0  handlers.o ABSOLUTE
    init.s                                   0x00000000   Number         0  init.o ABSOLUTE
    main.c                                   0x00000000   Number         0  main.o ABSOLUTE
    main.c                                   0x00000000   Number         0  main.o ABSOLUTE
    startup_stm32f37x.s                      0x00000000   Number         0  startup_stm32f37x.o ABSOLUTE
    RESET                                    0x08000000   Section      392  startup_stm32f37x.o(RESET)
    .ARM.Collect$$$$00000000                 0x08000188   Section        0  entry.o(.ARM.Collect$$$$00000000)
    .ARM.Collect$$$$00000001                 0x08000188   Section        4  entry2.o(.ARM.Collect$$$$00000001)
    .ARM.Collect$$$$00000004                 0x0800018c   Section        4  entry5.o(.ARM.Collect$$$$00000004)
    .ARM.Collect$$$$00000008                 0x08000190   Section        0  entry7b.o(.ARM.Collect$$$$00000008)
    .ARM.Collect$$$$0000000A                 0x08000190   Section        0  entry8b.o(.ARM.Collect$$$$0000000A)
    .ARM.Collect$$$$0000000B                 0x08000190   Section        8  entry9a.o(.ARM.Collect$$$$0000000B)
    .ARM.Collect$$$$0000000D                 0x08000198   Section        0  entry10a.o(.ARM.Collect$$$$0000000D)
    .ARM.Collect$$$$0000000F                 0x08000198   Section        0  entry11a.o(.ARM.Collect$$$$0000000F)
    .ARM.Collect$$$$00002712                 0x08000198   Section        4  entry2.o(.ARM.Collect$$$$00002712)
    __lit__00000000                          0x08000198   Data           4  entry2.o(.ARM.Collect$$$$00002712)
    .text                                    0x0800019c   Section       36  startup_stm32f37x.o(.text)
    $v0                                      0x0800019c   Number         0  startup_stm32f37x.o(.text)
    .text                                    0x080001c0   Section        0  memcpya.o(.text)
    .text                                    0x080001e4   Section       36  init.o(.text)
    i.BusFault_Handler                       0x08000208   Section        0  stm32f37x_it.o(i.BusFault_Handler)
    i.DebugMon_Handler                       0x0800020c   Section        0  stm32f37x_it.o(i.DebugMon_Handler)
    i.EXTI4_IRQHandler                       0x08000210   Section        0  stm32f37x_it.o(i.EXTI4_IRQHandler)
    i.EXTI_ClearITPendingBit                 0x080002d0   Section        0  stm32f37x_exti.o(i.EXTI_ClearITPendingBit)
    i.EXTI_GetITStatus                       0x080002dc   Section        0  stm32f37x_exti.o(i.EXTI_GetITStatus)
    i.GPIO_Init                              0x08000304   Section        0  stm32f37x_gpio.o(i.GPIO_Init)
    i.GPIO_PinAFConfig                       0x08000394   Section        0  stm32f37x_gpio.o(i.GPIO_PinAFConfig)
    i.GPIO_ResetBits                         0x080003da   Section        0  stm32f37x_gpio.o(i.GPIO_ResetBits)
    i.HardFault_Handler                      0x080003de   Section        0  stm32f37x_it.o(i.HardFault_Handler)
    i.MemManage_Handler                      0x080003e2   Section        0  stm32f37x_it.o(i.MemManage_Handler)
    i.NMI_Handler                            0x080003e6   Section        0  stm32f37x_it.o(i.NMI_Handler)
    i.PendSV_Handler                         0x080003e8   Section        0  stm32f37x_it.o(i.PendSV_Handler)
    i.RCC_AHBPeriphClockCmd                  0x080003ec   Section        0  stm32f37x_rcc.o(i.RCC_AHBPeriphClockCmd)
    i.RCC_APB2PeriphClockCmd                 0x0800040c   Section        0  stm32f37x_rcc.o(i.RCC_APB2PeriphClockCmd)
    i.RCC_GetClocksFreq                      0x0800042c   Section        0  stm32f37x_rcc.o(i.RCC_GetClocksFreq)
    i.SDADC1_IRQHandler                      0x0800063c   Section        0  stm32f37x_it.o(i.SDADC1_IRQHandler)
    i.SDADC_GetFlagStatus                    0x080006f0   Section        0  stm32f37x_sdadc.o(i.SDADC_GetFlagStatus)
    i.SDADC_GetInjectedConversionValue       0x08000704   Section        0  stm32f37x_sdadc.o(i.SDADC_GetInjectedConversionValue)
    i.SDADC_SoftwareStartInjectedConv        0x08000728   Section        0  stm32f37x_sdadc.o(i.SDADC_SoftwareStartInjectedConv)
    i.SVC_Handler                            0x08000732   Section        0  stm32f37x_it.o(i.SVC_Handler)
    i.SetSysClock                            0x08000734   Section        0  system_stm32f37x.o(i.SetSysClock)
    SetSysClock                              0x08000735   Thumb Code   188  system_stm32f37x.o(i.SetSysClock)
    i.SysTick_Handler                        0x080007f8   Section        0  stm32f37x_it.o(i.SysTick_Handler)
    i.SystemInit                             0x08000800   Section        0  system_stm32f37x.o(i.SystemInit)
    i.Systick_Init                           0x08000880   Section        0  systick.o(i.Systick_Init)
    i.TIM3_IRQHandler                        0x080008e8   Section        0  time.o(i.TIM3_IRQHandler)
    i.TIM_ClearITPendingBit                  0x0800091c   Section        0  stm32f37x_tim.o(i.TIM_ClearITPendingBit)
    i.TIM_Cmd                                0x08000922   Section        0  stm32f37x_tim.o(i.TIM_Cmd)
    i.TIM_GetITStatus                        0x0800093a   Section        0  stm32f37x_tim.o(i.TIM_GetITStatus)
    i.TimingDelay_Decrement                  0x0800095c   Section        0  systick.o(i.TimingDelay_Decrement)
    i.USART_Cmd                              0x08000974   Section        0  stm32f37x_usart.o(i.USART_Cmd)
    i.USART_Configuration                    0x0800098c   Section        0  uart.o(i.USART_Configuration)
    i.USART_Init                             0x08000a08   Section        0  stm32f37x_usart.o(i.USART_Init)
    i.UsageFault_Handler                     0x08000ad4   Section        0  stm32f37x_it.o(i.UsageFault_Handler)
    i.__scatterload_copy                     0x08000ad8   Section       14  handlers.o(i.__scatterload_copy)
    i.__scatterload_null                     0x08000ae6   Section        2  handlers.o(i.__scatterload_null)
    i.__scatterload_zeroinit                 0x08000ae8   Section       14  handlers.o(i.__scatterload_zeroinit)
    i.main                                   0x08000af8   Section        0  main.o(i.main)
    .data                                    0x20000000   Section        8  stm32f37x_it.o(.data)
    .data                                    0x20000008   Section       20  system_stm32f37x.o(.data)
    .data                                    0x2000001c   Section        4  systick.o(.data)
    TimingDelay                              0x2000001c   Data           4  systick.o(.data)
    .data                                    0x20000020   Section        4  time.o(.data)
    .data                                    0x20000024   Section       36  stm32f37x_rcc.o(.data)
    APBAHBPrescTable                         0x20000024   Data          16  stm32f37x_rcc.o(.data)
    ADCPrescTable                            0x20000034   Data           4  stm32f37x_rcc.o(.data)
    SDADCPrescTable                          0x20000038   Data          16  stm32f37x_rcc.o(.data)
    .bss                                     0x20000048   Section     2866  stm32f37x_it.o(.bss)
    STACK                                    0x20000b80   Section     1024  startup_stm32f37x.o(STACK)

    Global Symbols

    Symbol Name                              Value     Ov Type        Size  Object(Section)

    BuildAttributes$$THM_ISAv4$E$P$D$K$B$S$7EM$VFPi3$EXTD16$VFPS$VFMA$PE$A:L22UL41UL21$X:L11$S22US41US21$IEEE1$IW$USESV6$~STKCKD$USESV7$~SHL$OSPACE$EBA8$MICROLIB$REQ8$PRES8$EABIv2 0x00000000   Number         0  anon$$obj.o ABSOLUTE
    __ARM_use_no_argv                        0x00000000   Number         0  main.o ABSOLUTE
    __cpp_initialize__aeabi_                  - Undefined Weak Reference
    __cxa_finalize                            - Undefined Weak Reference
    __decompress                              - Undefined Weak Reference
    _clock_init                               - Undefined Weak Reference
    _microlib_exit                            - Undefined Weak Reference
    __Vectors_Size                           0x00000188   Number         0  startup_stm32f37x.o ABSOLUTE
    __Vectors                                0x08000000   Data           4  startup_stm32f37x.o(RESET)
    __Vectors_End                            0x08000188   Data           0  startup_stm32f37x.o(RESET)
    __main                                   0x08000189   Thumb Code     0  entry.o(.ARM.Collect$$$$00000000)
    _main_stk                                0x08000189   Thumb Code     0  entry2.o(.ARM.Collect$$$$00000001)
    _main_scatterload                        0x0800018d   Thumb Code     0  entry5.o(.ARM.Collect$$$$00000004)
    __main_after_scatterload                 0x08000191   Thumb Code     0  entry5.o(.ARM.Collect$$$$00000004)
    _main_clock                              0x08000191   Thumb Code     0  entry7b.o(.ARM.Collect$$$$00000008)
    _main_cpp_init                           0x08000191   Thumb Code     0  entry8b.o(.ARM.Collect$$$$0000000A)
    _main_init                               0x08000191   Thumb Code     0  entry9a.o(.ARM.Collect$$$$0000000B)
    __rt_final_cpp                           0x08000199   Thumb Code     0  entry10a.o(.ARM.Collect$$$$0000000D)
    __rt_final_exit                          0x08000199   Thumb Code     0  entry11a.o(.ARM.Collect$$$$0000000F)
    Reset_Handler                            0x0800019d   Thumb Code     8  startup_stm32f37x.o(.text)
    ADC1_IRQHandler                          0x080001b7   Thumb Code     0  startup_stm32f37x.o(.text)
    CAN1_RX0_IRQHandler                      0x080001b7   Thumb Code     0  startup_stm32f37x.o(.text)
    CAN1_RX1_IRQHandler                      0x080001b7   Thumb Code     0  startup_stm32f37x.o(.text)
    CAN1_SCE_IRQHandler                      0x080001b7   Thumb Code     0  startup_stm32f37x.o(.text)
    CAN1_TX_IRQHandler                       0x080001b7   Thumb Code     0  startup_stm32f37x.o(.text)
    CEC_IRQHandler                           0x080001b7   Thumb Code     0  startup_stm32f37x.o(.text)
    COMP_IRQHandler                          0x080001b7   Thumb Code     0  startup_stm32f37x.o(.text)
    DMA1_Channel1_IRQHandler                 0x080001b7   Thumb Code     0  startup_stm32f37x.o(.text)
    DMA1_Channel2_IRQHandler                 0x080001b7   Thumb Code     0  startup_stm32f37x.o(.text)
    DMA1_Channel3_IRQHandler                 0x080001b7   Thumb Code     0  startup_stm32f37x.o(.text)
    DMA1_Channel4_IRQHandler                 0x080001b7   Thumb Code     0  startup_stm32f37x.o(.text)
    DMA1_Channel5_IRQHandler                 0x080001b7   Thumb Code     0  startup_stm32f37x.o(.text)
    DMA1_Channel6_IRQHandler                 0x080001b7   Thumb Code     0  startup_stm32f37x.o(.text)
    DMA1_Channel7_IRQHandler                 0x080001b7   Thumb Code     0  startup_stm32f37x.o(.text)
    DMA2_Channel1_IRQHandler                 0x080001b7   Thumb Code     0  startup_stm32f37x.o(.text)
    DMA2_Channel2_IRQHandler                 0x080001b7   Thumb Code     0  startup_stm32f37x.o(.text)
    DMA2_Channel3_IRQHandler                 0x080001b7   Thumb Code     0  startup_stm32f37x.o(.text)
    DMA2_Channel4_IRQHandler                 0x080001b7   Thumb Code     0  startup_stm32f37x.o(.text)
    DMA2_Channel5_IRQHandler                 0x080001b7   Thumb Code     0  startup_stm32f37x.o(.text)
    EXTI0_IRQHandler                         0x080001b7   Thumb Code     0  startup_stm32f37x.o(.text)
    EXTI15_10_IRQHandler                     0x080001b7   Thumb Code     0  startup_stm32f37x.o(.text)
    EXTI1_IRQHandler                         0x080001b7   Thumb Code     0  startup_stm32f37x.o(.text)
    EXTI2_TS_IRQHandler                      0x080001b7   Thumb Code     0  startup_stm32f37x.o(.text)
    EXTI3_IRQHandler                         0x080001b7   Thumb Code     0  startup_stm32f37x.o(.text)
    EXTI9_5_IRQHandler                       0x080001b7   Thumb Code     0  startup_stm32f37x.o(.text)
    FLASH_IRQHandler                         0x080001b7   Thumb Code     0  startup_stm32f37x.o(.text)
    FPU_IRQHandler                           0x080001b7   Thumb Code     0  startup_stm32f37x.o(.text)
    I2C1_ER_IRQHandler                       0x080001b7   Thumb Code     0  startup_stm32f37x.o(.text)
    I2C1_EV_IRQHandler                       0x080001b7   Thumb Code     0  startup_stm32f37x.o(.text)
    I2C2_ER_IRQHandler                       0x080001b7   Thumb Code     0  startup_stm32f37x.o(.text)
    I2C2_EV_IRQHandler                       0x080001b7   Thumb Code     0  startup_stm32f37x.o(.text)
    PVD_IRQHandler                           0x080001b7   Thumb Code     0  startup_stm32f37x.o(.text)
    RCC_IRQHandler                           0x080001b7   Thumb Code     0  startup_stm32f37x.o(.text)
    RTC_Alarm_IRQHandler                     0x080001b7   Thumb Code     0  startup_stm32f37x.o(.text)
    RTC_WKUP_IRQHandler                      0x080001b7   Thumb Code     0  startup_stm32f37x.o(.text)
    SDADC2_IRQHandler                        0x080001b7   Thumb Code     0  startup_stm32f37x.o(.text)
    SDADC3_IRQHandler                        0x080001b7   Thumb Code     0  startup_stm32f37x.o(.text)
    SPI1_IRQHandler                          0x080001b7   Thumb Code     0  startup_stm32f37x.o(.text)
    SPI2_IRQHandler                          0x080001b7   Thumb Code     0  startup_stm32f37x.o(.text)
    SPI3_IRQHandler                          0x080001b7   Thumb Code     0  startup_stm32f37x.o(.text)
    TAMPER_STAMP_IRQHandler                  0x080001b7   Thumb Code     0  startup_stm32f37x.o(.text)
    TIM12_IRQHandler                         0x080001b7   Thumb Code     0  startup_stm32f37x.o(.text)
    TIM13_IRQHandler                         0x080001b7   Thumb Code     0  startup_stm32f37x.o(.text)
    TIM14_IRQHandler                         0x080001b7   Thumb Code     0  startup_stm32f37x.o(.text)
    TIM15_IRQHandler                         0x080001b7   Thumb Code     0  startup_stm32f37x.o(.text)
    TIM16_IRQHandler                         0x080001b7   Thumb Code     0  startup_stm32f37x.o(.text)
    TIM17_IRQHandler                         0x080001b7   Thumb Code     0  startup_stm32f37x.o(.text)
    TIM18_DAC2_IRQHandler                    0x080001b7   Thumb Code     0  startup_stm32f37x.o(.text)
    TIM19_IRQHandler                         0x080001b7   Thumb Code     0  startup_stm32f37x.o(.text)
    TIM2_IRQHandler                          0x080001b7   Thumb Code     0  startup_stm32f37x.o(.text)
    TIM4_IRQHandler                          0x080001b7   Thumb Code     0  startup_stm32f37x.o(.text)
    TIM5_IRQHandler                          0x080001b7   Thumb Code     0  startup_stm32f37x.o(.text)
    TIM6_DAC1_IRQHandler                     0x080001b7   Thumb Code     0  startup_stm32f37x.o(.text)
    TIM7_IRQHandler                          0x080001b7   Thumb Code     0  startup_stm32f37x.o(.text)
    USART1_IRQHandler                        0x080001b7   Thumb Code     0  startup_stm32f37x.o(.text)
    USART2_IRQHandler                        0x080001b7   Thumb Code     0  startup_stm32f37x.o(.text)
    USART3_IRQHandler                        0x080001b7   Thumb Code     0  startup_stm32f37x.o(.text)
    USBWakeUp_IRQHandler                     0x080001b7   Thumb Code     0  startup_stm32f37x.o(.text)
    USB_HP_IRQHandler                        0x080001b7   Thumb Code     0  startup_stm32f37x.o(.text)
    USB_LP_IRQHandler                        0x080001b7   Thumb Code     0  startup_stm32f37x.o(.text)
    WWDG_IRQHandler                          0x080001b7   Thumb Code     0  startup_stm32f37x.o(.text)
    __aeabi_memcpy                           0x080001c1   Thumb Code    36  memcpya.o(.text)
    __aeabi_memcpy4                          0x080001c1   Thumb Code     0  memcpya.o(.text)
    __aeabi_memcpy8                          0x080001c1   Thumb Code     0  memcpya.o(.text)
    __scatterload                            0x080001e5   Thumb Code    28  init.o(.text)
    __scatterload_rt2                        0x080001e5   Thumb Code     0  init.o(.text)
    BusFault_Handler                         0x08000209   Thumb Code     4  stm32f37x_it.o(i.BusFault_Handler)
    DebugMon_Handler                         0x0800020d   Thumb Code     2  stm32f37x_it.o(i.DebugMon_Handler)
    EXTI4_IRQHandler                         0x08000211   Thumb Code   158  stm32f37x_it.o(i.EXTI4_IRQHandler)
    EXTI_ClearITPendingBit                   0x080002d1   Thumb Code     6  stm32f37x_exti.o(i.EXTI_ClearITPendingBit)
    EXTI_GetITStatus                         0x080002dd   Thumb Code    34  stm32f37x_exti.o(i.EXTI_GetITStatus)
    GPIO_Init                                0x08000305   Thumb Code   144  stm32f37x_gpio.o(i.GPIO_Init)
    GPIO_PinAFConfig                         0x08000395   Thumb Code    70  stm32f37x_gpio.o(i.GPIO_PinAFConfig)
    GPIO_ResetBits                           0x080003db   Thumb Code     4  stm32f37x_gpio.o(i.GPIO_ResetBits)
    HardFault_Handler                        0x080003df   Thumb Code     4  stm32f37x_it.o(i.HardFault_Handler)
    MemManage_Handler                        0x080003e3   Thumb Code     4  stm32f37x_it.o(i.MemManage_Handler)
    NMI_Handler                              0x080003e7   Thumb Code     2  stm32f37x_it.o(i.NMI_Handler)
    PendSV_Handler                           0x080003e9   Thumb Code     2  stm32f37x_it.o(i.PendSV_Handler)
    RCC_AHBPeriphClockCmd                    0x080003ed   Thumb Code    26  stm32f37x_rcc.o(i.RCC_AHBPeriphClockCmd)
    RCC_APB2PeriphClockCmd                   0x0800040d   Thumb Code    26  stm32f37x_rcc.o(i.RCC_APB2PeriphClockCmd)
    RCC_GetClocksFreq                        0x0800042d   Thumb Code   504  stm32f37x_rcc.o(i.RCC_GetClocksFreq)
    SDADC1_IRQHandler                        0x0800063d   Thumb Code   158  stm32f37x_it.o(i.SDADC1_IRQHandler)
    SDADC_GetFlagStatus                      0x080006f1   Thumb Code    18  stm32f37x_sdadc.o(i.SDADC_GetFlagStatus)
    SDADC_GetInjectedConversionValue         0x08000705   Thumb Code    30  stm32f37x_sdadc.o(i.SDADC_GetInjectedConversionValue)
    SDADC_SoftwareStartInjectedConv          0x08000729   Thumb Code    10  stm32f37x_sdadc.o(i.SDADC_SoftwareStartInjectedConv)
    SVC_Handler                              0x08000733   Thumb Code     2  stm32f37x_it.o(i.SVC_Handler)
    SysTick_Handler                          0x080007f9   Thumb Code     8  stm32f37x_it.o(i.SysTick_Handler)
    SystemInit                               0x08000801   Thumb Code   110  system_stm32f37x.o(i.SystemInit)
    Systick_Init                             0x08000881   Thumb Code    90  systick.o(i.Systick_Init)
    TIM3_IRQHandler                          0x080008e9   Thumb Code    40  time.o(i.TIM3_IRQHandler)
    TIM_ClearITPendingBit                    0x0800091d   Thumb Code     6  stm32f37x_tim.o(i.TIM_ClearITPendingBit)
    TIM_Cmd                                  0x08000923   Thumb Code    24  stm32f37x_tim.o(i.TIM_Cmd)
    TIM_GetITStatus                          0x0800093b   Thumb Code    34  stm32f37x_tim.o(i.TIM_GetITStatus)
    TimingDelay_Decrement                    0x0800095d   Thumb Code    18  systick.o(i.TimingDelay_Decrement)
    USART_Cmd                                0x08000975   Thumb Code    22  stm32f37x_usart.o(i.USART_Cmd)
    USART_Configuration                      0x0800098d   Thumb Code   114  uart.o(i.USART_Configuration)
    USART_Init                               0x08000a09   Thumb Code   196  stm32f37x_usart.o(i.USART_Init)
    UsageFault_Handler                       0x08000ad5   Thumb Code     4  stm32f37x_it.o(i.UsageFault_Handler)
    __scatterload_copy                       0x08000ad9   Thumb Code    14  handlers.o(i.__scatterload_copy)
    __scatterload_null                       0x08000ae7   Thumb Code     2  handlers.o(i.__scatterload_null)
    __scatterload_zeroinit                   0x08000ae9   Thumb Code    14  handlers.o(i.__scatterload_zeroinit)
    main                                     0x08000af9   Thumb Code    74  main.o(i.main)
    Region$$Table$$Base                      0x08000b48   Number         0  anon$$obj.o(Region$$Table)
    Region$$Table$$Limit                     0x08000b68   Number         0  anon$$obj.o(Region$$Table)
    package_count                            0x20000000   Data           2  stm32f37x_it.o(.data)
    first                                    0x20000002   Data           1  stm32f37x_it.o(.data)
    osc_copy                                 0x20000004   Data           2  stm32f37x_it.o(.data)
    stamp_cnt                                0x20000006   Data           1  stm32f37x_it.o(.data)
    start                                    0x20000007   Data           1  stm32f37x_it.o(.data)
    SystemCoreClock                          0x20000008   Data           4  system_stm32f37x.o(.data)
    AHBPrescTable                            0x2000000c   Data          16  system_stm32f37x.o(.data)
    osc_count                                0x20000020   Data           4  time.o(.data)
    H_timestamp                              0x20000048   Data          44  stm32f37x_it.o(.bss)
    L_timestamp                              0x20000074   Data          20  stm32f37x_it.o(.bss)
    center_timestamp                         0x20000088   Data          10  stm32f37x_it.o(.bss)
    A                                        0x20000092   Data        1396  stm32f37x_it.o(.bss)
    B                                        0x20000606   Data        1396  stm32f37x_it.o(.bss)
    __initial_sp                             0x20000f80   Data           0  startup_stm32f37x.o(STACK)



==============================================================================

Memory Map of the image

  Image Entry point : 0x08000189

  Load Region LR_IROM1 (Base: 0x08000000, Size: 0x00000bb0, Max: 0x00010000, ABSOLUTE)

    Execution Region ER_IROM1 (Base: 0x08000000, Size: 0x00000b68, Max: 0x00010000, ABSOLUTE)

    Base Addr    Size         Type   Attr      Idx    E Section Name        Object

    0x08000000   0x00000188   Data   RO            3    RESET               startup_stm32f37x.o
    0x08000188   0x00000000   Code   RO         2856  * .ARM.Collect$$$$00000000  mc_w.l(entry.o)
    0x08000188   0x00000004   Code   RO         2863    .ARM.Collect$$$$00000001  mc_w.l(entry2.o)
    0x0800018c   0x00000004   Code   RO         2866    .ARM.Collect$$$$00000004  mc_w.l(entry5.o)
    0x08000190   0x00000000   Code   RO         2868    .ARM.Collect$$$$00000008  mc_w.l(entry7b.o)
    0x08000190   0x00000000   Code   RO         2870    .ARM.Collect$$$$0000000A  mc_w.l(entry8b.o)
    0x08000190   0x00000008   Code   RO         2871    .ARM.Collect$$$$0000000B  mc_w.l(entry9a.o)
    0x08000198   0x00000000   Code   RO         2873    .ARM.Collect$$$$0000000D  mc_w.l(entry10a.o)
    0x08000198   0x00000000   Code   RO         2875    .ARM.Collect$$$$0000000F  mc_w.l(entry11a.o)
    0x08000198   0x00000004   Code   RO         2864    .ARM.Collect$$$$00002712  mc_w.l(entry2.o)
    0x0800019c   0x00000024   Code   RO            4    .text               startup_stm32f37x.o
    0x080001c0   0x00000024   Code   RO         2859    .text               mc_w.l(memcpya.o)
    0x080001e4   0x00000024   Code   RO         2877    .text               mc_w.l(init.o)
    0x08000208   0x00000004   Code   RO           12    i.BusFault_Handler  stm32f37x_it.o
    0x0800020c   0x00000002   Code   RO           13    i.DebugMon_Handler  stm32f37x_it.o
    0x0800020e   0x00000002   PAD
    0x08000210   0x000000c0   Code   RO           14    i.EXTI4_IRQHandler  stm32f37x_it.o
    0x080002d0   0x0000000c   Code   RO         1097    i.EXTI_ClearITPendingBit  stm32f37x_exti.o
    0x080002dc   0x00000028   Code   RO         1101    i.EXTI_GetITStatus  stm32f37x_exti.o
    0x08000304   0x00000090   Code   RO          757    i.GPIO_Init         stm32f37x_gpio.o
    0x08000394   0x00000046   Code   RO          758    i.GPIO_PinAFConfig  stm32f37x_gpio.o
    0x080003da   0x00000004   Code   RO          764    i.GPIO_ResetBits    stm32f37x_gpio.o
    0x080003de   0x00000004   Code   RO           15    i.HardFault_Handler  stm32f37x_it.o
    0x080003e2   0x00000004   Code   RO           16    i.MemManage_Handler  stm32f37x_it.o
    0x080003e6   0x00000002   Code   RO           17    i.NMI_Handler       stm32f37x_it.o
    0x080003e8   0x00000002   Code   RO           18    i.PendSV_Handler    stm32f37x_it.o
    0x080003ea   0x00000002   PAD
    0x080003ec   0x00000020   Code   RO         1203    i.RCC_AHBPeriphClockCmd  stm32f37x_rcc.o
    0x0800040c   0x00000020   Code   RO         1207    i.RCC_APB2PeriphClockCmd  stm32f37x_rcc.o
    0x0800042c   0x00000210   Code   RO         1216    i.RCC_GetClocksFreq  stm32f37x_rcc.o
    0x0800063c   0x000000b4   Code   RO           19    i.SDADC1_IRQHandler  stm32f37x_it.o
    0x080006f0   0x00000012   Code   RO          866    i.SDADC_GetFlagStatus  stm32f37x_sdadc.o
    0x08000702   0x00000002   PAD
    0x08000704   0x00000024   Code   RO          871    i.SDADC_GetInjectedConversionValue  stm32f37x_sdadc.o
    0x08000728   0x0000000a   Code   RO          882    i.SDADC_SoftwareStartInjectedConv  stm32f37x_sdadc.o
    0x08000732   0x00000002   Code   RO           20    i.SVC_Handler       stm32f37x_it.o
    0x08000734   0x000000c4   Code   RO          212    i.SetSysClock       system_stm32f37x.o
    0x080007f8   0x00000008   Code   RO           21    i.SysTick_Handler   stm32f37x_it.o
    0x08000800   0x00000080   Code   RO          214    i.SystemInit        system_stm32f37x.o
    0x08000880   0x00000068   Code   RO          329    i.Systick_Init      systick.o
    0x080008e8   0x00000034   Code   RO          366    i.TIM3_IRQHandler   time.o
    0x0800091c   0x00000006   Code   RO         1617    i.TIM_ClearITPendingBit  stm32f37x_tim.o
    0x08000922   0x00000018   Code   RO         1622    i.TIM_Cmd           stm32f37x_tim.o
    0x0800093a   0x00000022   Code   RO         1643    i.TIM_GetITStatus   stm32f37x_tim.o
    0x0800095c   0x00000018   Code   RO          330    i.TimingDelay_Decrement  systick.o
    0x08000974   0x00000016   Code   RO          455    i.USART_Cmd         stm32f37x_usart.o
    0x0800098a   0x00000002   PAD
    0x0800098c   0x0000007c   Code   RO          252    i.USART_Configuration  uart.o
    0x08000a08   0x000000cc   Code   RO          467    i.USART_Init        stm32f37x_usart.o
    0x08000ad4   0x00000004   Code   RO           22    i.UsageFault_Handler  stm32f37x_it.o
    0x08000ad8   0x0000000e   Code   RO         2881    i.__scatterload_copy  mc_w.l(handlers.o)
    0x08000ae6   0x00000002   Code   RO         2882    i.__scatterload_null  mc_w.l(handlers.o)
    0x08000ae8   0x0000000e   Code   RO         2883    i.__scatterload_zeroinit  mc_w.l(handlers.o)
    0x08000af6   0x00000002   PAD
    0x08000af8   0x00000050   Code   RO          424    i.main              main.o
    0x08000b48   0x00000020   Data   RO         2879    Region$$Table       anon$$obj.o


    Execution Region RW_IRAM1 (Base: 0x20000000, Size: 0x00000f80, Max: 0x00004000, ABSOLUTE)

    Base Addr    Size         Type   Attr      Idx    E Section Name        Object

    0x20000000   0x00000008   Data   RW           24    .data               stm32f37x_it.o
    0x20000008   0x00000014   Data   RW          215    .data               system_stm32f37x.o
    0x2000001c   0x00000004   Data   RW          331    .data               systick.o
    0x20000020   0x00000004   Data   RW          368    .data               time.o
    0x20000024   0x00000024   Data   RW         1241    .data               stm32f37x_rcc.o
    0x20000048   0x00000b32   Zero   RW           23    .bss                stm32f37x_it.o
    0x20000b7a   0x00000006   PAD
    0x20000b80   0x00000400   Zero   RW            1    STACK               startup_stm32f37x.o


==============================================================================

Image component sizes


      Code (inc. data)   RO Data    RW Data    ZI Data      Debug   Object Name

        80          6          0          0          0        611   main.o
        36          8        392          0       1024        880   startup_stm32f37x.o
        52         12          0          0          0       1256   stm32f37x_exti.o
       218          0          0          0          0       2492   stm32f37x_gpio.o
       404         56          0          8       2866     226053   stm32f37x_it.o
       592         36          0         36          0       4129   stm32f37x_rcc.o
        64          6          0          0          0       2459   stm32f37x_sdadc.o
        64          0          0          0          0       2468   stm32f37x_tim.o
       226          8          0          0          0       2189   stm32f37x_usart.o
       324         26          0         20          0       2005   system_stm32f37x.o
       128         20          0          4          0      28282   systick.o
        52         12          0          4          0        806   time.o
       124         10          0          0          0        686   uart.o

    ----------------------------------------------------------------------
      2372        200        424         72       3896     274316   Object Totals
         0          0         32          0          0          0   (incl. Generated)
         8          0          0          0          6          0   (incl. Padding)

    ----------------------------------------------------------------------

      Code (inc. data)   RO Data    RW Data    ZI Data      Debug   Library Member Name

         0          0          0          0          0          0   entry.o
         0          0          0          0          0          0   entry10a.o
         0          0          0          0          0          0   entry11a.o
         8          4          0          0          0          0   entry2.o
         4          0          0          0          0          0   entry5.o
         0          0          0          0          0          0   entry7b.o
         0          0          0          0          0          0   entry8b.o
         8          4          0          0          0          0   entry9a.o
        30          0          0          0          0          0   handlers.o
        36          8          0          0          0         68   init.o
        36          0          0          0          0         68   memcpya.o

    ----------------------------------------------------------------------
       124         16          0          0          0        136   Library Totals
         2          0          0          0          0          0   (incl. Padding)

    ----------------------------------------------------------------------

      Code (inc. data)   RO Data    RW Data    ZI Data      Debug   Library Name

       122         16          0          0          0        136   mc_w.l

    ----------------------------------------------------------------------
       124         16          0          0          0        136   Library Totals

    ----------------------------------------------------------------------

==============================================================================


      Code (inc. data)   RO Data    RW Data    ZI Data      Debug   

      2496        216        424         72       3896     271756   Grand Totals
      2496        216        424         72       3896     271756   ELF Image Totals
      2496        216        424         72          0          0   ROM Totals

==============================================================================

    Total RO  Size (Code + RO Data)                 2920 (   2.85kB)
    Total RW  Size (RW Data + ZI Data)              3968 (   3.88kB)
    Total ROM Size (Code + RO Data + RW Data)       2992 (   2.92kB)

==============================================================================

