<html>
<body>
<pre>
<h1>礦ision Build Log</h1>
<h2>Tool Versions:</h2>
IDE-Version: μVision V5.18a
Copyright (C) 2016 ARM Ltd and ARM Germany GmbH. All rights reserved.
License Information: s Hensel, ss, LIC=----
 
Tool Versions:
Toolchain:       MDK-Lite  Version: 5.18a
Toolchain Path:  D:\Program Files\Keil\ARM\ARMCC\Bin
C Compiler:      Armcc.exe V5.06 update 1 (build 61)
Assembler:       Armasm.exe V5.06 update 1 (build 61)
Linker/Locator:  ArmLink.exe V5.06 update 1 (build 61)
Library Manager: ArmAr.exe V5.06 update 1 (build 61)
Hex Converter:   FromElf.exe V5.06 update 1 (build 61)
CPU DLL:         SARMCM3.DLL V5.18a
Dialog DLL:      DCM.DLL V1.13.6.0
Target DLL:      Segger\JL2CM3.dll V2.99.19.0
Dialog DLL:      TCM.DLL V1.14.8.0
 
<h2>Project:</h2>
D:\Document\LocalNuts - 副本\zju_Rehabilitation\廖恒\【99】备份\emg_LH\32程序\pre_xiazai\user\sdadc.uvproj
Project File Date:  07/26/2022

<h2>Output:</h2>
*** Using Compiler 'V5.06 update 1 (build 61)', folder: 'D:\Program Files\Keil\ARM\ARMCC\Bin'
Rebuild target 'Target 1'
assembling startup_stm32f37x.s...
compiling main.c...
compiling stm32f37x_gpio.c...
compiling exit.c...
compiling systick.c...
compiling stm32f37x_sdadc.c...
compiling uart.c...
compiling system_stm32f37x.c...
compiling stm32f37x_exti.c...
compiling stm32f37x_it.c...
compiling sdadc.c...
compiling stm32f37x_misc.c...
compiling time.c...
compiling stm32f37x_syscfg.c...
compiling stm32f37x_usart.c...
compiling stm32f37x_rcc.c...
compiling stm32f37x_adc.c...
compiling stm32f37x_pwr.c...
compiling stm32f37x_spi.c...
compiling stm32f37x_i2c.c...
compiling stm32f37x_tim.c...
linking...
Program Size: Code=2496 RO-data=424 RW-data=72 ZI-data=3896  
".\sdadc.axf" - 0 Error(s), 0 Warning(s).
Build Time Elapsed:  00:00:02
</pre>
</body>
</html>
