Component: ARM Compiler 5.05 update 1 (build 106) Tool: armlink [4d0efa]

==============================================================================

Section Cross References

    startup_stm32f37x.o(RESET) refers to startup_stm32f37x.o(STACK) for __initial_sp
    startup_stm32f37x.o(RESET) refers to startup_stm32f37x.o(.text) for Reset_Handler
    startup_stm32f37x.o(RESET) refers to stm32f37x_it.o(i.NMI_Handler) for NMI_Handler
    startup_stm32f37x.o(RESET) refers to stm32f37x_it.o(i.HardFault_Handler) for HardFault_Handler
    startup_stm32f37x.o(RESET) refers to stm32f37x_it.o(i.MemManage_Handler) for MemManage_Handler
    startup_stm32f37x.o(RESET) refers to stm32f37x_it.o(i.BusFault_Handler) for BusFault_Handler
    startup_stm32f37x.o(RESET) refers to stm32f37x_it.o(i.UsageFault_Handler) for UsageFault_Handler
    startup_stm32f37x.o(RESET) refers to stm32f37x_it.o(i.SVC_Handler) for SVC_Handler
    startup_stm32f37x.o(RESET) refers to stm32f37x_it.o(i.DebugMon_Handler) for DebugMon_Handler
    startup_stm32f37x.o(RESET) refers to stm32f37x_it.o(i.PendSV_Handler) for PendSV_Handler
    startup_stm32f37x.o(RESET) refers to stm32f37x_it.o(i.SysTick_Handler) for SysTick_Handler
    startup_stm32f37x.o(RESET) refers to stm32f37x_it.o(i.EXTI4_IRQHandler) for EXTI4_IRQHandler
    startup_stm32f37x.o(RESET) refers to time.o(i.TIM3_IRQHandler) for TIM3_IRQHandler
    startup_stm32f37x.o(RESET) refers to stm32f37x_it.o(i.SDADC1_IRQHandler) for SDADC1_IRQHandler
    startup_stm32f37x.o(.text) refers to system_stm32f37x.o(i.SystemInit) for SystemInit
    startup_stm32f37x.o(.text) refers to entry.o(.ARM.Collect$$$$00000000) for __main
    stm32f37x_it.o(i.EXTI4_IRQHandler) refers to stm32f37x_exti.o(i.EXTI_GetITStatus) for EXTI_GetITStatus
    stm32f37x_it.o(i.EXTI4_IRQHandler) refers to stm32f37x_tim.o(i.TIM_Cmd) for TIM_Cmd
    stm32f37x_it.o(i.EXTI4_IRQHandler) refers to stm32f37x_exti.o(i.EXTI_ClearITPendingBit) for EXTI_ClearITPendingBit
    stm32f37x_it.o(i.EXTI4_IRQHandler) refers to stm32f37x_it.o(.data) for emg_en
    stm32f37x_it.o(i.HardFault_Handler) refers to stm32f37x_gpio.o(i.GPIO_ReadOutputDataBit) for GPIO_ReadOutputDataBit
    stm32f37x_it.o(i.HardFault_Handler) refers to stm32f37x_gpio.o(i.GPIO_ResetBits) for GPIO_ResetBits
    stm32f37x_it.o(i.HardFault_Handler) refers to stm32f37x_gpio.o(i.GPIO_SetBits) for GPIO_SetBits
    stm32f37x_it.o(i.HardFault_Handler) refers to systick.o(i.Delay_ms) for Delay_ms
    stm32f37x_it.o(i.SDADC1_IRQHandler) refers to stm32f37x_sdadc.o(i.SDADC_GetFlagStatus) for SDADC_GetFlagStatus
    stm32f37x_it.o(i.SDADC1_IRQHandler) refers to stm32f37x_sdadc.o(i.SDADC_GetInjectedConversionValue) for SDADC_GetInjectedConversionValue
    stm32f37x_it.o(i.SDADC1_IRQHandler) refers to memcpya.o(.text) for __aeabi_memcpy
    stm32f37x_it.o(i.SDADC1_IRQHandler) refers to stm32f37x_it.o(.data) for p_count
    stm32f37x_it.o(i.SDADC1_IRQHandler) refers to stm32f37x_it.o(.bss) for A
    stm32f37x_it.o(i.SysTick_Handler) refers to systick.o(i.TimingDelay_Decrement) for TimingDelay_Decrement
    system_stm32f37x.o(i.SystemCoreClockUpdate) refers to system_stm32f37x.o(.data) for SystemCoreClock
    system_stm32f37x.o(i.SystemInit) refers to system_stm32f37x.o(i.SetSysClock) for SetSysClock
    uart.o(i.USART_Configuration) refers to stm32f37x_rcc.o(i.RCC_AHBPeriphClockCmd) for RCC_AHBPeriphClockCmd
    uart.o(i.USART_Configuration) refers to stm32f37x_rcc.o(i.RCC_APB2PeriphClockCmd) for RCC_APB2PeriphClockCmd
    uart.o(i.USART_Configuration) refers to stm32f37x_gpio.o(i.GPIO_PinAFConfig) for GPIO_PinAFConfig
    uart.o(i.USART_Configuration) refers to stm32f37x_gpio.o(i.GPIO_Init) for GPIO_Init
    uart.o(i.USART_Configuration) refers to stm32f37x_usart.o(i.USART_Init) for USART_Init
    uart.o(i.USART_Configuration) refers to stm32f37x_usart.o(i.USART_Cmd) for USART_Cmd
    uart.o(i.fputc) refers to stm32f37x_usart.o(i.USART_SendData) for USART_SendData
    uart.o(i.fputc) refers to stm32f37x_usart.o(i.USART_GetFlagStatus) for USART_GetFlagStatus
    sdadc.o(i.SDADC1_Config) refers to stm32f37x_rcc.o(i.RCC_APB2PeriphClockCmd) for RCC_APB2PeriphClockCmd
    sdadc.o(i.SDADC1_Config) refers to stm32f37x_rcc.o(i.RCC_APB1PeriphClockCmd) for RCC_APB1PeriphClockCmd
    sdadc.o(i.SDADC1_Config) refers to stm32f37x_pwr.o(i.PWR_SDADCAnalogCmd) for PWR_SDADCAnalogCmd
    sdadc.o(i.SDADC1_Config) refers to stm32f37x_rcc.o(i.RCC_SDADCCLKConfig) for RCC_SDADCCLKConfig
    sdadc.o(i.SDADC1_Config) refers to stm32f37x_rcc.o(i.RCC_AHBPeriphClockCmd) for RCC_AHBPeriphClockCmd
    sdadc.o(i.SDADC1_Config) refers to stm32f37x_gpio.o(i.GPIO_Init) for GPIO_Init
    sdadc.o(i.SDADC1_Config) refers to stm32f37x_sdadc.o(i.SDADC_VREFSelect) for SDADC_VREFSelect
    sdadc.o(i.SDADC1_Config) refers to sdadc.o(i.delay) for delay
    sdadc.o(i.SDADC1_Config) refers to stm32f37x_sdadc.o(i.SDADC_Cmd) for SDADC_Cmd
    sdadc.o(i.SDADC1_Config) refers to stm32f37x_sdadc.o(i.SDADC_InitModeCmd) for SDADC_InitModeCmd
    sdadc.o(i.SDADC1_Config) refers to stm32f37x_sdadc.o(i.SDADC_GetFlagStatus) for SDADC_GetFlagStatus
    sdadc.o(i.SDADC1_Config) refers to stm32f37x_sdadc.o(i.SDADC_AINInit) for SDADC_AINInit
    sdadc.o(i.SDADC1_Config) refers to stm32f37x_sdadc.o(i.SDADC_ChannelConfig) for SDADC_ChannelConfig
    sdadc.o(i.SDADC1_Config) refers to stm32f37x_sdadc.o(i.SDADC_InjectedChannelSelect) for SDADC_InjectedChannelSelect
    sdadc.o(i.SDADC1_Config) refers to stm32f37x_sdadc.o(i.SDADC_InjectedContinuousModeCmd) for SDADC_InjectedContinuousModeCmd
    sdadc.o(i.SDADC1_Config) refers to stm32f37x_misc.o(i.NVIC_Init) for NVIC_Init
    sdadc.o(i.SDADC1_Config) refers to stm32f37x_sdadc.o(i.SDADC_CalibrationSequenceConfig) for SDADC_CalibrationSequenceConfig
    sdadc.o(i.SDADC1_Config) refers to stm32f37x_sdadc.o(i.SDADC_StartCalibration) for SDADC_StartCalibration
    sdadc.o(i.SDADC1_Config) refers to stm32f37x_sdadc.o(i.SDADC_ITConfig) for SDADC_ITConfig
    systick.o(i.Delay_ms) refers to systick.o(.data) for TimingDelay
    systick.o(i.Systick_Init) refers to system_stm32f37x.o(.data) for SystemCoreClock
    systick.o(i.TimingDelay_Decrement) refers to systick.o(.data) for TimingDelay
    time.o(i.TIM3_IRQHandler) refers to stm32f37x_tim.o(i.TIM_GetITStatus) for TIM_GetITStatus
    time.o(i.TIM3_IRQHandler) refers to stm32f37x_sdadc.o(i.SDADC_SoftwareStartInjectedConv) for SDADC_SoftwareStartInjectedConv
    time.o(i.TIM3_IRQHandler) refers to stm32f37x_adc.o(i.ADC_SoftwareStartConv) for ADC_SoftwareStartConv
    time.o(i.TIM3_IRQHandler) refers to adc.o(i.getbatteryvalue) for getbatteryvalue
    time.o(i.TIM3_IRQHandler) refers to stm32f37x_tim.o(i.TIM_ClearITPendingBit) for TIM_ClearITPendingBit
    time.o(i.TIM3_IRQHandler) refers to time.o(.data) for k
    time.o(i.TIM3_Int_Init) refers to stm32f37x_rcc.o(i.RCC_APB1PeriphClockCmd) for RCC_APB1PeriphClockCmd
    time.o(i.TIM3_Int_Init) refers to stm32f37x_tim.o(i.TIM_TimeBaseInit) for TIM_TimeBaseInit
    time.o(i.TIM3_Int_Init) refers to stm32f37x_tim.o(i.TIM_ITConfig) for TIM_ITConfig
    time.o(i.TIM3_Int_Init) refers to stm32f37x_misc.o(i.NVIC_PriorityGroupConfig) for NVIC_PriorityGroupConfig
    time.o(i.TIM3_Int_Init) refers to stm32f37x_misc.o(i.NVIC_Init) for NVIC_Init
    exit.o(i.EXIT_IO_Init) refers to stm32f37x_rcc.o(i.RCC_APB2PeriphClockCmd) for RCC_APB2PeriphClockCmd
    exit.o(i.EXIT_IO_Init) refers to stm32f37x_rcc.o(i.RCC_AHBPeriphClockCmd) for RCC_AHBPeriphClockCmd
    exit.o(i.EXIT_IO_Init) refers to stm32f37x_misc.o(i.NVIC_Init) for NVIC_Init
    exit.o(i.EXIT_IO_Init) refers to stm32f37x_gpio.o(i.GPIO_Init) for GPIO_Init
    exit.o(i.EXIT_IO_Init) refers to stm32f37x_syscfg.o(i.SYSCFG_EXTILineConfig) for SYSCFG_EXTILineConfig
    exit.o(i.EXIT_IO_Init) refers to stm32f37x_exti.o(i.EXTI_Init) for EXTI_Init
    adc.o(i.ADC14_Config) refers to stm32f37x_rcc.o(i.RCC_ADCCLKConfig) for RCC_ADCCLKConfig
    adc.o(i.ADC14_Config) refers to stm32f37x_rcc.o(i.RCC_AHBPeriphClockCmd) for RCC_AHBPeriphClockCmd
    adc.o(i.ADC14_Config) refers to stm32f37x_gpio.o(i.GPIO_Init) for GPIO_Init
    adc.o(i.ADC14_Config) refers to stm32f37x_rcc.o(i.RCC_APB2PeriphClockCmd) for RCC_APB2PeriphClockCmd
    adc.o(i.ADC14_Config) refers to stm32f37x_adc.o(i.ADC_DeInit) for ADC_DeInit
    adc.o(i.ADC14_Config) refers to stm32f37x_adc.o(i.ADC_StructInit) for ADC_StructInit
    adc.o(i.ADC14_Config) refers to stm32f37x_adc.o(i.ADC_Init) for ADC_Init
    adc.o(i.ADC14_Config) refers to stm32f37x_adc.o(i.ADC_RegularChannelConfig) for ADC_RegularChannelConfig
    adc.o(i.ADC14_Config) refers to stm32f37x_adc.o(i.ADC_Cmd) for ADC_Cmd
    adc.o(i.ADC14_Config) refers to stm32f37x_adc.o(i.ADC_ResetCalibration) for ADC_ResetCalibration
    adc.o(i.ADC14_Config) refers to stm32f37x_adc.o(i.ADC_GetResetCalibrationStatus) for ADC_GetResetCalibrationStatus
    adc.o(i.ADC14_Config) refers to stm32f37x_adc.o(i.ADC_StartCalibration) for ADC_StartCalibration
    adc.o(i.ADC14_Config) refers to stm32f37x_adc.o(i.ADC_GetCalibrationStatus) for ADC_GetCalibrationStatus
    adc.o(i.ADC14_Config) refers to stm32f37x_adc.o(i.ADC_SoftwareStartConv) for ADC_SoftwareStartConv
    adc.o(i.getbatteryvalue) refers to stm32f37x_adc.o(i.ADC_GetFlagStatus) for ADC_GetFlagStatus
    adc.o(i.getbatteryvalue) refers to stm32f37x_adc.o(i.ADC_GetConversionValue) for ADC_GetConversionValue
    adc.o(i.getbatteryvalue) refers to adc.o(.data) for ADC1ConvertedVoltage
    main.o(i.main) refers to stm32f37x_rcc.o(i.RCC_GetClocksFreq) for RCC_GetClocksFreq
    main.o(i.main) refers to system_stm32f37x.o(i.SystemInit) for SystemInit
    main.o(i.main) refers to systick.o(i.Systick_Init) for Systick_Init
    main.o(i.main) refers to uart.o(i.USART_Configuration) for USART_Configuration
    main.o(i.main) refers to stm32f37x_rcc.o(i.RCC_AHBPeriphClockCmd) for RCC_AHBPeriphClockCmd
    main.o(i.main) refers to stm32f37x_gpio.o(i.GPIO_Init) for GPIO_Init
    main.o(i.main) refers to stm32f37x_gpio.o(i.GPIO_ResetBits) for GPIO_ResetBits
    main.o(i.main) refers to adc.o(i.ADC14_Config) for ADC14_Config
    main.o(i.main) refers to systick.o(i.Delay_ms) for Delay_ms
    main.o(i.main) refers to sdadc.o(i.SDADC1_Config) for SDADC1_Config
    main.o(i.main) refers to time.o(i.TIM3_Int_Init) for TIM3_Int_Init
    main.o(i.main) refers to exit.o(i.EXIT_IO_Init) for EXIT_IO_Init
    main.o(i.main) refers to main.o(i.send_data) for send_data
    main.o(i.main) refers to stm32f37x_tim.o(i.TIM_Cmd) for TIM_Cmd
    main.o(i.main) refers to stm32f37x_it.o(.data) for start
    main.o(i.main) refers to stm32f37x_it.o(.bss) for B
    main.o(i.send_data) refers to memseta.o(.text) for __aeabi_memclr4
    main.o(i.send_data) refers to uart.o(i.UART_Send) for UART_Send
    main.o(i.send_data) refers to systick.o(i.Delay_ms) for Delay_ms
    main.o(i.send_data) refers to adc.o(.data) for battery
    stm32f37x_usart.o(i.USART_DeInit) refers to stm32f37x_rcc.o(i.RCC_APB2PeriphResetCmd) for RCC_APB2PeriphResetCmd
    stm32f37x_usart.o(i.USART_DeInit) refers to stm32f37x_rcc.o(i.RCC_APB1PeriphResetCmd) for RCC_APB1PeriphResetCmd
    stm32f37x_usart.o(i.USART_Init) refers to stm32f37x_rcc.o(i.RCC_GetClocksFreq) for RCC_GetClocksFreq
    stm32f37x_gpio.o(i.GPIO_DeInit) refers to stm32f37x_rcc.o(i.RCC_AHBPeriphResetCmd) for RCC_AHBPeriphResetCmd
    stm32f37x_sdadc.o(i.SDADC_DeInit) refers to stm32f37x_rcc.o(i.RCC_APB2PeriphResetCmd) for RCC_APB2PeriphResetCmd
    stm32f37x_rcc.o(i.RCC_GetClocksFreq) refers to stm32f37x_rcc.o(.data) for APBAHBPrescTable
    stm32f37x_rcc.o(i.RCC_WaitForHSEStartUp) refers to stm32f37x_rcc.o(i.RCC_GetFlagStatus) for RCC_GetFlagStatus
    stm32f37x_pwr.o(i.PWR_DeInit) refers to stm32f37x_rcc.o(i.RCC_APB1PeriphResetCmd) for RCC_APB1PeriphResetCmd
    stm32f37x_tim.o(i.TIM_DeInit) refers to stm32f37x_rcc.o(i.RCC_APB1PeriphResetCmd) for RCC_APB1PeriphResetCmd
    stm32f37x_tim.o(i.TIM_DeInit) refers to stm32f37x_rcc.o(i.RCC_APB2PeriphResetCmd) for RCC_APB2PeriphResetCmd
    stm32f37x_tim.o(i.TIM_ETRClockMode1Config) refers to stm32f37x_tim.o(i.TIM_ETRConfig) for TIM_ETRConfig
    stm32f37x_tim.o(i.TIM_ETRClockMode2Config) refers to stm32f37x_tim.o(i.TIM_ETRConfig) for TIM_ETRConfig
    stm32f37x_tim.o(i.TIM_ICInit) refers to stm32f37x_tim.o(i.TI1_Config) for TI1_Config
    stm32f37x_tim.o(i.TIM_ICInit) refers to stm32f37x_tim.o(i.TIM_SetIC1Prescaler) for TIM_SetIC1Prescaler
    stm32f37x_tim.o(i.TIM_ICInit) refers to stm32f37x_tim.o(i.TI2_Config) for TI2_Config
    stm32f37x_tim.o(i.TIM_ICInit) refers to stm32f37x_tim.o(i.TIM_SetIC2Prescaler) for TIM_SetIC2Prescaler
    stm32f37x_tim.o(i.TIM_ICInit) refers to stm32f37x_tim.o(i.TI3_Config) for TI3_Config
    stm32f37x_tim.o(i.TIM_ICInit) refers to stm32f37x_tim.o(i.TIM_SetIC3Prescaler) for TIM_SetIC3Prescaler
    stm32f37x_tim.o(i.TIM_ICInit) refers to stm32f37x_tim.o(i.TI4_Config) for TI4_Config
    stm32f37x_tim.o(i.TIM_ICInit) refers to stm32f37x_tim.o(i.TIM_SetIC4Prescaler) for TIM_SetIC4Prescaler
    stm32f37x_tim.o(i.TIM_ITRxExternalClockConfig) refers to stm32f37x_tim.o(i.TIM_SelectInputTrigger) for TIM_SelectInputTrigger
    stm32f37x_tim.o(i.TIM_PWMIConfig) refers to stm32f37x_tim.o(i.TI1_Config) for TI1_Config
    stm32f37x_tim.o(i.TIM_PWMIConfig) refers to stm32f37x_tim.o(i.TIM_SetIC1Prescaler) for TIM_SetIC1Prescaler
    stm32f37x_tim.o(i.TIM_PWMIConfig) refers to stm32f37x_tim.o(i.TI2_Config) for TI2_Config
    stm32f37x_tim.o(i.TIM_PWMIConfig) refers to stm32f37x_tim.o(i.TIM_SetIC2Prescaler) for TIM_SetIC2Prescaler
    stm32f37x_tim.o(i.TIM_TIxExternalClockConfig) refers to stm32f37x_tim.o(i.TI2_Config) for TI2_Config
    stm32f37x_tim.o(i.TIM_TIxExternalClockConfig) refers to stm32f37x_tim.o(i.TI1_Config) for TI1_Config
    stm32f37x_tim.o(i.TIM_TIxExternalClockConfig) refers to stm32f37x_tim.o(i.TIM_SelectInputTrigger) for TIM_SelectInputTrigger
    stm32f37x_spi.o(i.I2S_Init) refers to stm32f37x_rcc.o(i.RCC_GetClocksFreq) for RCC_GetClocksFreq
    stm32f37x_spi.o(i.SPI_I2S_DeInit) refers to stm32f37x_rcc.o(i.RCC_APB2PeriphResetCmd) for RCC_APB2PeriphResetCmd
    stm32f37x_spi.o(i.SPI_I2S_DeInit) refers to stm32f37x_rcc.o(i.RCC_APB1PeriphResetCmd) for RCC_APB1PeriphResetCmd
    stm32f37x_adc.o(i.ADC_DeInit) refers to stm32f37x_rcc.o(i.RCC_APB2PeriphResetCmd) for RCC_APB2PeriphResetCmd
    entry.o(.ARM.Collect$$$$00000000) refers (Special) to entry10a.o(.ARM.Collect$$$$0000000D) for __rt_final_cpp
    entry.o(.ARM.Collect$$$$00000000) refers (Special) to entry11a.o(.ARM.Collect$$$$0000000F) for __rt_final_exit
    entry.o(.ARM.Collect$$$$00000000) refers (Special) to entry7b.o(.ARM.Collect$$$$00000008) for _main_clock
    entry.o(.ARM.Collect$$$$00000000) refers (Special) to entry8b.o(.ARM.Collect$$$$0000000A) for _main_cpp_init
    entry.o(.ARM.Collect$$$$00000000) refers (Special) to entry9a.o(.ARM.Collect$$$$0000000B) for _main_init
    entry.o(.ARM.Collect$$$$00000000) refers (Special) to entry5.o(.ARM.Collect$$$$00000004) for _main_scatterload
    entry.o(.ARM.Collect$$$$00000000) refers (Special) to entry2.o(.ARM.Collect$$$$00000001) for _main_stk
    entry2.o(.ARM.Collect$$$$00000001) refers to entry2.o(.ARM.Collect$$$$00002712) for __lit__00000000
    entry2.o(.ARM.Collect$$$$00002712) refers to startup_stm32f37x.o(STACK) for __initial_sp
    entry2.o(__vectab_stack_and_reset_area) refers to startup_stm32f37x.o(STACK) for __initial_sp
    entry2.o(__vectab_stack_and_reset_area) refers to entry.o(.ARM.Collect$$$$00000000) for __main
    entry5.o(.ARM.Collect$$$$00000004) refers to init.o(.text) for __scatterload
    entry9a.o(.ARM.Collect$$$$0000000B) refers to main.o(i.main) for main
    entry9b.o(.ARM.Collect$$$$0000000C) refers to main.o(i.main) for main
    init.o(.text) refers to entry5.o(.ARM.Collect$$$$00000004) for __main_after_scatterload


==============================================================================

Removing Unused input sections from the image.

    Removing startup_stm32f37x.o(HEAP), (512 bytes).
    Removing stm32f37x_it.o(.rev16_text), (4 bytes).
    Removing stm32f37x_it.o(.revsh_text), (4 bytes).
    Removing system_stm32f37x.o(.rev16_text), (4 bytes).
    Removing system_stm32f37x.o(.revsh_text), (4 bytes).
    Removing system_stm32f37x.o(i.SystemCoreClockUpdate), (160 bytes).
    Removing uart.o(.rev16_text), (4 bytes).
    Removing uart.o(.revsh_text), (4 bytes).
    Removing uart.o(i.UART_Recive), (28 bytes).
    Removing uart.o(i.UART_send_byte), (28 bytes).
    Removing uart.o(i.fputc), (36 bytes).
    Removing sdadc.o(.rev16_text), (4 bytes).
    Removing sdadc.o(.revsh_text), (4 bytes).
    Removing systick.o(.rev16_text), (4 bytes).
    Removing systick.o(.revsh_text), (4 bytes).
    Removing time.o(.rev16_text), (4 bytes).
    Removing time.o(.revsh_text), (4 bytes).
    Removing exit.o(.rev16_text), (4 bytes).
    Removing exit.o(.revsh_text), (4 bytes).
    Removing adc.o(.rev16_text), (4 bytes).
    Removing adc.o(.revsh_text), (4 bytes).
    Removing adc.o(i.delay), (18 bytes).
    Removing main.o(.rev16_text), (4 bytes).
    Removing main.o(.revsh_text), (4 bytes).
    Removing main.o(.data), (1 bytes).
    Removing stm32f37x_usart.o(.rev16_text), (4 bytes).
    Removing stm32f37x_usart.o(.revsh_text), (4 bytes).
    Removing stm32f37x_usart.o(i.USART_AddressDetectionConfig), (16 bytes).
    Removing stm32f37x_usart.o(i.USART_AutoBaudRateCmd), (22 bytes).
    Removing stm32f37x_usart.o(i.USART_AutoBaudRateConfig), (16 bytes).
    Removing stm32f37x_usart.o(i.USART_ClearFlag), (4 bytes).
    Removing stm32f37x_usart.o(i.USART_ClearITPendingBit), (18 bytes).
    Removing stm32f37x_usart.o(i.USART_ClockInit), (30 bytes).
    Removing stm32f37x_usart.o(i.USART_ClockStructInit), (12 bytes).
    Removing stm32f37x_usart.o(i.USART_DECmd), (22 bytes).
    Removing stm32f37x_usart.o(i.USART_DEPolarityConfig), (16 bytes).
    Removing stm32f37x_usart.o(i.USART_DMACmd), (18 bytes).
    Removing stm32f37x_usart.o(i.USART_DMAReceptionErrorConfig), (16 bytes).
    Removing stm32f37x_usart.o(i.USART_DataInvCmd), (22 bytes).
    Removing stm32f37x_usart.o(i.USART_DeInit), (96 bytes).
    Removing stm32f37x_usart.o(i.USART_DirectionModeCmd), (18 bytes).
    Removing stm32f37x_usart.o(i.USART_GetFlagStatus), (18 bytes).
    Removing stm32f37x_usart.o(i.USART_GetITStatus), (74 bytes).
    Removing stm32f37x_usart.o(i.USART_HalfDuplexCmd), (22 bytes).
    Removing stm32f37x_usart.o(i.USART_ITConfig), (58 bytes).
    Removing stm32f37x_usart.o(i.USART_InvPinCmd), (18 bytes).
    Removing stm32f37x_usart.o(i.USART_IrDACmd), (22 bytes).
    Removing stm32f37x_usart.o(i.USART_IrDAConfig), (16 bytes).
    Removing stm32f37x_usart.o(i.USART_LINBreakDetectLengthConfig), (16 bytes).
    Removing stm32f37x_usart.o(i.USART_LINCmd), (22 bytes).
    Removing stm32f37x_usart.o(i.USART_MSBFirstCmd), (22 bytes).
    Removing stm32f37x_usart.o(i.USART_MuteModeCmd), (22 bytes).
    Removing stm32f37x_usart.o(i.USART_MuteModeWakeUpConfig), (16 bytes).
    Removing stm32f37x_usart.o(i.USART_OneBitMethodCmd), (22 bytes).
    Removing stm32f37x_usart.o(i.USART_OverSampling8Cmd), (22 bytes).
    Removing stm32f37x_usart.o(i.USART_OverrunDetectionConfig), (16 bytes).
    Removing stm32f37x_usart.o(i.USART_ReceiveData), (10 bytes).
    Removing stm32f37x_usart.o(i.USART_ReceiverTimeOutCmd), (22 bytes).
    Removing stm32f37x_usart.o(i.USART_RequestCmd), (18 bytes).
    Removing stm32f37x_usart.o(i.USART_STOPModeCmd), (22 bytes).
    Removing stm32f37x_usart.o(i.USART_SWAPPinCmd), (22 bytes).
    Removing stm32f37x_usart.o(i.USART_SendData), (8 bytes).
    Removing stm32f37x_usart.o(i.USART_SetAddress), (18 bytes).
    Removing stm32f37x_usart.o(i.USART_SetAutoRetryCount), (18 bytes).
    Removing stm32f37x_usart.o(i.USART_SetBlockLength), (18 bytes).
    Removing stm32f37x_usart.o(i.USART_SetDEAssertionTime), (18 bytes).
    Removing stm32f37x_usart.o(i.USART_SetDEDeassertionTime), (18 bytes).
    Removing stm32f37x_usart.o(i.USART_SetGuardTime), (16 bytes).
    Removing stm32f37x_usart.o(i.USART_SetPrescaler), (16 bytes).
    Removing stm32f37x_usart.o(i.USART_SetReceiverTimeOut), (16 bytes).
    Removing stm32f37x_usart.o(i.USART_SmartCardCmd), (22 bytes).
    Removing stm32f37x_usart.o(i.USART_SmartCardNACKCmd), (22 bytes).
    Removing stm32f37x_usart.o(i.USART_StopModeWakeUpSourceConfig), (16 bytes).
    Removing stm32f37x_usart.o(i.USART_StructInit), (24 bytes).
    Removing stm32f37x_gpio.o(.rev16_text), (4 bytes).
    Removing stm32f37x_gpio.o(.revsh_text), (4 bytes).
    Removing stm32f37x_gpio.o(i.GPIO_DeInit), (176 bytes).
    Removing stm32f37x_gpio.o(i.GPIO_PinLockConfig), (34 bytes).
    Removing stm32f37x_gpio.o(i.GPIO_ReadInputData), (6 bytes).
    Removing stm32f37x_gpio.o(i.GPIO_ReadInputDataBit), (18 bytes).
    Removing stm32f37x_gpio.o(i.GPIO_ReadOutputData), (6 bytes).
    Removing stm32f37x_gpio.o(i.GPIO_StructInit), (22 bytes).
    Removing stm32f37x_gpio.o(i.GPIO_Write), (4 bytes).
    Removing stm32f37x_gpio.o(i.GPIO_WriteBit), (10 bytes).
    Removing stm32f37x_sdadc.o(.rev16_text), (4 bytes).
    Removing stm32f37x_sdadc.o(.revsh_text), (4 bytes).
    Removing stm32f37x_sdadc.o(i.SDADC_AINStructInit), (12 bytes).
    Removing stm32f37x_sdadc.o(i.SDADC_ChannelSelect), (18 bytes).
    Removing stm32f37x_sdadc.o(i.SDADC_ClearFlag), (8 bytes).
    Removing stm32f37x_sdadc.o(i.SDADC_ClearITPendingBit), (8 bytes).
    Removing stm32f37x_sdadc.o(i.SDADC_ContinuousModeCmd), (22 bytes).
    Removing stm32f37x_sdadc.o(i.SDADC_DMAConfig), (18 bytes).
    Removing stm32f37x_sdadc.o(i.SDADC_DeInit), (84 bytes).
    Removing stm32f37x_sdadc.o(i.SDADC_DelayStartInjectedConvCmd), (22 bytes).
    Removing stm32f37x_sdadc.o(i.SDADC_ExternalTrigInjectedConvConfig), (16 bytes).
    Removing stm32f37x_sdadc.o(i.SDADC_ExternalTrigInjectedConvEdgeConfig), (16 bytes).
    Removing stm32f37x_sdadc.o(i.SDADC_FastConversionCmd), (22 bytes).
    Removing stm32f37x_sdadc.o(i.SDADC_GetConversionSDADC12Value), (12 bytes).
    Removing stm32f37x_sdadc.o(i.SDADC_GetConversionSDADC13Value), (12 bytes).
    Removing stm32f37x_sdadc.o(i.SDADC_GetConversionValue), (8 bytes).
    Removing stm32f37x_sdadc.o(i.SDADC_GetITStatus), (34 bytes).
    Removing stm32f37x_sdadc.o(i.SDADC_GetInjectedChannel), (18 bytes).
    Removing stm32f37x_sdadc.o(i.SDADC_GetInjectedConversionSDADC12Value), (12 bytes).
    Removing stm32f37x_sdadc.o(i.SDADC_GetInjectedConversionSDADC13Value), (12 bytes).
    Removing stm32f37x_sdadc.o(i.SDADC_Init), (40 bytes).
    Removing stm32f37x_sdadc.o(i.SDADC_InjectedSynchroSDADC1), (22 bytes).
    Removing stm32f37x_sdadc.o(i.SDADC_PowerDownCmd), (22 bytes).
    Removing stm32f37x_sdadc.o(i.SDADC_RegularSynchroSDADC1), (22 bytes).
    Removing stm32f37x_sdadc.o(i.SDADC_SlowClockCmd), (22 bytes).
    Removing stm32f37x_sdadc.o(i.SDADC_SoftwareStartConv), (10 bytes).
    Removing stm32f37x_sdadc.o(i.SDADC_StandbyCmd), (22 bytes).
    Removing stm32f37x_sdadc.o(i.SDADC_StructInit), (12 bytes).
    Removing stm32f37x_exti.o(.rev16_text), (4 bytes).
    Removing stm32f37x_exti.o(.revsh_text), (4 bytes).
    Removing stm32f37x_exti.o(i.EXTI_ClearFlag), (12 bytes).
    Removing stm32f37x_exti.o(i.EXTI_DeInit), (40 bytes).
    Removing stm32f37x_exti.o(i.EXTI_GenerateSWInterrupt), (16 bytes).
    Removing stm32f37x_exti.o(i.EXTI_GetFlagStatus), (24 bytes).
    Removing stm32f37x_exti.o(i.EXTI_StructInit), (16 bytes).
    Removing stm32f37x_misc.o(.rev16_text), (4 bytes).
    Removing stm32f37x_misc.o(.revsh_text), (4 bytes).
    Removing stm32f37x_misc.o(i.NVIC_SetVectorTable), (20 bytes).
    Removing stm32f37x_misc.o(i.NVIC_SystemLPConfig), (32 bytes).
    Removing stm32f37x_misc.o(i.SysTick_CLKSourceConfig), (40 bytes).
    Removing stm32f37x_rcc.o(.rev16_text), (4 bytes).
    Removing stm32f37x_rcc.o(.revsh_text), (4 bytes).
    Removing stm32f37x_rcc.o(i.RCC_AHBPeriphResetCmd), (32 bytes).
    Removing stm32f37x_rcc.o(i.RCC_APB1PeriphResetCmd), (32 bytes).
    Removing stm32f37x_rcc.o(i.RCC_AdjustHSICalibrationValue), (24 bytes).
    Removing stm32f37x_rcc.o(i.RCC_BackupResetCmd), (12 bytes).
    Removing stm32f37x_rcc.o(i.RCC_CECCLKConfig), (28 bytes).
    Removing stm32f37x_rcc.o(i.RCC_ClearFlag), (20 bytes).
    Removing stm32f37x_rcc.o(i.RCC_ClearITPendingBit), (12 bytes).
    Removing stm32f37x_rcc.o(i.RCC_ClockSecuritySystemCmd), (12 bytes).
    Removing stm32f37x_rcc.o(i.RCC_DeInit), (96 bytes).
    Removing stm32f37x_rcc.o(i.RCC_GetFlagStatus), (60 bytes).
    Removing stm32f37x_rcc.o(i.RCC_GetITStatus), (24 bytes).
    Removing stm32f37x_rcc.o(i.RCC_GetSYSCLKSource), (16 bytes).
    Removing stm32f37x_rcc.o(i.RCC_HCLKConfig), (24 bytes).
    Removing stm32f37x_rcc.o(i.RCC_HSEConfig), (16 bytes).
    Removing stm32f37x_rcc.o(i.RCC_HSICmd), (12 bytes).
    Removing stm32f37x_rcc.o(i.RCC_I2CCLKConfig), (48 bytes).
    Removing stm32f37x_rcc.o(i.RCC_ITConfig), (32 bytes).
    Removing stm32f37x_rcc.o(i.RCC_LSEConfig), (36 bytes).
    Removing stm32f37x_rcc.o(i.RCC_LSEDriveConfig), (28 bytes).
    Removing stm32f37x_rcc.o(i.RCC_LSICmd), (12 bytes).
    Removing stm32f37x_rcc.o(i.RCC_MCOConfig), (12 bytes).
    Removing stm32f37x_rcc.o(i.RCC_PCLK1Config), (24 bytes).
    Removing stm32f37x_rcc.o(i.RCC_PCLK2Config), (24 bytes).
    Removing stm32f37x_rcc.o(i.RCC_PLLCmd), (12 bytes).
    Removing stm32f37x_rcc.o(i.RCC_PLLConfig), (32 bytes).
    Removing stm32f37x_rcc.o(i.RCC_PREDIV1Config), (24 bytes).
    Removing stm32f37x_rcc.o(i.RCC_RTCCLKCmd), (12 bytes).
    Removing stm32f37x_rcc.o(i.RCC_RTCCLKConfig), (16 bytes).
    Removing stm32f37x_rcc.o(i.RCC_SYSCLKConfig), (24 bytes).
    Removing stm32f37x_rcc.o(i.RCC_USARTCLKConfig), (80 bytes).
    Removing stm32f37x_rcc.o(i.RCC_USBCLKConfig), (12 bytes).
    Removing stm32f37x_rcc.o(i.RCC_WaitForHSEStartUp), (56 bytes).
    Removing stm32f37x_syscfg.o(.rev16_text), (4 bytes).
    Removing stm32f37x_syscfg.o(.revsh_text), (4 bytes).
    Removing stm32f37x_syscfg.o(i.SYSCFG_BreakConfig), (16 bytes).
    Removing stm32f37x_syscfg.o(i.SYSCFG_ClearFlag), (16 bytes).
    Removing stm32f37x_syscfg.o(i.SYSCFG_DMAChannelRemapConfig), (32 bytes).
    Removing stm32f37x_syscfg.o(i.SYSCFG_DeInit), (48 bytes).
    Removing stm32f37x_syscfg.o(i.SYSCFG_GetFlagStatus), (28 bytes).
    Removing stm32f37x_syscfg.o(i.SYSCFG_I2CFastModePlusConfig), (32 bytes).
    Removing stm32f37x_syscfg.o(i.SYSCFG_ITConfig), (32 bytes).
    Removing stm32f37x_syscfg.o(i.SYSCFG_MemoryRemapConfig), (24 bytes).
    Removing stm32f37x_syscfg.o(i.SYSCFG_VBATMonitoringCmd), (36 bytes).
    Removing stm32f37x_pwr.o(.rev16_text), (4 bytes).
    Removing stm32f37x_pwr.o(.revsh_text), (4 bytes).
    Removing stm32f37x_pwr.o(i.PWR_BackupAccessCmd), (12 bytes).
    Removing stm32f37x_pwr.o(i.PWR_ClearFlag), (20 bytes).
    Removing stm32f37x_pwr.o(i.PWR_DeInit), (22 bytes).
    Removing stm32f37x_pwr.o(i.PWR_EnterSTANDBYMode), (52 bytes).
    Removing stm32f37x_pwr.o(i.PWR_EnterSTOPMode), (64 bytes).
    Removing stm32f37x_pwr.o(i.PWR_EnterSleepMode), (28 bytes).
    Removing stm32f37x_pwr.o(i.PWR_GetFlagStatus), (24 bytes).
    Removing stm32f37x_pwr.o(i.PWR_PVDCmd), (12 bytes).
    Removing stm32f37x_pwr.o(i.PWR_PVDLevelConfig), (24 bytes).
    Removing stm32f37x_pwr.o(i.PWR_WakeUpPinCmd), (32 bytes).
    Removing stm32f37x_tim.o(.rev16_text), (4 bytes).
    Removing stm32f37x_tim.o(.revsh_text), (4 bytes).
    Removing stm32f37x_tim.o(i.TI1_Config), (58 bytes).
    Removing stm32f37x_tim.o(i.TI2_Config), (80 bytes).
    Removing stm32f37x_tim.o(i.TI3_Config), (72 bytes).
    Removing stm32f37x_tim.o(i.TI4_Config), (80 bytes).
    Removing stm32f37x_tim.o(i.TIM_ARRPreloadConfig), (24 bytes).
    Removing stm32f37x_tim.o(i.TIM_BDTRConfig), (38 bytes).
    Removing stm32f37x_tim.o(i.TIM_BDTRStructInit), (18 bytes).
    Removing stm32f37x_tim.o(i.TIM_CCPreloadControl), (24 bytes).
    Removing stm32f37x_tim.o(i.TIM_CCxCmd), (30 bytes).
    Removing stm32f37x_tim.o(i.TIM_CCxNCmd), (30 bytes).
    Removing stm32f37x_tim.o(i.TIM_ClearFlag), (6 bytes).
    Removing stm32f37x_tim.o(i.TIM_ClearOC1Ref), (18 bytes).
    Removing stm32f37x_tim.o(i.TIM_ClearOC2Ref), (24 bytes).
    Removing stm32f37x_tim.o(i.TIM_ClearOC3Ref), (18 bytes).
    Removing stm32f37x_tim.o(i.TIM_ClearOC4Ref), (24 bytes).
    Removing stm32f37x_tim.o(i.TIM_CounterModeConfig), (18 bytes).
    Removing stm32f37x_tim.o(i.TIM_CtrlPWMOutputs), (30 bytes).
    Removing stm32f37x_tim.o(i.TIM_DMACmd), (18 bytes).
    Removing stm32f37x_tim.o(i.TIM_DMAConfig), (10 bytes).
    Removing stm32f37x_tim.o(i.TIM_DeInit), (400 bytes).
    Removing stm32f37x_tim.o(i.TIM_ETRClockMode1Config), (54 bytes).
    Removing stm32f37x_tim.o(i.TIM_ETRClockMode2Config), (32 bytes).
    Removing stm32f37x_tim.o(i.TIM_ETRConfig), (28 bytes).
    Removing stm32f37x_tim.o(i.TIM_EncoderInterfaceConfig), (66 bytes).
    Removing stm32f37x_tim.o(i.TIM_ForcedOC1Config), (18 bytes).
    Removing stm32f37x_tim.o(i.TIM_ForcedOC2Config), (26 bytes).
    Removing stm32f37x_tim.o(i.TIM_ForcedOC3Config), (18 bytes).
    Removing stm32f37x_tim.o(i.TIM_ForcedOC4Config), (26 bytes).
    Removing stm32f37x_tim.o(i.TIM_GenerateEvent), (4 bytes).
    Removing stm32f37x_tim.o(i.TIM_GetCapture1), (6 bytes).
    Removing stm32f37x_tim.o(i.TIM_GetCapture2), (6 bytes).
    Removing stm32f37x_tim.o(i.TIM_GetCapture3), (6 bytes).
    Removing stm32f37x_tim.o(i.TIM_GetCapture4), (6 bytes).
    Removing stm32f37x_tim.o(i.TIM_GetCounter), (6 bytes).
    Removing stm32f37x_tim.o(i.TIM_GetFlagStatus), (18 bytes).
    Removing stm32f37x_tim.o(i.TIM_GetPrescaler), (6 bytes).
    Removing stm32f37x_tim.o(i.TIM_ICInit), (110 bytes).
    Removing stm32f37x_tim.o(i.TIM_ICStructInit), (18 bytes).
    Removing stm32f37x_tim.o(i.TIM_ITRxExternalClockConfig), (24 bytes).
    Removing stm32f37x_tim.o(i.TIM_InternalClockConfig), (12 bytes).
    Removing stm32f37x_tim.o(i.TIM_OC1FastConfig), (18 bytes).
    Removing stm32f37x_tim.o(i.TIM_OC1Init), (132 bytes).
    Removing stm32f37x_tim.o(i.TIM_OC1NPolarityConfig), (18 bytes).
    Removing stm32f37x_tim.o(i.TIM_OC1PolarityConfig), (18 bytes).
    Removing stm32f37x_tim.o(i.TIM_OC1PreloadConfig), (18 bytes).
    Removing stm32f37x_tim.o(i.TIM_OC2FastConfig), (26 bytes).
    Removing stm32f37x_tim.o(i.TIM_OC2Init), (82 bytes).
    Removing stm32f37x_tim.o(i.TIM_OC2PolarityConfig), (26 bytes).
    Removing stm32f37x_tim.o(i.TIM_OC2PreloadConfig), (26 bytes).
    Removing stm32f37x_tim.o(i.TIM_OC3FastConfig), (18 bytes).
    Removing stm32f37x_tim.o(i.TIM_OC3Init), (78 bytes).
    Removing stm32f37x_tim.o(i.TIM_OC3PolarityConfig), (26 bytes).
    Removing stm32f37x_tim.o(i.TIM_OC3PreloadConfig), (18 bytes).
    Removing stm32f37x_tim.o(i.TIM_OC4FastConfig), (26 bytes).
    Removing stm32f37x_tim.o(i.TIM_OC4Init), (82 bytes).
    Removing stm32f37x_tim.o(i.TIM_OC4PolarityConfig), (26 bytes).
    Removing stm32f37x_tim.o(i.TIM_OC4PreloadConfig), (26 bytes).
    Removing stm32f37x_tim.o(i.TIM_OCStructInit), (20 bytes).
    Removing stm32f37x_tim.o(i.TIM_PWMIConfig), (124 bytes).
    Removing stm32f37x_tim.o(i.TIM_PrescalerConfig), (6 bytes).
    Removing stm32f37x_tim.o(i.TIM_RemapConfig), (6 bytes).
    Removing stm32f37x_tim.o(i.TIM_SelectCCDMA), (24 bytes).
    Removing stm32f37x_tim.o(i.TIM_SelectCOM), (24 bytes).
    Removing stm32f37x_tim.o(i.TIM_SelectHallSensor), (24 bytes).
    Removing stm32f37x_tim.o(i.TIM_SelectInputTrigger), (18 bytes).
    Removing stm32f37x_tim.o(i.TIM_SelectMasterSlaveMode), (18 bytes).
    Removing stm32f37x_tim.o(i.TIM_SelectOCREFClear), (18 bytes).
    Removing stm32f37x_tim.o(i.TIM_SelectOCxM), (82 bytes).
    Removing stm32f37x_tim.o(i.TIM_SelectOnePulseMode), (18 bytes).
    Removing stm32f37x_tim.o(i.TIM_SelectOutputTrigger), (18 bytes).
    Removing stm32f37x_tim.o(i.TIM_SelectSlaveMode), (18 bytes).
    Removing stm32f37x_tim.o(i.TIM_SetAutoreload), (4 bytes).
    Removing stm32f37x_tim.o(i.TIM_SetClockDivision), (18 bytes).
    Removing stm32f37x_tim.o(i.TIM_SetCompare1), (4 bytes).
    Removing stm32f37x_tim.o(i.TIM_SetCompare2), (4 bytes).
    Removing stm32f37x_tim.o(i.TIM_SetCompare3), (4 bytes).
    Removing stm32f37x_tim.o(i.TIM_SetCompare4), (4 bytes).
    Removing stm32f37x_tim.o(i.TIM_SetCounter), (4 bytes).
    Removing stm32f37x_tim.o(i.TIM_SetIC1Prescaler), (18 bytes).
    Removing stm32f37x_tim.o(i.TIM_SetIC2Prescaler), (26 bytes).
    Removing stm32f37x_tim.o(i.TIM_SetIC3Prescaler), (18 bytes).
    Removing stm32f37x_tim.o(i.TIM_SetIC4Prescaler), (26 bytes).
    Removing stm32f37x_tim.o(i.TIM_TIxExternalClockConfig), (62 bytes).
    Removing stm32f37x_tim.o(i.TIM_TimeBaseStructInit), (18 bytes).
    Removing stm32f37x_tim.o(i.TIM_UpdateDisableConfig), (24 bytes).
    Removing stm32f37x_tim.o(i.TIM_UpdateRequestConfig), (24 bytes).
    Removing stm32f37x_spi.o(.rev16_text), (4 bytes).
    Removing stm32f37x_spi.o(.revsh_text), (4 bytes).
    Removing stm32f37x_spi.o(i.I2S_Cmd), (24 bytes).
    Removing stm32f37x_spi.o(i.I2S_Init), (216 bytes).
    Removing stm32f37x_spi.o(i.I2S_StructInit), (20 bytes).
    Removing stm32f37x_spi.o(i.SPI_BiDirectionalLineConfig), (28 bytes).
    Removing stm32f37x_spi.o(i.SPI_CRCLengthConfig), (18 bytes).
    Removing stm32f37x_spi.o(i.SPI_CalculateCRC), (24 bytes).
    Removing stm32f37x_spi.o(i.SPI_Cmd), (24 bytes).
    Removing stm32f37x_spi.o(i.SPI_DataSizeConfig), (18 bytes).
    Removing stm32f37x_spi.o(i.SPI_GetCRC), (16 bytes).
    Removing stm32f37x_spi.o(i.SPI_GetCRCPolynomial), (6 bytes).
    Removing stm32f37x_spi.o(i.SPI_GetReceptionFIFOStatus), (10 bytes).
    Removing stm32f37x_spi.o(i.SPI_GetTransmissionFIFOStatus), (10 bytes).
    Removing stm32f37x_spi.o(i.SPI_I2S_ClearFlag), (6 bytes).
    Removing stm32f37x_spi.o(i.SPI_I2S_DMACmd), (18 bytes).
    Removing stm32f37x_spi.o(i.SPI_I2S_DeInit), (88 bytes).
    Removing stm32f37x_spi.o(i.SPI_I2S_GetFlagStatus), (18 bytes).
    Removing stm32f37x_spi.o(i.SPI_I2S_GetITStatus), (52 bytes).
    Removing stm32f37x_spi.o(i.SPI_I2S_ITConfig), (32 bytes).
    Removing stm32f37x_spi.o(i.SPI_I2S_ReceiveData16), (6 bytes).
    Removing stm32f37x_spi.o(i.SPI_I2S_SendData16), (4 bytes).
    Removing stm32f37x_spi.o(i.SPI_Init), (80 bytes).
    Removing stm32f37x_spi.o(i.SPI_LastDMATransferCmd), (18 bytes).
    Removing stm32f37x_spi.o(i.SPI_NSSInternalSoftwareConfig), (30 bytes).
    Removing stm32f37x_spi.o(i.SPI_NSSPulseModeCmd), (24 bytes).
    Removing stm32f37x_spi.o(i.SPI_ReceiveData8), (12 bytes).
    Removing stm32f37x_spi.o(i.SPI_RxFIFOThresholdConfig), (18 bytes).
    Removing stm32f37x_spi.o(i.SPI_SSOutputCmd), (24 bytes).
    Removing stm32f37x_spi.o(i.SPI_SendData8), (10 bytes).
    Removing stm32f37x_spi.o(i.SPI_StructInit), (30 bytes).
    Removing stm32f37x_spi.o(i.SPI_TIModeCmd), (24 bytes).
    Removing stm32f37x_spi.o(i.SPI_TransmitCRC), (10 bytes).
    Removing stm32f37x_adc.o(.rev16_text), (4 bytes).
    Removing stm32f37x_adc.o(.revsh_text), (4 bytes).
    Removing stm32f37x_adc.o(i.ADC_AnalogWatchdogCmd), (20 bytes).
    Removing stm32f37x_adc.o(i.ADC_AnalogWatchdogSingleChannelConfig), (16 bytes).
    Removing stm32f37x_adc.o(i.ADC_AnalogWatchdogThresholdsConfig), (6 bytes).
    Removing stm32f37x_adc.o(i.ADC_AutoInjectedConvCmd), (22 bytes).
    Removing stm32f37x_adc.o(i.ADC_ClearFlag), (6 bytes).
    Removing stm32f37x_adc.o(i.ADC_ClearITPendingBit), (10 bytes).
    Removing stm32f37x_adc.o(i.ADC_ContinuousModeCmd), (22 bytes).
    Removing stm32f37x_adc.o(i.ADC_DMACmd), (22 bytes).
    Removing stm32f37x_adc.o(i.ADC_DiscModeChannelCountConfig), (24 bytes).
    Removing stm32f37x_adc.o(i.ADC_DiscModeCmd), (22 bytes).
    Removing stm32f37x_adc.o(i.ADC_ExternalTrigConvCmd), (22 bytes).
    Removing stm32f37x_adc.o(i.ADC_ExternalTrigInjectedConvCmd), (22 bytes).
    Removing stm32f37x_adc.o(i.ADC_ExternalTrigInjectedConvConfig), (16 bytes).
    Removing stm32f37x_adc.o(i.ADC_GetITStatus), (36 bytes).
    Removing stm32f37x_adc.o(i.ADC_GetInjectedConversionValue), (28 bytes).
    Removing stm32f37x_adc.o(i.ADC_GetSoftwareStartConvStatus), (20 bytes).
    Removing stm32f37x_adc.o(i.ADC_GetSoftwareStartInjectedConvCmdStatus), (20 bytes).
    Removing stm32f37x_adc.o(i.ADC_ITConfig), (24 bytes).
    Removing stm32f37x_adc.o(i.ADC_InjectedChannelConfig), (130 bytes).
    Removing stm32f37x_adc.o(i.ADC_InjectedDiscModeCmd), (22 bytes).
    Removing stm32f37x_adc.o(i.ADC_InjectedSequencerLengthConfig), (24 bytes).
    Removing stm32f37x_adc.o(i.ADC_SetInjectedOffset), (20 bytes).
    Removing stm32f37x_adc.o(i.ADC_SoftwareStartInjectedConvCmd), (22 bytes).
    Removing stm32f37x_adc.o(i.ADC_TempSensorVrefintCmd), (36 bytes).

328 unused section(s) (total 8819 bytes) removed from the image.

==============================================================================

Image Symbol Table

    Local Symbols

    Symbol Name                              Value     Ov Type        Size  Object(Section)

    ../clib/microlib/init/entry.s            0x00000000   Number         0  entry9a.o ABSOLUTE
    ../clib/microlib/init/entry.s            0x00000000   Number         0  entry8b.o ABSOLUTE
    ../clib/microlib/init/entry.s            0x00000000   Number         0  entry8a.o ABSOLUTE
    ../clib/microlib/init/entry.s            0x00000000   Number         0  entry7b.o ABSOLUTE
    ../clib/microlib/init/entry.s            0x00000000   Number         0  entry9b.o ABSOLUTE
    ../clib/microlib/init/entry.s            0x00000000   Number         0  entry7a.o ABSOLUTE
    ../clib/microlib/init/entry.s            0x00000000   Number         0  entry5.o ABSOLUTE
    ../clib/microlib/init/entry.s            0x00000000   Number         0  entry11a.o ABSOLUTE
    ../clib/microlib/init/entry.s            0x00000000   Number         0  entry11b.o ABSOLUTE
    ../clib/microlib/init/entry.s            0x00000000   Number         0  entry2.o ABSOLUTE
    ../clib/microlib/init/entry.s            0x00000000   Number         0  entry10b.o ABSOLUTE
    ../clib/microlib/init/entry.s            0x00000000   Number         0  entry.o ABSOLUTE
    ../clib/microlib/init/entry.s            0x00000000   Number         0  entry10a.o ABSOLUTE
    ../clib/microlib/string/memcpy.c         0x00000000   Number         0  memcpyb.o ABSOLUTE
    ../clib/microlib/string/memcpy.c         0x00000000   Number         0  memcpya.o ABSOLUTE
    ../clib/microlib/string/memset.c         0x00000000   Number         0  memseta.o ABSOLUTE
    ..\\drive\\adc.c                         0x00000000   Number         0  adc.o ABSOLUTE
    ..\\drive\\exit.c                        0x00000000   Number         0  exit.o ABSOLUTE
    ..\\drive\\sdadc.c                       0x00000000   Number         0  sdadc.o ABSOLUTE
    ..\\drive\\systick.c                     0x00000000   Number         0  systick.o ABSOLUTE
    ..\\drive\\time.c                        0x00000000   Number         0  time.o ABSOLUTE
    ..\\drive\\uart.c                        0x00000000   Number         0  uart.o ABSOLUTE
    ..\\lib\\src\\stm32f37x_adc.c            0x00000000   Number         0  stm32f37x_adc.o ABSOLUTE
    ..\\lib\\src\\stm32f37x_exti.c           0x00000000   Number         0  stm32f37x_exti.o ABSOLUTE
    ..\\lib\\src\\stm32f37x_gpio.c           0x00000000   Number         0  stm32f37x_gpio.o ABSOLUTE
    ..\\lib\\src\\stm32f37x_misc.c           0x00000000   Number         0  stm32f37x_misc.o ABSOLUTE
    ..\\lib\\src\\stm32f37x_pwr.c            0x00000000   Number         0  stm32f37x_pwr.o ABSOLUTE
    ..\\lib\\src\\stm32f37x_rcc.c            0x00000000   Number         0  stm32f37x_rcc.o ABSOLUTE
    ..\\lib\\src\\stm32f37x_sdadc.c          0x00000000   Number         0  stm32f37x_sdadc.o ABSOLUTE
    ..\\lib\\src\\stm32f37x_spi.c            0x00000000   Number         0  stm32f37x_spi.o ABSOLUTE
    ..\\lib\\src\\stm32f37x_syscfg.c         0x00000000   Number         0  stm32f37x_syscfg.o ABSOLUTE
    ..\\lib\\src\\stm32f37x_tim.c            0x00000000   Number         0  stm32f37x_tim.o ABSOLUTE
    ..\\lib\\src\\stm32f37x_usart.c          0x00000000   Number         0  stm32f37x_usart.o ABSOLUTE
    ..\\stm32f3\\stm32f37x_it.c              0x00000000   Number         0  stm32f37x_it.o ABSOLUTE
    ..\\stm32f3\\system_stm32f37x.c          0x00000000   Number         0  system_stm32f37x.o ABSOLUTE
    ..\drive\adc.c                           0x00000000   Number         0  adc.o ABSOLUTE
    ..\drive\exit.c                          0x00000000   Number         0  exit.o ABSOLUTE
    ..\drive\sdadc.c                         0x00000000   Number         0  sdadc.o ABSOLUTE
    ..\drive\systick.c                       0x00000000   Number         0  systick.o ABSOLUTE
    ..\drive\time.c                          0x00000000   Number         0  time.o ABSOLUTE
    ..\drive\uart.c                          0x00000000   Number         0  uart.o ABSOLUTE
    ..\lib\src\stm32f37x_adc.c               0x00000000   Number         0  stm32f37x_adc.o ABSOLUTE
    ..\lib\src\stm32f37x_exti.c              0x00000000   Number         0  stm32f37x_exti.o ABSOLUTE
    ..\lib\src\stm32f37x_gpio.c              0x00000000   Number         0  stm32f37x_gpio.o ABSOLUTE
    ..\lib\src\stm32f37x_misc.c              0x00000000   Number         0  stm32f37x_misc.o ABSOLUTE
    ..\lib\src\stm32f37x_pwr.c               0x00000000   Number         0  stm32f37x_pwr.o ABSOLUTE
    ..\lib\src\stm32f37x_rcc.c               0x00000000   Number         0  stm32f37x_rcc.o ABSOLUTE
    ..\lib\src\stm32f37x_sdadc.c             0x00000000   Number         0  stm32f37x_sdadc.o ABSOLUTE
    ..\lib\src\stm32f37x_spi.c               0x00000000   Number         0  stm32f37x_spi.o ABSOLUTE
    ..\lib\src\stm32f37x_syscfg.c            0x00000000   Number         0  stm32f37x_syscfg.o ABSOLUTE
    ..\lib\src\stm32f37x_tim.c               0x00000000   Number         0  stm32f37x_tim.o ABSOLUTE
    ..\lib\src\stm32f37x_usart.c             0x00000000   Number         0  stm32f37x_usart.o ABSOLUTE
    ..\stm32f3\stm32f37x_it.c                0x00000000   Number         0  stm32f37x_it.o ABSOLUTE
    ..\stm32f3\system_stm32f37x.c            0x00000000   Number         0  system_stm32f37x.o ABSOLUTE
    dc.s                                     0x00000000   Number         0  dc.o ABSOLUTE
    handlers.s                               0x00000000   Number         0  handlers.o ABSOLUTE
    init.s                                   0x00000000   Number         0  init.o ABSOLUTE
    main.c                                   0x00000000   Number         0  main.o ABSOLUTE
    main.c                                   0x00000000   Number         0  main.o ABSOLUTE
    startup_stm32f37x.s                      0x00000000   Number         0  startup_stm32f37x.o ABSOLUTE
    RESET                                    0x08000000   Section      392  startup_stm32f37x.o(RESET)
    .ARM.Collect$$$$00000000                 0x08000188   Section        0  entry.o(.ARM.Collect$$$$00000000)
    .ARM.Collect$$$$00000001                 0x08000188   Section        4  entry2.o(.ARM.Collect$$$$00000001)
    .ARM.Collect$$$$00000004                 0x0800018c   Section        4  entry5.o(.ARM.Collect$$$$00000004)
    .ARM.Collect$$$$00000008                 0x08000190   Section        0  entry7b.o(.ARM.Collect$$$$00000008)
    .ARM.Collect$$$$0000000A                 0x08000190   Section        0  entry8b.o(.ARM.Collect$$$$0000000A)
    .ARM.Collect$$$$0000000B                 0x08000190   Section        8  entry9a.o(.ARM.Collect$$$$0000000B)
    .ARM.Collect$$$$0000000D                 0x08000198   Section        0  entry10a.o(.ARM.Collect$$$$0000000D)
    .ARM.Collect$$$$0000000F                 0x08000198   Section        0  entry11a.o(.ARM.Collect$$$$0000000F)
    .ARM.Collect$$$$00002712                 0x08000198   Section        4  entry2.o(.ARM.Collect$$$$00002712)
    __lit__00000000                          0x08000198   Data           4  entry2.o(.ARM.Collect$$$$00002712)
    .text                                    0x0800019c   Section       36  startup_stm32f37x.o(.text)
    $v0                                      0x0800019c   Number         0  startup_stm32f37x.o(.text)
    .text                                    0x080001c0   Section        0  memcpya.o(.text)
    .text                                    0x080001e4   Section        0  memseta.o(.text)
    .text                                    0x08000208   Section       36  init.o(.text)
    i.ADC14_Config                           0x0800022c   Section        0  adc.o(i.ADC14_Config)
    i.ADC_Cmd                                0x080002e0   Section        0  stm32f37x_adc.o(i.ADC_Cmd)
    i.ADC_DeInit                             0x080002f6   Section        0  stm32f37x_adc.o(i.ADC_DeInit)
    i.ADC_GetCalibrationStatus               0x0800030e   Section        0  stm32f37x_adc.o(i.ADC_GetCalibrationStatus)
    i.ADC_GetConversionValue                 0x08000322   Section        0  stm32f37x_adc.o(i.ADC_GetConversionValue)
    i.ADC_GetFlagStatus                      0x0800032a   Section        0  stm32f37x_adc.o(i.ADC_GetFlagStatus)
    i.ADC_GetResetCalibrationStatus          0x0800033c   Section        0  stm32f37x_adc.o(i.ADC_GetResetCalibrationStatus)
    i.ADC_Init                               0x08000350   Section        0  stm32f37x_adc.o(i.ADC_Init)
    i.ADC_RegularChannelConfig               0x08000398   Section        0  stm32f37x_adc.o(i.ADC_RegularChannelConfig)
    i.ADC_ResetCalibration                   0x08000450   Section        0  stm32f37x_adc.o(i.ADC_ResetCalibration)
    i.ADC_SoftwareStartConv                  0x0800045a   Section        0  stm32f37x_adc.o(i.ADC_SoftwareStartConv)
    i.ADC_StartCalibration                   0x08000464   Section        0  stm32f37x_adc.o(i.ADC_StartCalibration)
    i.ADC_StructInit                         0x0800046e   Section        0  stm32f37x_adc.o(i.ADC_StructInit)
    i.BusFault_Handler                       0x0800047e   Section        0  stm32f37x_it.o(i.BusFault_Handler)
    i.DebugMon_Handler                       0x08000482   Section        0  stm32f37x_it.o(i.DebugMon_Handler)
    i.Delay_ms                               0x08000484   Section        0  systick.o(i.Delay_ms)
    i.EXIT_IO_Init                           0x0800049c   Section        0  exit.o(i.EXIT_IO_Init)
    i.EXTI4_IRQHandler                       0x08000518   Section        0  stm32f37x_it.o(i.EXTI4_IRQHandler)
    i.EXTI_ClearITPendingBit                 0x08000550   Section        0  stm32f37x_exti.o(i.EXTI_ClearITPendingBit)
    i.EXTI_GetITStatus                       0x0800055c   Section        0  stm32f37x_exti.o(i.EXTI_GetITStatus)
    i.EXTI_Init                              0x08000584   Section        0  stm32f37x_exti.o(i.EXTI_Init)
    i.GPIO_Init                              0x08000618   Section        0  stm32f37x_gpio.o(i.GPIO_Init)
    i.GPIO_PinAFConfig                       0x080006a8   Section        0  stm32f37x_gpio.o(i.GPIO_PinAFConfig)
    i.GPIO_ReadOutputDataBit                 0x080006ee   Section        0  stm32f37x_gpio.o(i.GPIO_ReadOutputDataBit)
    i.GPIO_ResetBits                         0x08000700   Section        0  stm32f37x_gpio.o(i.GPIO_ResetBits)
    i.GPIO_SetBits                           0x08000704   Section        0  stm32f37x_gpio.o(i.GPIO_SetBits)
    i.HardFault_Handler                      0x08000708   Section        0  stm32f37x_it.o(i.HardFault_Handler)
    i.MemManage_Handler                      0x08000740   Section        0  stm32f37x_it.o(i.MemManage_Handler)
    i.NMI_Handler                            0x08000744   Section        0  stm32f37x_it.o(i.NMI_Handler)
    i.NVIC_Init                              0x08000748   Section        0  stm32f37x_misc.o(i.NVIC_Init)
    i.NVIC_PriorityGroupConfig               0x080007b8   Section        0  stm32f37x_misc.o(i.NVIC_PriorityGroupConfig)
    i.PWR_SDADCAnalogCmd                     0x080007cc   Section        0  stm32f37x_pwr.o(i.PWR_SDADCAnalogCmd)
    i.PendSV_Handler                         0x080007ec   Section        0  stm32f37x_it.o(i.PendSV_Handler)
    i.RCC_ADCCLKConfig                       0x080007f0   Section        0  stm32f37x_rcc.o(i.RCC_ADCCLKConfig)
    i.RCC_AHBPeriphClockCmd                  0x0800080c   Section        0  stm32f37x_rcc.o(i.RCC_AHBPeriphClockCmd)
    i.RCC_APB1PeriphClockCmd                 0x0800082c   Section        0  stm32f37x_rcc.o(i.RCC_APB1PeriphClockCmd)
    i.RCC_APB2PeriphClockCmd                 0x0800084c   Section        0  stm32f37x_rcc.o(i.RCC_APB2PeriphClockCmd)
    i.RCC_APB2PeriphResetCmd                 0x0800086c   Section        0  stm32f37x_rcc.o(i.RCC_APB2PeriphResetCmd)
    i.RCC_GetClocksFreq                      0x0800088c   Section        0  stm32f37x_rcc.o(i.RCC_GetClocksFreq)
    i.RCC_SDADCCLKConfig                     0x08000a9c   Section        0  stm32f37x_rcc.o(i.RCC_SDADCCLKConfig)
    i.SDADC1_Config                          0x08000ab8   Section        0  sdadc.o(i.SDADC1_Config)
    i.SDADC1_IRQHandler                      0x08000bd8   Section        0  stm32f37x_it.o(i.SDADC1_IRQHandler)
    i.SDADC_AINInit                          0x08000ccc   Section        0  stm32f37x_sdadc.o(i.SDADC_AINInit)
    i.SDADC_CalibrationSequenceConfig        0x08000cea   Section        0  stm32f37x_sdadc.o(i.SDADC_CalibrationSequenceConfig)
    i.SDADC_ChannelConfig                    0x08000cf8   Section        0  stm32f37x_sdadc.o(i.SDADC_ChannelConfig)
    i.SDADC_Cmd                              0x08000d1c   Section        0  stm32f37x_sdadc.o(i.SDADC_Cmd)
    i.SDADC_GetFlagStatus                    0x08000d32   Section        0  stm32f37x_sdadc.o(i.SDADC_GetFlagStatus)
    i.SDADC_GetInjectedConversionValue       0x08000d44   Section        0  stm32f37x_sdadc.o(i.SDADC_GetInjectedConversionValue)
    i.SDADC_ITConfig                         0x08000d68   Section        0  stm32f37x_sdadc.o(i.SDADC_ITConfig)
    i.SDADC_InitModeCmd                      0x08000d7a   Section        0  stm32f37x_sdadc.o(i.SDADC_InitModeCmd)
    i.SDADC_InjectedChannelSelect            0x08000d90   Section        0  stm32f37x_sdadc.o(i.SDADC_InjectedChannelSelect)
    i.SDADC_InjectedContinuousModeCmd        0x08000d96   Section        0  stm32f37x_sdadc.o(i.SDADC_InjectedContinuousModeCmd)
    i.SDADC_SoftwareStartInjectedConv        0x08000dac   Section        0  stm32f37x_sdadc.o(i.SDADC_SoftwareStartInjectedConv)
    i.SDADC_StartCalibration                 0x08000db6   Section        0  stm32f37x_sdadc.o(i.SDADC_StartCalibration)
    i.SDADC_VREFSelect                       0x08000dc0   Section        0  stm32f37x_sdadc.o(i.SDADC_VREFSelect)
    i.SVC_Handler                            0x08000dd4   Section        0  stm32f37x_it.o(i.SVC_Handler)
    i.SYSCFG_EXTILineConfig                  0x08000dd8   Section        0  stm32f37x_syscfg.o(i.SYSCFG_EXTILineConfig)
    i.SetSysClock                            0x08000e18   Section        0  system_stm32f37x.o(i.SetSysClock)
    SetSysClock                              0x08000e19   Thumb Code   188  system_stm32f37x.o(i.SetSysClock)
    i.SysTick_Handler                        0x08000edc   Section        0  stm32f37x_it.o(i.SysTick_Handler)
    i.SystemInit                             0x08000ee4   Section        0  system_stm32f37x.o(i.SystemInit)
    i.Systick_Init                           0x08000f64   Section        0  systick.o(i.Systick_Init)
    i.TIM3_IRQHandler                        0x08000fcc   Section        0  time.o(i.TIM3_IRQHandler)
    i.TIM3_Int_Init                          0x08001030   Section        0  time.o(i.TIM3_Int_Init)
    i.TIM_ClearITPendingBit                  0x08001088   Section        0  stm32f37x_tim.o(i.TIM_ClearITPendingBit)
    i.TIM_Cmd                                0x0800108e   Section        0  stm32f37x_tim.o(i.TIM_Cmd)
    i.TIM_GetITStatus                        0x080010a6   Section        0  stm32f37x_tim.o(i.TIM_GetITStatus)
    i.TIM_ITConfig                           0x080010c8   Section        0  stm32f37x_tim.o(i.TIM_ITConfig)
    i.TIM_TimeBaseInit                       0x080010dc   Section        0  stm32f37x_tim.o(i.TIM_TimeBaseInit)
    i.TimingDelay_Decrement                  0x08001174   Section        0  systick.o(i.TimingDelay_Decrement)
    i.UART_Send                              0x0800118c   Section        0  uart.o(i.UART_Send)
    i.USART_Cmd                              0x080011b4   Section        0  stm32f37x_usart.o(i.USART_Cmd)
    i.USART_Configuration                    0x080011cc   Section        0  uart.o(i.USART_Configuration)
    i.USART_Init                             0x08001248   Section        0  stm32f37x_usart.o(i.USART_Init)
    i.UsageFault_Handler                     0x08001314   Section        0  stm32f37x_it.o(i.UsageFault_Handler)
    i.__scatterload_copy                     0x08001318   Section       14  handlers.o(i.__scatterload_copy)
    i.__scatterload_null                     0x08001326   Section        2  handlers.o(i.__scatterload_null)
    i.__scatterload_zeroinit                 0x08001328   Section       14  handlers.o(i.__scatterload_zeroinit)
    i.delay                                  0x08001336   Section        0  sdadc.o(i.delay)
    delay                                    0x08001337   Thumb Code    12  sdadc.o(i.delay)
    i.getbatteryvalue                        0x08001344   Section        0  adc.o(i.getbatteryvalue)
    i.main                                   0x08001384   Section        0  main.o(i.main)
    i.send_data                              0x08001428   Section        0  main.o(i.send_data)
    .data                                    0x20000000   Section       20  stm32f37x_it.o(.data)
    .data                                    0x20000014   Section       20  system_stm32f37x.o(.data)
    .data                                    0x20000028   Section        4  systick.o(.data)
    TimingDelay                              0x20000028   Data           4  systick.o(.data)
    .data                                    0x2000002c   Section        9  time.o(.data)
    .data                                    0x20000036   Section        3  adc.o(.data)
    .data                                    0x20000039   Section       36  stm32f37x_rcc.o(.data)
    APBAHBPrescTable                         0x20000039   Data          16  stm32f37x_rcc.o(.data)
    ADCPrescTable                            0x20000049   Data           4  stm32f37x_rcc.o(.data)
    SDADCPrescTable                          0x2000004d   Data          16  stm32f37x_rcc.o(.data)
    .bss                                     0x20000060   Section     2792  stm32f37x_it.o(.bss)
    STACK                                    0x20000b48   Section     1024  startup_stm32f37x.o(STACK)

    Global Symbols

    Symbol Name                              Value     Ov Type        Size  Object(Section)

    BuildAttributes$$THM_ISAv4$E$P$D$K$B$S$7EM$VFPi3$EXTD16$VFPS$VFMA$PE$A:L22UL41UL21$X:L11$S22US41US21$IEEE1$IW$USESV6$~STKCKD$USESV7$~SHL$OSPACE$EBA8$MICROLIB$REQ8$PRES8$EABIv2 0x00000000   Number         0  anon$$obj.o ABSOLUTE
    __ARM_use_no_argv                        0x00000000   Number         0  main.o ABSOLUTE
    __cpp_initialize__aeabi_                  - Undefined Weak Reference
    __cxa_finalize                            - Undefined Weak Reference
    __decompress                              - Undefined Weak Reference
    _clock_init                               - Undefined Weak Reference
    _microlib_exit                            - Undefined Weak Reference
    __Vectors_Size                           0x00000188   Number         0  startup_stm32f37x.o ABSOLUTE
    __Vectors                                0x08000000   Data           4  startup_stm32f37x.o(RESET)
    __Vectors_End                            0x08000188   Data           0  startup_stm32f37x.o(RESET)
    __main                                   0x08000189   Thumb Code     0  entry.o(.ARM.Collect$$$$00000000)
    _main_stk                                0x08000189   Thumb Code     0  entry2.o(.ARM.Collect$$$$00000001)
    _main_scatterload                        0x0800018d   Thumb Code     0  entry5.o(.ARM.Collect$$$$00000004)
    __main_after_scatterload                 0x08000191   Thumb Code     0  entry5.o(.ARM.Collect$$$$00000004)
    _main_clock                              0x08000191   Thumb Code     0  entry7b.o(.ARM.Collect$$$$00000008)
    _main_cpp_init                           0x08000191   Thumb Code     0  entry8b.o(.ARM.Collect$$$$0000000A)
    _main_init                               0x08000191   Thumb Code     0  entry9a.o(.ARM.Collect$$$$0000000B)
    __rt_final_cpp                           0x08000199   Thumb Code     0  entry10a.o(.ARM.Collect$$$$0000000D)
    __rt_final_exit                          0x08000199   Thumb Code     0  entry11a.o(.ARM.Collect$$$$0000000F)
    Reset_Handler                            0x0800019d   Thumb Code     8  startup_stm32f37x.o(.text)
    ADC1_IRQHandler                          0x080001b7   Thumb Code     0  startup_stm32f37x.o(.text)
    CAN1_RX0_IRQHandler                      0x080001b7   Thumb Code     0  startup_stm32f37x.o(.text)
    CAN1_RX1_IRQHandler                      0x080001b7   Thumb Code     0  startup_stm32f37x.o(.text)
    CAN1_SCE_IRQHandler                      0x080001b7   Thumb Code     0  startup_stm32f37x.o(.text)
    CAN1_TX_IRQHandler                       0x080001b7   Thumb Code     0  startup_stm32f37x.o(.text)
    CEC_IRQHandler                           0x080001b7   Thumb Code     0  startup_stm32f37x.o(.text)
    COMP_IRQHandler                          0x080001b7   Thumb Code     0  startup_stm32f37x.o(.text)
    DMA1_Channel1_IRQHandler                 0x080001b7   Thumb Code     0  startup_stm32f37x.o(.text)
    DMA1_Channel2_IRQHandler                 0x080001b7   Thumb Code     0  startup_stm32f37x.o(.text)
    DMA1_Channel3_IRQHandler                 0x080001b7   Thumb Code     0  startup_stm32f37x.o(.text)
    DMA1_Channel4_IRQHandler                 0x080001b7   Thumb Code     0  startup_stm32f37x.o(.text)
    DMA1_Channel5_IRQHandler                 0x080001b7   Thumb Code     0  startup_stm32f37x.o(.text)
    DMA1_Channel6_IRQHandler                 0x080001b7   Thumb Code     0  startup_stm32f37x.o(.text)
    DMA1_Channel7_IRQHandler                 0x080001b7   Thumb Code     0  startup_stm32f37x.o(.text)
    DMA2_Channel1_IRQHandler                 0x080001b7   Thumb Code     0  startup_stm32f37x.o(.text)
    DMA2_Channel2_IRQHandler                 0x080001b7   Thumb Code     0  startup_stm32f37x.o(.text)
    DMA2_Channel3_IRQHandler                 0x080001b7   Thumb Code     0  startup_stm32f37x.o(.text)
    DMA2_Channel4_IRQHandler                 0x080001b7   Thumb Code     0  startup_stm32f37x.o(.text)
    DMA2_Channel5_IRQHandler                 0x080001b7   Thumb Code     0  startup_stm32f37x.o(.text)
    EXTI0_IRQHandler                         0x080001b7   Thumb Code     0  startup_stm32f37x.o(.text)
    EXTI15_10_IRQHandler                     0x080001b7   Thumb Code     0  startup_stm32f37x.o(.text)
    EXTI1_IRQHandler                         0x080001b7   Thumb Code     0  startup_stm32f37x.o(.text)
    EXTI2_TS_IRQHandler                      0x080001b7   Thumb Code     0  startup_stm32f37x.o(.text)
    EXTI3_IRQHandler                         0x080001b7   Thumb Code     0  startup_stm32f37x.o(.text)
    EXTI9_5_IRQHandler                       0x080001b7   Thumb Code     0  startup_stm32f37x.o(.text)
    FLASH_IRQHandler                         0x080001b7   Thumb Code     0  startup_stm32f37x.o(.text)
    FPU_IRQHandler                           0x080001b7   Thumb Code     0  startup_stm32f37x.o(.text)
    I2C1_ER_IRQHandler                       0x080001b7   Thumb Code     0  startup_stm32f37x.o(.text)
    I2C1_EV_IRQHandler                       0x080001b7   Thumb Code     0  startup_stm32f37x.o(.text)
    I2C2_ER_IRQHandler                       0x080001b7   Thumb Code     0  startup_stm32f37x.o(.text)
    I2C2_EV_IRQHandler                       0x080001b7   Thumb Code     0  startup_stm32f37x.o(.text)
    PVD_IRQHandler                           0x080001b7   Thumb Code     0  startup_stm32f37x.o(.text)
    RCC_IRQHandler                           0x080001b7   Thumb Code     0  startup_stm32f37x.o(.text)
    RTC_Alarm_IRQHandler                     0x080001b7   Thumb Code     0  startup_stm32f37x.o(.text)
    RTC_WKUP_IRQHandler                      0x080001b7   Thumb Code     0  startup_stm32f37x.o(.text)
    SDADC2_IRQHandler                        0x080001b7   Thumb Code     0  startup_stm32f37x.o(.text)
    SDADC3_IRQHandler                        0x080001b7   Thumb Code     0  startup_stm32f37x.o(.text)
    SPI1_IRQHandler                          0x080001b7   Thumb Code     0  startup_stm32f37x.o(.text)
    SPI2_IRQHandler                          0x080001b7   Thumb Code     0  startup_stm32f37x.o(.text)
    SPI3_IRQHandler                          0x080001b7   Thumb Code     0  startup_stm32f37x.o(.text)
    TAMPER_STAMP_IRQHandler                  0x080001b7   Thumb Code     0  startup_stm32f37x.o(.text)
    TIM12_IRQHandler                         0x080001b7   Thumb Code     0  startup_stm32f37x.o(.text)
    TIM13_IRQHandler                         0x080001b7   Thumb Code     0  startup_stm32f37x.o(.text)
    TIM14_IRQHandler                         0x080001b7   Thumb Code     0  startup_stm32f37x.o(.text)
    TIM15_IRQHandler                         0x080001b7   Thumb Code     0  startup_stm32f37x.o(.text)
    TIM16_IRQHandler                         0x080001b7   Thumb Code     0  startup_stm32f37x.o(.text)
    TIM17_IRQHandler                         0x080001b7   Thumb Code     0  startup_stm32f37x.o(.text)
    TIM18_DAC2_IRQHandler                    0x080001b7   Thumb Code     0  startup_stm32f37x.o(.text)
    TIM19_IRQHandler                         0x080001b7   Thumb Code     0  startup_stm32f37x.o(.text)
    TIM2_IRQHandler                          0x080001b7   Thumb Code     0  startup_stm32f37x.o(.text)
    TIM4_IRQHandler                          0x080001b7   Thumb Code     0  startup_stm32f37x.o(.text)
    TIM5_IRQHandler                          0x080001b7   Thumb Code     0  startup_stm32f37x.o(.text)
    TIM6_DAC1_IRQHandler                     0x080001b7   Thumb Code     0  startup_stm32f37x.o(.text)
    TIM7_IRQHandler                          0x080001b7   Thumb Code     0  startup_stm32f37x.o(.text)
    USART1_IRQHandler                        0x080001b7   Thumb Code     0  startup_stm32f37x.o(.text)
    USART2_IRQHandler                        0x080001b7   Thumb Code     0  startup_stm32f37x.o(.text)
    USART3_IRQHandler                        0x080001b7   Thumb Code     0  startup_stm32f37x.o(.text)
    USBWakeUp_IRQHandler                     0x080001b7   Thumb Code     0  startup_stm32f37x.o(.text)
    USB_HP_IRQHandler                        0x080001b7   Thumb Code     0  startup_stm32f37x.o(.text)
    USB_LP_IRQHandler                        0x080001b7   Thumb Code     0  startup_stm32f37x.o(.text)
    WWDG_IRQHandler                          0x080001b7   Thumb Code     0  startup_stm32f37x.o(.text)
    __aeabi_memcpy                           0x080001c1   Thumb Code    36  memcpya.o(.text)
    __aeabi_memcpy4                          0x080001c1   Thumb Code     0  memcpya.o(.text)
    __aeabi_memcpy8                          0x080001c1   Thumb Code     0  memcpya.o(.text)
    __aeabi_memset                           0x080001e5   Thumb Code    14  memseta.o(.text)
    __aeabi_memset4                          0x080001e5   Thumb Code     0  memseta.o(.text)
    __aeabi_memset8                          0x080001e5   Thumb Code     0  memseta.o(.text)
    __aeabi_memclr                           0x080001f3   Thumb Code     4  memseta.o(.text)
    __aeabi_memclr4                          0x080001f3   Thumb Code     0  memseta.o(.text)
    __aeabi_memclr8                          0x080001f3   Thumb Code     0  memseta.o(.text)
    _memset$wrapper                          0x080001f7   Thumb Code    18  memseta.o(.text)
    __scatterload                            0x08000209   Thumb Code    28  init.o(.text)
    __scatterload_rt2                        0x08000209   Thumb Code     0  init.o(.text)
    ADC14_Config                             0x0800022d   Thumb Code   172  adc.o(i.ADC14_Config)
    ADC_Cmd                                  0x080002e1   Thumb Code    22  stm32f37x_adc.o(i.ADC_Cmd)
    ADC_DeInit                               0x080002f7   Thumb Code    24  stm32f37x_adc.o(i.ADC_DeInit)
    ADC_GetCalibrationStatus                 0x0800030f   Thumb Code    20  stm32f37x_adc.o(i.ADC_GetCalibrationStatus)
    ADC_GetConversionValue                   0x08000323   Thumb Code     8  stm32f37x_adc.o(i.ADC_GetConversionValue)
    ADC_GetFlagStatus                        0x0800032b   Thumb Code    18  stm32f37x_adc.o(i.ADC_GetFlagStatus)
    ADC_GetResetCalibrationStatus            0x0800033d   Thumb Code    20  stm32f37x_adc.o(i.ADC_GetResetCalibrationStatus)
    ADC_Init                                 0x08000351   Thumb Code    66  stm32f37x_adc.o(i.ADC_Init)
    ADC_RegularChannelConfig                 0x08000399   Thumb Code   184  stm32f37x_adc.o(i.ADC_RegularChannelConfig)
    ADC_ResetCalibration                     0x08000451   Thumb Code    10  stm32f37x_adc.o(i.ADC_ResetCalibration)
    ADC_SoftwareStartConv                    0x0800045b   Thumb Code    10  stm32f37x_adc.o(i.ADC_SoftwareStartConv)
    ADC_StartCalibration                     0x08000465   Thumb Code    10  stm32f37x_adc.o(i.ADC_StartCalibration)
    ADC_StructInit                           0x0800046f   Thumb Code    16  stm32f37x_adc.o(i.ADC_StructInit)
    BusFault_Handler                         0x0800047f   Thumb Code     4  stm32f37x_it.o(i.BusFault_Handler)
    DebugMon_Handler                         0x08000483   Thumb Code     2  stm32f37x_it.o(i.DebugMon_Handler)
    Delay_ms                                 0x08000485   Thumb Code    20  systick.o(i.Delay_ms)
    EXIT_IO_Init                             0x0800049d   Thumb Code   118  exit.o(i.EXIT_IO_Init)
    EXTI4_IRQHandler                         0x08000519   Thumb Code    48  stm32f37x_it.o(i.EXTI4_IRQHandler)
    EXTI_ClearITPendingBit                   0x08000551   Thumb Code     6  stm32f37x_exti.o(i.EXTI_ClearITPendingBit)
    EXTI_GetITStatus                         0x0800055d   Thumb Code    34  stm32f37x_exti.o(i.EXTI_GetITStatus)
    EXTI_Init                                0x08000585   Thumb Code   142  stm32f37x_exti.o(i.EXTI_Init)
    GPIO_Init                                0x08000619   Thumb Code   144  stm32f37x_gpio.o(i.GPIO_Init)
    GPIO_PinAFConfig                         0x080006a9   Thumb Code    70  stm32f37x_gpio.o(i.GPIO_PinAFConfig)
    GPIO_ReadOutputDataBit                   0x080006ef   Thumb Code    18  stm32f37x_gpio.o(i.GPIO_ReadOutputDataBit)
    GPIO_ResetBits                           0x08000701   Thumb Code     4  stm32f37x_gpio.o(i.GPIO_ResetBits)
    GPIO_SetBits                             0x08000705   Thumb Code     4  stm32f37x_gpio.o(i.GPIO_SetBits)
    HardFault_Handler                        0x08000709   Thumb Code    52  stm32f37x_it.o(i.HardFault_Handler)
    MemManage_Handler                        0x08000741   Thumb Code     4  stm32f37x_it.o(i.MemManage_Handler)
    NMI_Handler                              0x08000745   Thumb Code     2  stm32f37x_it.o(i.NMI_Handler)
    NVIC_Init                                0x08000749   Thumb Code   100  stm32f37x_misc.o(i.NVIC_Init)
    NVIC_PriorityGroupConfig                 0x080007b9   Thumb Code    10  stm32f37x_misc.o(i.NVIC_PriorityGroupConfig)
    PWR_SDADCAnalogCmd                       0x080007cd   Thumb Code    26  stm32f37x_pwr.o(i.PWR_SDADCAnalogCmd)
    PendSV_Handler                           0x080007ed   Thumb Code     2  stm32f37x_it.o(i.PendSV_Handler)
    RCC_ADCCLKConfig                         0x080007f1   Thumb Code    22  stm32f37x_rcc.o(i.RCC_ADCCLKConfig)
    RCC_AHBPeriphClockCmd                    0x0800080d   Thumb Code    26  stm32f37x_rcc.o(i.RCC_AHBPeriphClockCmd)
    RCC_APB1PeriphClockCmd                   0x0800082d   Thumb Code    26  stm32f37x_rcc.o(i.RCC_APB1PeriphClockCmd)
    RCC_APB2PeriphClockCmd                   0x0800084d   Thumb Code    26  stm32f37x_rcc.o(i.RCC_APB2PeriphClockCmd)
    RCC_APB2PeriphResetCmd                   0x0800086d   Thumb Code    26  stm32f37x_rcc.o(i.RCC_APB2PeriphResetCmd)
    RCC_GetClocksFreq                        0x0800088d   Thumb Code   504  stm32f37x_rcc.o(i.RCC_GetClocksFreq)
    RCC_SDADCCLKConfig                       0x08000a9d   Thumb Code    22  stm32f37x_rcc.o(i.RCC_SDADCCLKConfig)
    SDADC1_Config                            0x08000ab9   Thumb Code   272  sdadc.o(i.SDADC1_Config)
    SDADC1_IRQHandler                        0x08000bd9   Thumb Code   216  stm32f37x_it.o(i.SDADC1_IRQHandler)
    SDADC_AINInit                            0x08000ccd   Thumb Code    30  stm32f37x_sdadc.o(i.SDADC_AINInit)
    SDADC_CalibrationSequenceConfig          0x08000ceb   Thumb Code    14  stm32f37x_sdadc.o(i.SDADC_CalibrationSequenceConfig)
    SDADC_ChannelConfig                      0x08000cf9   Thumb Code    30  stm32f37x_sdadc.o(i.SDADC_ChannelConfig)
    SDADC_Cmd                                0x08000d1d   Thumb Code    22  stm32f37x_sdadc.o(i.SDADC_Cmd)
    SDADC_GetFlagStatus                      0x08000d33   Thumb Code    18  stm32f37x_sdadc.o(i.SDADC_GetFlagStatus)
    SDADC_GetInjectedConversionValue         0x08000d45   Thumb Code    30  stm32f37x_sdadc.o(i.SDADC_GetInjectedConversionValue)
    SDADC_ITConfig                           0x08000d69   Thumb Code    18  stm32f37x_sdadc.o(i.SDADC_ITConfig)
    SDADC_InitModeCmd                        0x08000d7b   Thumb Code    22  stm32f37x_sdadc.o(i.SDADC_InitModeCmd)
    SDADC_InjectedChannelSelect              0x08000d91   Thumb Code     6  stm32f37x_sdadc.o(i.SDADC_InjectedChannelSelect)
    SDADC_InjectedContinuousModeCmd          0x08000d97   Thumb Code    22  stm32f37x_sdadc.o(i.SDADC_InjectedContinuousModeCmd)
    SDADC_SoftwareStartInjectedConv          0x08000dad   Thumb Code    10  stm32f37x_sdadc.o(i.SDADC_SoftwareStartInjectedConv)
    SDADC_StartCalibration                   0x08000db7   Thumb Code    10  stm32f37x_sdadc.o(i.SDADC_StartCalibration)
    SDADC_VREFSelect                         0x08000dc1   Thumb Code    16  stm32f37x_sdadc.o(i.SDADC_VREFSelect)
    SVC_Handler                              0x08000dd5   Thumb Code     2  stm32f37x_it.o(i.SVC_Handler)
    SYSCFG_EXTILineConfig                    0x08000dd9   Thumb Code    60  stm32f37x_syscfg.o(i.SYSCFG_EXTILineConfig)
    SysTick_Handler                          0x08000edd   Thumb Code     8  stm32f37x_it.o(i.SysTick_Handler)
    SystemInit                               0x08000ee5   Thumb Code   110  system_stm32f37x.o(i.SystemInit)
    Systick_Init                             0x08000f65   Thumb Code    90  systick.o(i.Systick_Init)
    TIM3_IRQHandler                          0x08000fcd   Thumb Code    78  time.o(i.TIM3_IRQHandler)
    TIM3_Int_Init                            0x08001031   Thumb Code    84  time.o(i.TIM3_Int_Init)
    TIM_ClearITPendingBit                    0x08001089   Thumb Code     6  stm32f37x_tim.o(i.TIM_ClearITPendingBit)
    TIM_Cmd                                  0x0800108f   Thumb Code    24  stm32f37x_tim.o(i.TIM_Cmd)
    TIM_GetITStatus                          0x080010a7   Thumb Code    34  stm32f37x_tim.o(i.TIM_GetITStatus)
    TIM_ITConfig                             0x080010c9   Thumb Code    18  stm32f37x_tim.o(i.TIM_ITConfig)
    TIM_TimeBaseInit                         0x080010dd   Thumb Code   110  stm32f37x_tim.o(i.TIM_TimeBaseInit)
    TimingDelay_Decrement                    0x08001175   Thumb Code    18  systick.o(i.TimingDelay_Decrement)
    UART_Send                                0x0800118d   Thumb Code    34  uart.o(i.UART_Send)
    USART_Cmd                                0x080011b5   Thumb Code    22  stm32f37x_usart.o(i.USART_Cmd)
    USART_Configuration                      0x080011cd   Thumb Code   116  uart.o(i.USART_Configuration)
    USART_Init                               0x08001249   Thumb Code   196  stm32f37x_usart.o(i.USART_Init)
    UsageFault_Handler                       0x08001315   Thumb Code     4  stm32f37x_it.o(i.UsageFault_Handler)
    __scatterload_copy                       0x08001319   Thumb Code    14  handlers.o(i.__scatterload_copy)
    __scatterload_null                       0x08001327   Thumb Code     2  handlers.o(i.__scatterload_null)
    __scatterload_zeroinit                   0x08001329   Thumb Code    14  handlers.o(i.__scatterload_zeroinit)
    getbatteryvalue                          0x08001345   Thumb Code    52  adc.o(i.getbatteryvalue)
    main                                     0x08001385   Thumb Code   144  main.o(i.main)
    send_data                                0x08001429   Thumb Code   102  main.o(i.send_data)
    Region$$Table$$Base                      0x08001494   Number         0  anon$$obj.o(Region$$Table)
    Region$$Table$$Limit                     0x080014b4   Number         0  anon$$obj.o(Region$$Table)
    package_count                            0x20000000   Data           2  stm32f37x_it.o(.data)
    emg_en                                   0x20000002   Data           1  stm32f37x_it.o(.data)
    osc_copy                                 0x20000004   Data           2  stm32f37x_it.o(.data)
    p_count                                  0x20000008   Data           4  stm32f37x_it.o(.data)
    pre_p_count                              0x2000000c   Data           4  stm32f37x_it.o(.data)
    con_p                                    0x20000010   Data           2  stm32f37x_it.o(.data)
    stamp_cnt                                0x20000012   Data           1  stm32f37x_it.o(.data)
    start                                    0x20000013   Data           1  stm32f37x_it.o(.data)
    SystemCoreClock                          0x20000014   Data           4  system_stm32f37x.o(.data)
    AHBPrescTable                            0x20000018   Data          16  system_stm32f37x.o(.data)
    k                                        0x2000002c   Data           4  time.o(.data)
    osc_count                                0x20000030   Data           4  time.o(.data)
    changeflag                               0x20000034   Data           1  time.o(.data)
    ADC1ConvertedVoltage                     0x20000036   Data           2  adc.o(.data)
    battery                                  0x20000038   Data           1  adc.o(.data)
    A                                        0x20000060   Data        1396  stm32f37x_it.o(.bss)
    B                                        0x200005d4   Data        1396  stm32f37x_it.o(.bss)
    __initial_sp                             0x20000f48   Data           0  startup_stm32f37x.o(STACK)



==============================================================================

Memory Map of the image

  Image Entry point : 0x08000189

  Load Region LR_IROM1 (Base: 0x08000000, Size: 0x00001514, Max: 0x00010000, ABSOLUTE)

    Execution Region ER_IROM1 (Base: 0x08000000, Size: 0x000014b4, Max: 0x00010000, ABSOLUTE)

    Base Addr    Size         Type   Attr      Idx    E Section Name        Object

    0x08000000   0x00000188   Data   RO            3    RESET               startup_stm32f37x.o
    0x08000188   0x00000000   Code   RO         2643  * .ARM.Collect$$$$00000000  mc_w.l(entry.o)
    0x08000188   0x00000004   Code   RO         2652    .ARM.Collect$$$$00000001  mc_w.l(entry2.o)
    0x0800018c   0x00000004   Code   RO         2655    .ARM.Collect$$$$00000004  mc_w.l(entry5.o)
    0x08000190   0x00000000   Code   RO         2657    .ARM.Collect$$$$00000008  mc_w.l(entry7b.o)
    0x08000190   0x00000000   Code   RO         2659    .ARM.Collect$$$$0000000A  mc_w.l(entry8b.o)
    0x08000190   0x00000008   Code   RO         2660    .ARM.Collect$$$$0000000B  mc_w.l(entry9a.o)
    0x08000198   0x00000000   Code   RO         2662    .ARM.Collect$$$$0000000D  mc_w.l(entry10a.o)
    0x08000198   0x00000000   Code   RO         2664    .ARM.Collect$$$$0000000F  mc_w.l(entry11a.o)
    0x08000198   0x00000004   Code   RO         2653    .ARM.Collect$$$$00002712  mc_w.l(entry2.o)
    0x0800019c   0x00000024   Code   RO            4    .text               startup_stm32f37x.o
    0x080001c0   0x00000024   Code   RO         2646    .text               mc_w.l(memcpya.o)
    0x080001e4   0x00000024   Code   RO         2648    .text               mc_w.l(memseta.o)
    0x08000208   0x00000024   Code   RO         2666    .text               mc_w.l(init.o)
    0x0800022c   0x000000b4   Code   RO          426    i.ADC14_Config      adc.o
    0x080002e0   0x00000016   Code   RO         2421    i.ADC_Cmd           stm32f37x_adc.o
    0x080002f6   0x00000018   Code   RO         2424    i.ADC_DeInit        stm32f37x_adc.o
    0x0800030e   0x00000014   Code   RO         2430    i.ADC_GetCalibrationStatus  stm32f37x_adc.o
    0x08000322   0x00000008   Code   RO         2431    i.ADC_GetConversionValue  stm32f37x_adc.o
    0x0800032a   0x00000012   Code   RO         2432    i.ADC_GetFlagStatus  stm32f37x_adc.o
    0x0800033c   0x00000014   Code   RO         2435    i.ADC_GetResetCalibrationStatus  stm32f37x_adc.o
    0x08000350   0x00000048   Code   RO         2439    i.ADC_Init          stm32f37x_adc.o
    0x08000398   0x000000b8   Code   RO         2443    i.ADC_RegularChannelConfig  stm32f37x_adc.o
    0x08000450   0x0000000a   Code   RO         2444    i.ADC_ResetCalibration  stm32f37x_adc.o
    0x0800045a   0x0000000a   Code   RO         2446    i.ADC_SoftwareStartConv  stm32f37x_adc.o
    0x08000464   0x0000000a   Code   RO         2448    i.ADC_StartCalibration  stm32f37x_adc.o
    0x0800046e   0x00000010   Code   RO         2449    i.ADC_StructInit    stm32f37x_adc.o
    0x0800047e   0x00000004   Code   RO           12    i.BusFault_Handler  stm32f37x_it.o
    0x08000482   0x00000002   Code   RO           13    i.DebugMon_Handler  stm32f37x_it.o
    0x08000484   0x00000018   Code   RO          329    i.Delay_ms          systick.o
    0x0800049c   0x0000007c   Code   RO          403    i.EXIT_IO_Init      exit.o
    0x08000518   0x00000038   Code   RO           14    i.EXTI4_IRQHandler  stm32f37x_it.o
    0x08000550   0x0000000c   Code   RO         1150    i.EXTI_ClearITPendingBit  stm32f37x_exti.o
    0x0800055c   0x00000028   Code   RO         1154    i.EXTI_GetITStatus  stm32f37x_exti.o
    0x08000584   0x00000094   Code   RO         1155    i.EXTI_Init         stm32f37x_exti.o
    0x08000618   0x00000090   Code   RO          810    i.GPIO_Init         stm32f37x_gpio.o
    0x080006a8   0x00000046   Code   RO          811    i.GPIO_PinAFConfig  stm32f37x_gpio.o
    0x080006ee   0x00000012   Code   RO          816    i.GPIO_ReadOutputDataBit  stm32f37x_gpio.o
    0x08000700   0x00000004   Code   RO          817    i.GPIO_ResetBits    stm32f37x_gpio.o
    0x08000704   0x00000004   Code   RO          818    i.GPIO_SetBits      stm32f37x_gpio.o
    0x08000708   0x00000038   Code   RO           15    i.HardFault_Handler  stm32f37x_it.o
    0x08000740   0x00000004   Code   RO           16    i.MemManage_Handler  stm32f37x_it.o
    0x08000744   0x00000002   Code   RO           17    i.NMI_Handler       stm32f37x_it.o
    0x08000746   0x00000002   PAD
    0x08000748   0x00000070   Code   RO         1211    i.NVIC_Init         stm32f37x_misc.o
    0x080007b8   0x00000014   Code   RO         1212    i.NVIC_PriorityGroupConfig  stm32f37x_misc.o
    0x080007cc   0x00000020   Code   RO         1588    i.PWR_SDADCAnalogCmd  stm32f37x_pwr.o
    0x080007ec   0x00000002   Code   RO           18    i.PendSV_Handler    stm32f37x_it.o
    0x080007ee   0x00000002   PAD
    0x080007f0   0x0000001c   Code   RO         1255    i.RCC_ADCCLKConfig  stm32f37x_rcc.o
    0x0800080c   0x00000020   Code   RO         1256    i.RCC_AHBPeriphClockCmd  stm32f37x_rcc.o
    0x0800082c   0x00000020   Code   RO         1258    i.RCC_APB1PeriphClockCmd  stm32f37x_rcc.o
    0x0800084c   0x00000020   Code   RO         1260    i.RCC_APB2PeriphClockCmd  stm32f37x_rcc.o
    0x0800086c   0x00000020   Code   RO         1261    i.RCC_APB2PeriphResetCmd  stm32f37x_rcc.o
    0x0800088c   0x00000210   Code   RO         1269    i.RCC_GetClocksFreq  stm32f37x_rcc.o
    0x08000a9c   0x0000001c   Code   RO         1289    i.RCC_SDADCCLKConfig  stm32f37x_rcc.o
    0x08000ab8   0x00000120   Code   RO          301    i.SDADC1_Config     sdadc.o
    0x08000bd8   0x000000f4   Code   RO           19    i.SDADC1_IRQHandler  stm32f37x_it.o
    0x08000ccc   0x0000001e   Code   RO          901    i.SDADC_AINInit     stm32f37x_sdadc.o
    0x08000cea   0x0000000e   Code   RO          903    i.SDADC_CalibrationSequenceConfig  stm32f37x_sdadc.o
    0x08000cf8   0x00000024   Code   RO          904    i.SDADC_ChannelConfig  stm32f37x_sdadc.o
    0x08000d1c   0x00000016   Code   RO          908    i.SDADC_Cmd         stm32f37x_sdadc.o
    0x08000d32   0x00000012   Code   RO          919    i.SDADC_GetFlagStatus  stm32f37x_sdadc.o
    0x08000d44   0x00000024   Code   RO          924    i.SDADC_GetInjectedConversionValue  stm32f37x_sdadc.o
    0x08000d68   0x00000012   Code   RO          925    i.SDADC_ITConfig    stm32f37x_sdadc.o
    0x08000d7a   0x00000016   Code   RO          927    i.SDADC_InitModeCmd  stm32f37x_sdadc.o
    0x08000d90   0x00000006   Code   RO          928    i.SDADC_InjectedChannelSelect  stm32f37x_sdadc.o
    0x08000d96   0x00000016   Code   RO          929    i.SDADC_InjectedContinuousModeCmd  stm32f37x_sdadc.o
    0x08000dac   0x0000000a   Code   RO          935    i.SDADC_SoftwareStartInjectedConv  stm32f37x_sdadc.o
    0x08000db6   0x0000000a   Code   RO          937    i.SDADC_StartCalibration  stm32f37x_sdadc.o
    0x08000dc0   0x00000014   Code   RO          939    i.SDADC_VREFSelect  stm32f37x_sdadc.o
    0x08000dd4   0x00000002   Code   RO           20    i.SVC_Handler       stm32f37x_it.o
    0x08000dd6   0x00000002   PAD
    0x08000dd8   0x00000040   Code   RO         1509    i.SYSCFG_EXTILineConfig  stm32f37x_syscfg.o
    0x08000e18   0x000000c4   Code   RO          213    i.SetSysClock       system_stm32f37x.o
    0x08000edc   0x00000008   Code   RO           21    i.SysTick_Handler   stm32f37x_it.o
    0x08000ee4   0x00000080   Code   RO          215    i.SystemInit        system_stm32f37x.o
    0x08000f64   0x00000068   Code   RO          330    i.Systick_Init      systick.o
    0x08000fcc   0x00000064   Code   RO          367    i.TIM3_IRQHandler   time.o
    0x08001030   0x00000058   Code   RO          368    i.TIM3_Int_Init     time.o
    0x08001088   0x00000006   Code   RO         1670    i.TIM_ClearITPendingBit  stm32f37x_tim.o
    0x0800108e   0x00000018   Code   RO         1675    i.TIM_Cmd           stm32f37x_tim.o
    0x080010a6   0x00000022   Code   RO         1696    i.TIM_GetITStatus   stm32f37x_tim.o
    0x080010c8   0x00000012   Code   RO         1700    i.TIM_ITConfig      stm32f37x_tim.o
    0x080010da   0x00000002   PAD
    0x080010dc   0x00000098   Code   RO         1746    i.TIM_TimeBaseInit  stm32f37x_tim.o
    0x08001174   0x00000018   Code   RO          331    i.TimingDelay_Decrement  systick.o
    0x0800118c   0x00000028   Code   RO          251    i.UART_Send         uart.o
    0x080011b4   0x00000016   Code   RO          508    i.USART_Cmd         stm32f37x_usart.o
    0x080011ca   0x00000002   PAD
    0x080011cc   0x0000007c   Code   RO          253    i.USART_Configuration  uart.o
    0x08001248   0x000000cc   Code   RO          520    i.USART_Init        stm32f37x_usart.o
    0x08001314   0x00000004   Code   RO           22    i.UsageFault_Handler  stm32f37x_it.o
    0x08001318   0x0000000e   Code   RO         2670    i.__scatterload_copy  mc_w.l(handlers.o)
    0x08001326   0x00000002   Code   RO         2671    i.__scatterload_null  mc_w.l(handlers.o)
    0x08001328   0x0000000e   Code   RO         2672    i.__scatterload_zeroinit  mc_w.l(handlers.o)
    0x08001336   0x0000000c   Code   RO          302    i.delay             sdadc.o
    0x08001342   0x00000002   PAD
    0x08001344   0x00000040   Code   RO          428    i.getbatteryvalue   adc.o
    0x08001384   0x000000a4   Code   RO          464    i.main              main.o
    0x08001428   0x0000006c   Code   RO          465    i.send_data         main.o
    0x08001494   0x00000020   Data   RO         2668    Region$$Table       anon$$obj.o


    Execution Region RW_IRAM1 (Base: 0x20000000, Size: 0x00000f48, Max: 0x00004000, ABSOLUTE)

    Base Addr    Size         Type   Attr      Idx    E Section Name        Object

    0x20000000   0x00000014   Data   RW           24    .data               stm32f37x_it.o
    0x20000014   0x00000014   Data   RW          216    .data               system_stm32f37x.o
    0x20000028   0x00000004   Data   RW          332    .data               systick.o
    0x2000002c   0x00000009   Data   RW          369    .data               time.o
    0x20000035   0x00000001   PAD
    0x20000036   0x00000003   Data   RW          429    .data               adc.o
    0x20000039   0x00000024   Data   RW         1294    .data               stm32f37x_rcc.o
    0x2000005d   0x00000003   PAD
    0x20000060   0x00000ae8   Zero   RW           23    .bss                stm32f37x_it.o
    0x20000b48   0x00000400   Zero   RW            1    STACK               startup_stm32f37x.o


==============================================================================

Image component sizes


      Code (inc. data)   RO Data    RW Data    ZI Data      Debug   Object Name

       244         20          0          3          0       1516   adc.o
       124          6          0          0          0        695   exit.o
       272         26          0          0          0       1355   main.o
       300         16          0          0          0       1384   sdadc.o
        36          8        392          0       1024        864   startup_stm32f37x.o
       414          6          0          0          0       7976   stm32f37x_adc.o
       200         18          0          0          0       2220   stm32f37x_exti.o
       240          0          0          0          0       3652   stm32f37x_gpio.o
       384         40          0         20       2792     236967   stm32f37x_it.o
       132         22          0          0          0       1679   stm32f37x_misc.o
        32          6          0          0          0        609   stm32f37x_pwr.o
       712         60          0         36          0       6399   stm32f37x_rcc.o
       264         16          0          0          0       8672   stm32f37x_sdadc.o
        64          4          0          0          0        680   stm32f37x_syscfg.o
       234         42          0          0          0       3742   stm32f37x_tim.o
       226          8          0          0          0       2117   stm32f37x_usart.o
       324         26          0         20          0       1929   system_stm32f37x.o
       152         24          0          4          0      28689   systick.o
       188         26          0          9          0       1551   time.o
       164         14          0          0          0       1650   uart.o

    ----------------------------------------------------------------------
      4718        388        424         96       3816     314346   Object Totals
         0          0         32          0          0          0   (incl. Generated)
        12          0          0          4          0          0   (incl. Padding)

    ----------------------------------------------------------------------

      Code (inc. data)   RO Data    RW Data    ZI Data      Debug   Library Member Name

         0          0          0          0          0          0   entry.o
         0          0          0          0          0          0   entry10a.o
         0          0          0          0          0          0   entry11a.o
         8          4          0          0          0          0   entry2.o
         4          0          0          0          0          0   entry5.o
         0          0          0          0          0          0   entry7b.o
         0          0          0          0          0          0   entry8b.o
         8          4          0          0          0          0   entry9a.o
        30          0          0          0          0          0   handlers.o
        36          8          0          0          0         68   init.o
        36          0          0          0          0         68   memcpya.o
        36          0          0          0          0        108   memseta.o

    ----------------------------------------------------------------------
       158         16          0          0          0        244   Library Totals
         0          0          0          0          0          0   (incl. Padding)

    ----------------------------------------------------------------------

      Code (inc. data)   RO Data    RW Data    ZI Data      Debug   Library Name

       158         16          0          0          0        244   mc_w.l

    ----------------------------------------------------------------------
       158         16          0          0          0        244   Library Totals

    ----------------------------------------------------------------------

==============================================================================


      Code (inc. data)   RO Data    RW Data    ZI Data      Debug   

      4876        404        424         96       3816     307542   Grand Totals
      4876        404        424         96       3816     307542   ELF Image Totals
      4876        404        424         96          0          0   ROM Totals

==============================================================================

    Total RO  Size (Code + RO Data)                 5300 (   5.18kB)
    Total RW  Size (RW Data + ZI Data)              3912 (   3.82kB)
    Total ROM Size (Code + RO Data + RW Data)       5396 (   5.27kB)

==============================================================================

